###############################################################################
#
# IAR ELF Linker V3.10.1.201 for STM8                     25/Aug/2019  05:24:32
# Copyright 2010-2017 IAR Systems AB.
#
#    Output file  =  
#        C:\Users\Admin\Desktop\Projects\stm8s\Trapezoid
#        Rule\Debug\Exe\TrapezoidRule.out
#    Map file     =  
#        C:\Users\Admin\Desktop\Projects\stm8s\Trapezoid
#        Rule\Debug\List\TrapezoidRule.map
#    Command line =  
#        -f C:\Users\Admin\AppData\Local\Temp\EWD4AC.tmp
#        ("C:\Users\Admin\Desktop\Projects\stm8s\Trapezoid
#        Rule\Debug\Obj\main.o"
#        "C:\Users\Admin\Desktop\Projects\stm8s\Trapezoid
#        Rule\Debug\Obj\stm8s_adc1.o"
#        "C:\Users\Admin\Desktop\Projects\stm8s\Trapezoid
#        Rule\Debug\Obj\stm8s_awu.o"
#        "C:\Users\Admin\Desktop\Projects\stm8s\Trapezoid
#        Rule\Debug\Obj\stm8s_beep.o"
#        "C:\Users\Admin\Desktop\Projects\stm8s\Trapezoid
#        Rule\Debug\Obj\stm8s_clk.o"
#        "C:\Users\Admin\Desktop\Projects\stm8s\Trapezoid
#        Rule\Debug\Obj\stm8s_exti.o"
#        "C:\Users\Admin\Desktop\Projects\stm8s\Trapezoid
#        Rule\Debug\Obj\stm8s_flash.o"
#        "C:\Users\Admin\Desktop\Projects\stm8s\Trapezoid
#        Rule\Debug\Obj\stm8s_gpio.o"
#        "C:\Users\Admin\Desktop\Projects\stm8s\Trapezoid
#        Rule\Debug\Obj\stm8s_i2c.o"
#        "C:\Users\Admin\Desktop\Projects\stm8s\Trapezoid
#        Rule\Debug\Obj\stm8s_itc.o"
#        "C:\Users\Admin\Desktop\Projects\stm8s\Trapezoid
#        Rule\Debug\Obj\stm8s_iwdg.o"
#        "C:\Users\Admin\Desktop\Projects\stm8s\Trapezoid
#        Rule\Debug\Obj\stm8s_rst.o"
#        "C:\Users\Admin\Desktop\Projects\stm8s\Trapezoid
#        Rule\Debug\Obj\stm8s_spi.o"
#        "C:\Users\Admin\Desktop\Projects\stm8s\Trapezoid
#        Rule\Debug\Obj\stm8s_tim1.o"
#        "C:\Users\Admin\Desktop\Projects\stm8s\Trapezoid
#        Rule\Debug\Obj\stm8s_tim2.o"
#        "C:\Users\Admin\Desktop\Projects\stm8s\Trapezoid
#        Rule\Debug\Obj\stm8s_tim4.o"
#        "C:\Users\Admin\Desktop\Projects\stm8s\Trapezoid
#        Rule\Debug\Obj\stm8s_uart1.o"
#        "C:\Users\Admin\Desktop\Projects\stm8s\Trapezoid
#        Rule\Debug\Obj\stm8s_wwdg.o" --redirect _Printf=_PrintfTiny --redirect
#        _Scanf=_ScanfSmallNoMb -o
#        "C:\Users\Admin\Desktop\Projects\stm8s\Trapezoid
#        Rule\Debug\Exe\TrapezoidRule.out" --map
#        "C:\Users\Admin\Desktop\Projects\stm8s\Trapezoid
#        Rule\Debug\List\TrapezoidRule.map" --config "C:\Program Files
#        (x86)\IAR Systems\Embedded Workbench
#        8.0\stm8\config\lnkstm8s103f3.icf" --config_def _CSTACK_SIZE=0x100
#        --config_def _HEAP_SIZE=0x100 --entry __iar_program_start --debug_lib)
#
###############################################################################

*******************************************************************************
*** RUNTIME MODEL ATTRIBUTES
***

__SystemLibrary            = DLib
__code_model               = small
__core                     = stm8
__data_model               = medium
__dlib_file_descriptor     = 0
__dlib_full_locale_support = 0
__rt_version               = 4


*******************************************************************************
*** PLACEMENT SUMMARY
***

"A0":  place at start of [0x000000-0x0000ff] { rw section .vregs };
"A1":  place at end of [0x000000-0x0003ff] { block CSTACK };
"P2":  place in [from 0x000000 to 0x0003ff] {
          block HEAP, rw section __DLIB_PERTHREAD, rw section .far.bss,
          rw section .far.data, rw section .far.noinit,
          rw section .far_func.textrw, rw section .huge.bss,
          rw section .huge.data, rw section .huge.noinit,
          rw section .huge_func.textrw, rw section .iar.dynexit,
          rw section .near.bss, rw section .near.data, rw section .near.noinit,
          rw section .near_func.textrw };
"A2":  place at start of [0x008000-0x009fff] { block INTVEC };
"P3":  place in [from 0x008000 to 0x009fff] {
          ro section __DLIB_PERTHREAD_init, ro section .far.data_init,
          ro section .far_func.textrw_init, ro section .huge.data_init,
          ro section .huge_func.textrw_init, ro section .iar.init_table,
          ro section .init_array, ro section .near.data_init,
          ro section .near.rodata, ro section .near_func.text,
          ro section .near_func.textrw_init, ro section .tiny.data_init,
          ro section .tiny.rodata_init };
"P4":  place in [from 0x008000 to 0x009fff] {
          ro section .far.rodata, ro section .far_func.text };
"P5":  place in [from 0x008000 to 0x009fff] {
          ro section .huge.rodata, ro section .huge_func.text };
do not initialize {
   rw section .eeprom.noinit, rw section .far.noinit, rw section .huge.noinit,
   rw section .near.noinit, rw section .tiny.noinit, rw section .vregs };

  Section          Kind      Address    Size  Object
  -------          ----      -------    ----  ------
"A0":                                   0x10
  .vregs           uninit   0x000000    0x10  vregs.o [4]
                          - 0x000010    0x10

"P2":                                    0xc
  .near.bss        zero     0x000010     0x4  main.o [1]
  .near.bss        zero     0x000014     0x2  main.o [1]
  .near.bss        zero     0x000016     0x2  main.o [1]
  .near.bss        zero     0x000018     0x2  main.o [1]
  .near.bss        zero     0x00001a     0x2  errno.o [4]
                          - 0x00001c     0xc

"A1":                                  0x100
  CSTACK                    0x000300   0x100  <Block>
    CSTACK         uninit   0x000300   0x100  <Block tail>
                          - 0x000400   0x100

"A2":                                   0x80
  INTVEC                    0x008000    0x80  <Block>
    .intvec        const    0x008000    0x80  interrupt.o [4]
                          - 0x008080    0x80

"P3-P5":                              0x14de
  .near_func.text  ro code  0x008080   0x400  float.o [4]
  .near_func.text  ro code  0x008480   0x222  stm8s_uart1.o [1]
  .near_func.text  ro code  0x0086a2   0x197  xprintftiny.o [4]
  .near_func.text  ro code  0x008839   0x181  float_libsup.o [4]
  .near_func.text  ro code  0x0089ba   0x14f  long.o [4]
  .near_func.text  ro code  0x008b09   0x11a  vreg_util.o [4]
  .near_func.text  ro code  0x008c23   0x110  fmod.o [4]
  .near_func.text  ro code  0x008d33    0xff  xsin.o [4]
  .near_func.text  ro code  0x008e32    0xf1  xquad.o [4]
  .near_func.text  ro code  0x008f23    0xcb  xdint.o [4]
  .near_func.text  ro code  0x008fee    0x9e  stm8s_uart1.o [1]
  .near_func.text  ro code  0x00908c    0x8e  main.o [1]
  .near_func.text  ro code  0x00911a    0x8c  main.o [1]
  .near_func.text  ro code  0x0091a6    0x76  long_util.o [4]
  .near.rodata     const    0x00921c    0x5b  stm8s_uart1.o [1]
  .near.rodata     const    0x009277    0x59  stm8s_clk.o [1]
  .near_func.text  ro code  0x0092d0    0x57  stm8s_clk.o [1]
  .near_func.text  ro code  0x009327    0x3d  stm8s_clk.o [1]
  .near_func.text  ro code  0x009364    0x39  short.o [4]
  .near_func.text  ro code  0x00939d    0x2e  xprintftiny.o [4]
  .near_func.text  ro code  0x0093cb    0x2d  stm8s_uart1.o [1]
  .near_func.text  ro code  0x0093f8    0x2c  main.o [1]
  .near_func.text  ro code  0x009424    0x25  dc_util.o [4]
  .iar.init_table  const    0x009449     0x8  - Linker created -
  .near_func.text  ro code  0x009451    0x1e  init_small.o [4]
  .near_func.text  ro code  0x00946f    0x1d  printf.o [4]
  .near_func.text  ro code  0x00948c    0x1b  xprout.o [4]
  .near_func.text  ro code  0x0094a7    0x19  main.o [1]
  .near_func.text  ro code  0x0094c0    0x14  init.o [4]
  .near_func.text  ro code  0x0094d4    0x14  __dbg_xxexit.o [3]
  .near_func.text  ro code  0x0094e8    0x13  cstartup.o [4]
  .near_func.text  ro code  0x0094fb     0xd  stm8s_uart1.o [1]
  .near_func.text  ro code  0x009508     0xd  strlen.o [4]
  .near.rodata     const    0x009515     0xa  main.o [1]
  .near_func.text  ro code  0x00951f     0x8  fmod.o [4]
  .near_func.text  ro code  0x009527     0x7  xprintftiny.o [4]
  .near_func.text  ro code  0x00952e     0x6  xprintftiny.o [4]
  .near_func.text  ro code  0x009534     0x6  xsin.o [4]
  .near_func.text  ro code  0x00953a     0x5  cexit.o [4]
  .near.rodata     const    0x00953f     0x4  stm8s_clk.o [1]
  .near_func.text  ro code  0x009543     0x4  stm8s_uart1.o [1]
  .near_func.text  ro code  0x009547     0x4  sin.o [4]
  .near_func.text  ro code  0x00954b     0x3  interrupt.o [4]
  .near_func.text  ro code  0x00954e     0x3  low_level_init.o [4]
  .near_func.text  ro code  0x009551     0x3  exit.o [4]
  .near_func.text  ro code  0x009554     0x3  unhandled_exception.o [4]
  .near.rodata     const    0x009557     0x2  xprintftiny.o [4]
  .near.rodata     const    0x009559     0x2  xprintftiny.o [4]
  .near_func.text  ro code  0x00955b     0x2  main.o [1]
  .near_func.text  ro code  0x00955d     0x1  __dbg_break.o [3]
                          - 0x00955e  0x14de


*******************************************************************************
*** INIT TABLE
***

          Address   Size
          -------   ----
Zero (__iar_zero_init2)
    1 destination range, total size 0xc:
          0x000010   0xc



*******************************************************************************
*** MODULE SUMMARY
***

    Module                 ro code  ro data  rw data
    ------                 -------  -------  -------
C:\Users\Admin\Desktop\Projects\stm8s\Trapezoid Rule\Debug\Obj: [1]
    main.o                     353       10       10
    stm8s_clk.o                148       93
    stm8s_uart1.o              766       91
    ------------------------------------------------
    Total:                   1 267      194       10

command line: [2]
    ------------------------------------------------
    Total:

dbgstm8smd.a: [3]
    __dbg_break.o                1
    __dbg_xxexit.o              20
    ------------------------------------------------
    Total:                      21

dlstm8smn.a: [4]
    cexit.o                      5
    cstartup.o                  19
    dc_util.o                   37
    errno.o                                        2
    exit.o                       3
    float.o                  1 024
    float_libsup.o             385
    fmod.o                     280
    init.o                      20
    init_small.o                30
    interrupt.o                  3      128
    long.o                     335
    long_util.o                118
    low_level_init.o             3
    printf.o                    29
    short.o                     57
    sin.o                        4
    strlen.o                    13
    unhandled_exception.o        3
    vreg_util.o                282
    vregs.o                                       16
    xdint.o                    203
    xprintftiny.o              466        4
    xprout.o                    27
    xquad.o                    241
    xsin.o                     261
    ------------------------------------------------
    Total:                   3 848      132       18

    Linker created                        8      256
----------------------------------------------------
    Grand Total:             5 136      334      284


*******************************************************************************
*** ENTRY LIST
***

Entry                    Address   Size  Type      Object
-----                    -------   ----  ----      ------
.iar.init_table$$Base   0x009449          --   Gb  - Linker created -
.iar.init_table$$Limit  0x009451          --   Gb  - Linker created -
?b0                     0x000000         Data  Gb  vregs.o [4]
?b1                     0x000001         Data  Gb  vregs.o [4]
?b10                    0x00000a         Data  Gb  vregs.o [4]
?b11                    0x00000b         Data  Gb  vregs.o [4]
?b12                    0x00000c         Data  Gb  vregs.o [4]
?b13                    0x00000d         Data  Gb  vregs.o [4]
?b14                    0x00000e         Data  Gb  vregs.o [4]
?b15                    0x00000f         Data  Gb  vregs.o [4]
?b2                     0x000002         Data  Gb  vregs.o [4]
?b3                     0x000003         Data  Gb  vregs.o [4]
?b4                     0x000004         Data  Gb  vregs.o [4]
?b5                     0x000005         Data  Gb  vregs.o [4]
?b6                     0x000006         Data  Gb  vregs.o [4]
?b7                     0x000007         Data  Gb  vregs.o [4]
?b8                     0x000008         Data  Gb  vregs.o [4]
?b9                     0x000009         Data  Gb  vregs.o [4]
?dc32_l0                0x009424         Code  Gb  dc_util.o [4]
?dc32_l1                0x009431         Code  Gb  dc_util.o [4]
?dc32_px                0x00943e         Code  Gb  dc_util.o [4]
?dec32_0x_0x            0x0089bf         Code  Gb  long.o [4]
?dec32_l0_l0            0x0089ba         Code  Gb  long.o [4]
?e0                     0x000001         Data  Gb  vregs.o [4]
?e1                     0x000005         Data  Gb  vregs.o [4]
?e2                     0x000009         Data  Gb  vregs.o [4]
?e3                     0x00000d         Data  Gb  vregs.o [4]
?epilogue_l2            0x008b97         Code  Gb  vreg_util.o [4]
?epilogue_l2_l3         0x008b94         Code  Gb  vreg_util.o [4]
?epilogue_w4            0x008b9b         Code  Gb  vreg_util.o [4]
?fadd32_l0_l0_dc32      0x0080a3         Code  Gb  float.o [4]
?fadd32_l0_l0_l1        0x0080a8         Code  Gb  float.o [4]
?fcastf32s16_l0_x       0x00833b         Code  Gb  float.o [4]
?fcasts16f32_x_l0       0x00835e         Code  Gb  float.o [4]
?fcmpeq32_c_0x_fzero    0x0082cc         Code  Gb  float.o [4]
?fcmpeq32_c_l0_fzero    0x0082c9         Code  Gb  float.o [4]
?fcmpge32_c_l0_0x       0x0082dc         Code  Gb  float.o [4]
?fcmpge32_c_l0_dc32     0x0082d4         Code  Gb  float.o [4]
?fcmpge32_c_l0_l1       0x0082d9         Code  Gb  float.o [4]
?fcmplt32_c_l0_0x       0x0082e5         Code  Gb  float.o [4]
?fcmplt32_c_l0_dc32     0x0082e0         Code  Gb  float.o [4]
?fdiv32_l0_l0_dc32      0x008216         Code  Gb  float.o [4]
?fdiv32_l0_l0_l1        0x00821b         Code  Gb  float.o [4]
?fmul32_l0_l0_dc32      0x008176         Code  Gb  float.o [4]
?fmul32_l0_l0_l1        0x00817b         Code  Gb  float.o [4]
?fsub32_l0_l0_l1        0x00809d         Code  Gb  float.o [4]
?l0                     0x000000         Data  Gb  vregs.o [4]
?l1                     0x000004         Data  Gb  vregs.o [4]
?l2                     0x000008         Data  Gb  vregs.o [4]
?l3                     0x00000c         Data  Gb  vregs.o [4]
?load32_0x_l0           0x0091ef         Code  Gb  long_util.o [4]
?load32_0x_l2           0x00920e         Code  Gb  long_util.o [4]
?load32_asp_l0          0x0091e3         Code  Gb  long_util.o [4]
?load32_asp_l2          0x009202         Code  Gb  long_util.o [4]
?load32_dbsp_l0         0x0091de         Code  Gb  long_util.o [4]
?load32_dbsp_l2         0x0091fd         Code  Gb  long_util.o [4]
?load32_l0_0x           0x0091b6         Code  Gb  long_util.o [4]
?load32_l0_asp          0x0091ab         Code  Gb  long_util.o [4]
?load32_l0_dbsp         0x0091a6         Code  Gb  long_util.o [4]
?load32_l0_xsp          0x0091ad         Code  Gb  long_util.o [4]
?load32_l1_0x           0x0091d2         Code  Gb  long_util.o [4]
?load32_l1_asp          0x0091c7         Code  Gb  long_util.o [4]
?load32_l1_dbsp         0x0091c2         Code  Gb  long_util.o [4]
?load32_l1_xsp          0x0091c9         Code  Gb  long_util.o [4]
?load32_xsp_l0          0x0091e5         Code  Gb  long_util.o [4]
?load32_xsp_l2          0x009204         Code  Gb  long_util.o [4]
?mov_e0_e1              0x008bbe         Code  Gb  vreg_util.o [4]
?mov_e0_e2              0x008bcb         Code  Gb  vreg_util.o [4]
?mov_e0_e3              0x008bd8         Code  Gb  vreg_util.o [4]
?mov_e1_e0              0x008be5         Code  Gb  vreg_util.o [4]
?mov_e1_e2              0x008bf2         Code  Gb  vreg_util.o [4]
?mov_e1_e3              0x008bff         Code  Gb  vreg_util.o [4]
?mov_e2_e0              0x008c0c         Code  Gb  vreg_util.o [4]
?mov_e3_e0              0x008c19         Code  Gb  vreg_util.o [4]
?mov_l0_l1              0x008bbb         Code  Gb  vreg_util.o [4]
?mov_l0_l2              0x008bc8         Code  Gb  vreg_util.o [4]
?mov_l0_l3              0x008bd5         Code  Gb  vreg_util.o [4]
?mov_l1_l0              0x008be2         Code  Gb  vreg_util.o [4]
?mov_l1_l2              0x008bef         Code  Gb  vreg_util.o [4]
?mov_l1_l3              0x008bfc         Code  Gb  vreg_util.o [4]
?mov_l2_l0              0x008c09         Code  Gb  vreg_util.o [4]
?mov_l3_l0              0x008c16         Code  Gb  vreg_util.o [4]
?mov_w0_w5              0x008b9f         Code  Gb  vreg_util.o [4]
?mov_w1_w3              0x008bc1         Code  Gb  vreg_util.o [4]
?mov_w1_w5              0x008bce         Code  Gb  vreg_util.o [4]
?mov_w1_w7              0x008bdb         Code  Gb  vreg_util.o [4]
?mov_w2_w5              0x008ba6         Code  Gb  vreg_util.o [4]
?mov_w3_w1              0x008be8         Code  Gb  vreg_util.o [4]
?mov_w3_w5              0x008bf5         Code  Gb  vreg_util.o [4]
?mov_w3_w7              0x008c02         Code  Gb  vreg_util.o [4]
?mov_w4_w1              0x008bad         Code  Gb  vreg_util.o [4]
?mov_w5_w0              0x008bb4         Code  Gb  vreg_util.o [4]
?mov_w5_w1              0x008c0f         Code  Gb  vreg_util.o [4]
?mov_w7_w1              0x008c1c         Code  Gb  vreg_util.o [4]
?mul32_l0_l0_0x         0x0089f1         Code  Gb  long.o [4]
?mul32_l0_l0_dl         0x0089ee         Code  Gb  long.o [4]
?mul32_l0_l0_l1         0x0089fa         Code  Gb  long.o [4]
?pop_l1                 0x008b6b         Code  Gb  vreg_util.o [4]
?pop_l2                 0x008b76         Code  Gb  vreg_util.o [4]
?pop_l3                 0x008b81         Code  Gb  vreg_util.o [4]
?pop_w4                 0x008b2b         Code  Gb  vreg_util.o [4]
?push_l0                0x008b3a         Code  Gb  vreg_util.o [4]
?push_l1                0x008b3f         Code  Gb  vreg_util.o [4]
?push_l2                0x008b44         Code  Gb  vreg_util.o [4]
?push_l3                0x008b49         Code  Gb  vreg_util.o [4]
?push_w0                0x008b09         Code  Gb  vreg_util.o [4]
?push_w1                0x008b0e         Code  Gb  vreg_util.o [4]
?push_w4                0x008b13         Code  Gb  vreg_util.o [4]
?sdiv16_x_x_y           0x009364         Code  Gb  short.o [4]
?sext32_l0_x            0x008afe         Code  Gb  long.o [4]
?sll16_x_x_a            0x00938d         Code  Gb  short.o [4]
?sll32_0x_0x_a          0x008af0         Code  Gb  long.o [4]
?sll32_l0_l0_a          0x008aed         Code  Gb  long.o [4]
?smod16_y_x_y           0x00937d         Code  Gb  short.o [4]
?srl16_x_x_4            0x009398         Code  Gb  short.o [4]
?srl16_x_x_5            0x009397         Code  Gb  short.o [4]
?srl16_x_x_6            0x009396         Code  Gb  short.o [4]
?srl16_x_x_7            0x009395         Code  Gb  short.o [4]
?sub32_l0_l0_0x         0x0089d6         Code  Gb  long.o [4]
?sub32_l0_l0_l1         0x0089d3         Code  Gb  long.o [4]
?udiv32_l0_dl_l1        0x008a78         Code  Gb  long.o [4]
?udiv32_l0_l0_dl        0x008a7d         Code  Gb  long.o [4]
?udiv32_l0_l0_l1        0x008a80         Code  Gb  long.o [4]
?umod32_l1_l0_l1        0x008a80         Code  Gb  long.o [4]
?w0                     0x000000         Data  Gb  vregs.o [4]
?w1                     0x000002         Data  Gb  vregs.o [4]
?w2                     0x000004         Data  Gb  vregs.o [4]
?w3                     0x000006         Data  Gb  vregs.o [4]
?w4                     0x000008         Data  Gb  vregs.o [4]
?w5                     0x00000a         Data  Gb  vregs.o [4]
?w6                     0x00000c         Data  Gb  vregs.o [4]
?w7                     0x00000e         Data  Gb  vregs.o [4]
CLK_GetClockFreq        0x0092d0   0x57  Code  Gb  stm8s_clk.o [1]
CLK_HSIPrescalerConfig  0x009327   0x3d  Code  Gb  stm8s_clk.o [1]
CSTACK$$Base            0x000300          --   Gb  - Linker created -
CSTACK$$Limit           0x000400          --   Gb  - Linker created -
Denominator             0x000016    0x2  Data  Gb  main.o [1]
HSIDivFactor            0x00953f    0x4  Data  Gb  stm8s_clk.o [1]
INTVEC$$Base            0x008000          --   Gb  - Linker created -
INTVEC$$Limit           0x008080          --   Gb  - Linker created -
Numerator               0x000014    0x2  Data  Gb  main.o [1]
R                       0x000018    0x2  Data  Gb  main.o [1]
Region$$Table$$Base     0x009449          --   Gb  - Linker created -
Region$$Table$$Limit    0x009451          --   Gb  - Linker created -
UART1_Cmd               0x0094fb    0xd  Code  Gb  stm8s_uart1.o [1]
UART1_DeInit            0x0093cb   0x2d  Code  Gb  stm8s_uart1.o [1]
UART1_GetFlagStatus     0x008fee   0x9e  Code  Gb  stm8s_uart1.o [1]
UART1_Init              0x008480  0x222  Code  Gb  stm8s_uart1.o [1]
UART1_SendData8         0x009543    0x4  Code  Gb  stm8s_uart1.o [1]
UseRectangleRule        0x00911a   0x8c  Code  Gb  main.o [1]
_PrintfTiny             0x0086a2  0x197  Code  Gb  xprintftiny.o [4]
_Prout                  0x00948c   0x1b  Code  Gb  xprout.o [4]
__DebugBreak            0x00955d    0x1  Code  Gb  __dbg_break.o [3]
__exit                  0x0094d4   0x14  Code  Gb  __dbg_xxexit.o [3]
__iar_Dint              0x008f23   0xcb  Code  Gb  xdint.o [4]
__iar_Dnorm             0x008859         Code  Gb  float_libsup.o [4]
__iar_Dscale            0x0088e7         Code  Gb  float_libsup.o [4]
__iar_Dtest             0x008839         Code  Gb  float_libsup.o [4]
__iar_Dunscale          0x008895         Code  Gb  float_libsup.o [4]
__iar_Errno             0x00001a    0x2  Data  Gb  errno.o [4]
__iar_Quad              0x008e32   0xf1  Code  Gb  xquad.o [4]
__iar_Sin               0x008d33   0xff  Code  Gb  xsin.o [4]
__iar_data_init2        0x0094c0   0x14  Code  Gb  init.o [4]
__iar_program_start     0x0094e8         Code  Gb  cstartup.o [4]
__iar_unhandled_exception
                        0x009554         Code  Gb  unhandled_exception.o [4]
__iar_zero_init2        0x009451         Code  Gb  init_small.o [4]
__intvec                0x008000         Data  Gb  interrupt.o [4]
__low_level_init        0x00954e    0x3  Code  Gb  low_level_init.o [4]
_exit                   0x00953a         Code  Gb  cexit.o [4]
assert_failed           0x00955b    0x2  Code  Gb  main.o [1]
exit                    0x009551    0x3  Code  Gb  exit.o [4]
f                       0x0093f8   0x2c  Code  Gb  main.o [1]
fmod                    0x008c23  0x110  Code  Gb  fmod.o [4]
main                    0x00908c   0x8e  Code  Gb  main.o [1]
out                     0x00939d   0x2e  Code  Lc  xprintftiny.o [4]
printf                  0x00946f   0x1d  Code  Gb  printf.o [4]
putchar                 0x0094a7   0x19  Code  Gb  main.o [1]
sin                     0x009547    0x4  Code  Gb  sin.o [4]
strlen                  0x009508    0xd  Code  Gb  strlen.o [4]
y                       0x000010    0x4  Data  Gb  main.o [1]


[1] = C:\Users\Admin\Desktop\Projects\stm8s\Trapezoid Rule\Debug\Obj
[2] = command line
[3] = dbgstm8smd.a
[4] = dlstm8smn.a

  5 136 bytes of readonly  code memory
    334 bytes of readonly  data memory
    284 bytes of readwrite data memory

Errors: none
Warnings: none
