###############################################################################
#
# IAR ELF Linker V3.10.1.201 for STM8                     25/Aug/2019  05:48:33
# Copyright 2010-2017 IAR Systems AB.
#
#    Output file  =  
#        C:\Users\Admin\Desktop\Projects\stm8s\Adaptive Midpoint
#        Integration\Debug\Exe\AdaptiveMidpointIntegration.out
#    Map file     =  
#        C:\Users\Admin\Desktop\Projects\stm8s\Adaptive Midpoint
#        Integration\Debug\List\AdaptiveMidpointIntegration.map
#    Command line =  
#        -f C:\Users\Admin\AppData\Local\Temp\EWD2D6.tmp
#        ("C:\Users\Admin\Desktop\Projects\stm8s\Adaptive Midpoint
#        Integration\Debug\Obj\main.o"
#        "C:\Users\Admin\Desktop\Projects\stm8s\Adaptive Midpoint
#        Integration\Debug\Obj\stm8s_adc1.o"
#        "C:\Users\Admin\Desktop\Projects\stm8s\Adaptive Midpoint
#        Integration\Debug\Obj\stm8s_awu.o"
#        "C:\Users\Admin\Desktop\Projects\stm8s\Adaptive Midpoint
#        Integration\Debug\Obj\stm8s_beep.o"
#        "C:\Users\Admin\Desktop\Projects\stm8s\Adaptive Midpoint
#        Integration\Debug\Obj\stm8s_clk.o"
#        "C:\Users\Admin\Desktop\Projects\stm8s\Adaptive Midpoint
#        Integration\Debug\Obj\stm8s_exti.o"
#        "C:\Users\Admin\Desktop\Projects\stm8s\Adaptive Midpoint
#        Integration\Debug\Obj\stm8s_flash.o"
#        "C:\Users\Admin\Desktop\Projects\stm8s\Adaptive Midpoint
#        Integration\Debug\Obj\stm8s_gpio.o"
#        "C:\Users\Admin\Desktop\Projects\stm8s\Adaptive Midpoint
#        Integration\Debug\Obj\stm8s_i2c.o"
#        "C:\Users\Admin\Desktop\Projects\stm8s\Adaptive Midpoint
#        Integration\Debug\Obj\stm8s_itc.o"
#        "C:\Users\Admin\Desktop\Projects\stm8s\Adaptive Midpoint
#        Integration\Debug\Obj\stm8s_iwdg.o"
#        "C:\Users\Admin\Desktop\Projects\stm8s\Adaptive Midpoint
#        Integration\Debug\Obj\stm8s_rst.o"
#        "C:\Users\Admin\Desktop\Projects\stm8s\Adaptive Midpoint
#        Integration\Debug\Obj\stm8s_spi.o"
#        "C:\Users\Admin\Desktop\Projects\stm8s\Adaptive Midpoint
#        Integration\Debug\Obj\stm8s_tim1.o"
#        "C:\Users\Admin\Desktop\Projects\stm8s\Adaptive Midpoint
#        Integration\Debug\Obj\stm8s_tim2.o"
#        "C:\Users\Admin\Desktop\Projects\stm8s\Adaptive Midpoint
#        Integration\Debug\Obj\stm8s_tim4.o"
#        "C:\Users\Admin\Desktop\Projects\stm8s\Adaptive Midpoint
#        Integration\Debug\Obj\stm8s_uart1.o"
#        "C:\Users\Admin\Desktop\Projects\stm8s\Adaptive Midpoint
#        Integration\Debug\Obj\stm8s_wwdg.o" --redirect _Printf=_PrintfTiny
#        --redirect _Scanf=_ScanfSmallNoMb -o
#        "C:\Users\Admin\Desktop\Projects\stm8s\Adaptive Midpoint
#        Integration\Debug\Exe\AdaptiveMidpointIntegration.out" --map
#        "C:\Users\Admin\Desktop\Projects\stm8s\Adaptive Midpoint
#        Integration\Debug\List\AdaptiveMidpointIntegration.map" --config
#        "C:\Program Files (x86)\IAR Systems\Embedded Workbench
#        8.0\stm8\config\lnkstm8s103f3.icf" --config_def _CSTACK_SIZE=0x100
#        --config_def _HEAP_SIZE=0x100 --entry __iar_program_start --debug_lib)
#
###############################################################################

*******************************************************************************
*** RUNTIME MODEL ATTRIBUTES
***

__SystemLibrary            = DLib
__code_model               = small
__core                     = stm8
__data_model               = medium
__dlib_file_descriptor     = 0
__dlib_full_locale_support = 0
__rt_version               = 4


*******************************************************************************
*** PLACEMENT SUMMARY
***

"A0":  place at start of [0x000000-0x0000ff] { rw section .vregs };
"A1":  place at end of [0x000000-0x0003ff] { block CSTACK };
"P2":  place in [from 0x000000 to 0x0003ff] {
          block HEAP, rw section __DLIB_PERTHREAD, rw section .far.bss,
          rw section .far.data, rw section .far.noinit,
          rw section .far_func.textrw, rw section .huge.bss,
          rw section .huge.data, rw section .huge.noinit,
          rw section .huge_func.textrw, rw section .iar.dynexit,
          rw section .near.bss, rw section .near.data, rw section .near.noinit,
          rw section .near_func.textrw };
"A2":  place at start of [0x008000-0x009fff] { block INTVEC };
"P3":  place in [from 0x008000 to 0x009fff] {
          ro section __DLIB_PERTHREAD_init, ro section .far.data_init,
          ro section .far_func.textrw_init, ro section .huge.data_init,
          ro section .huge_func.textrw_init, ro section .iar.init_table,
          ro section .init_array, ro section .near.data_init,
          ro section .near.rodata, ro section .near_func.text,
          ro section .near_func.textrw_init, ro section .tiny.data_init,
          ro section .tiny.rodata_init };
"P4":  place in [from 0x008000 to 0x009fff] {
          ro section .far.rodata, ro section .far_func.text };
"P5":  place in [from 0x008000 to 0x009fff] {
          ro section .huge.rodata, ro section .huge_func.text };
do not initialize {
   rw section .eeprom.noinit, rw section .far.noinit, rw section .huge.noinit,
   rw section .near.noinit, rw section .tiny.noinit, rw section .vregs };

  Section          Kind      Address    Size  Object
  -------          ----      -------    ----  ------
"A0":                                   0x10
  .vregs           uninit   0x000000    0x10  vregs.o [4]
                          - 0x000010    0x10

"P2":                                    0xc
  .near.bss        zero     0x000010     0x4  main.o [1]
  .near.bss        zero     0x000014     0x2  main.o [1]
  .near.bss        zero     0x000016     0x2  main.o [1]
  .near.bss        zero     0x000018     0x2  main.o [1]
  .near.bss        zero     0x00001a     0x2  errno.o [4]
                          - 0x00001c     0xc

"A1":                                  0x100
  CSTACK                    0x000300   0x100  <Block>
    CSTACK         uninit   0x000300   0x100  <Block tail>
                          - 0x000400   0x100

"A2":                                   0x80
  INTVEC                    0x008000    0x80  <Block>
    .intvec        const    0x008000    0x80  interrupt.o [4]
                          - 0x008080    0x80

"P3-P5":                              0x1642
  .near_func.text  ro code  0x008080   0x403  float.o [4]
  .near_func.text  ro code  0x008483   0x222  stm8s_uart1.o [1]
  .near_func.text  ro code  0x0086a5   0x197  xprintftiny.o [4]
  .near_func.text  ro code  0x00883c   0x181  float_libsup.o [4]
  .near_func.text  ro code  0x0089bd   0x14f  long.o [4]
  .near_func.text  ro code  0x008b0c   0x11c  main.o [1]
  .near_func.text  ro code  0x008c28   0x11a  vreg_util.o [4]
  .near_func.text  ro code  0x008d42   0x110  fmod.o [4]
  .near_func.text  ro code  0x008e52    0xff  xsin.o [4]
  .near_func.text  ro code  0x008f51    0xf1  xquad.o [4]
  .near_func.text  ro code  0x009042    0xcb  xdint.o [4]
  .near_func.text  ro code  0x00910d    0x9e  stm8s_uart1.o [1]
  .near_func.text  ro code  0x0091ab    0x98  main.o [1]
  .near_func.text  ro code  0x009243    0x92  long_util.o [4]
  .near_func.text  ro code  0x0092d5    0x82  main.o [1]
  .near.rodata     const    0x009357    0x6a  stm8s_uart1.o [1]
  .near.rodata     const    0x0093c1    0x68  stm8s_clk.o [1]
  .near_func.text  ro code  0x009429    0x57  stm8s_clk.o [1]
  .near_func.text  ro code  0x009480    0x3d  stm8s_clk.o [1]
  .near_func.text  ro code  0x0094bd    0x39  short.o [4]
  .near_func.text  ro code  0x0094f6    0x2e  xprintftiny.o [4]
  .near_func.text  ro code  0x009524    0x2d  stm8s_uart1.o [1]
  .near_func.text  ro code  0x009551    0x2c  main.o [1]
  .near_func.text  ro code  0x00957d    0x25  dc_util.o [4]
  .iar.init_table  const    0x0095a2     0x8  - Linker created -
  .near_func.text  ro code  0x0095aa    0x1e  init_small.o [4]
  .near_func.text  ro code  0x0095c8    0x1d  printf.o [4]
  .near_func.text  ro code  0x0095e5    0x1b  xprout.o [4]
  .near_func.text  ro code  0x009600    0x19  main.o [1]
  .near_func.text  ro code  0x009619    0x14  init.o [4]
  .near_func.text  ro code  0x00962d    0x14  __dbg_xxexit.o [3]
  .near_func.text  ro code  0x009641    0x13  cstartup.o [4]
  .near_func.text  ro code  0x009654     0xd  stm8s_uart1.o [1]
  .near_func.text  ro code  0x009661     0xd  strlen.o [4]
  .near_func.text  ro code  0x00966e     0xb  abs.o [4]
  .near.rodata     const    0x009679     0xa  main.o [1]
  .near_func.text  ro code  0x009683     0x8  fmod.o [4]
  .near_func.text  ro code  0x00968b     0x7  xprintftiny.o [4]
  .near_func.text  ro code  0x009692     0x6  xprintftiny.o [4]
  .near_func.text  ro code  0x009698     0x6  xsin.o [4]
  .near_func.text  ro code  0x00969e     0x5  cexit.o [4]
  .near.rodata     const    0x0096a3     0x4  stm8s_clk.o [1]
  .near_func.text  ro code  0x0096a7     0x4  stm8s_uart1.o [1]
  .near_func.text  ro code  0x0096ab     0x4  sin.o [4]
  .near_func.text  ro code  0x0096af     0x3  interrupt.o [4]
  .near_func.text  ro code  0x0096b2     0x3  low_level_init.o [4]
  .near_func.text  ro code  0x0096b5     0x3  exit.o [4]
  .near_func.text  ro code  0x0096b8     0x3  unhandled_exception.o [4]
  .near.rodata     const    0x0096bb     0x2  xprintftiny.o [4]
  .near.rodata     const    0x0096bd     0x2  xprintftiny.o [4]
  .near_func.text  ro code  0x0096bf     0x2  main.o [1]
  .near_func.text  ro code  0x0096c1     0x1  __dbg_break.o [3]
                          - 0x0096c2  0x1642


*******************************************************************************
*** INIT TABLE
***

          Address   Size
          -------   ----
Zero (__iar_zero_init2)
    1 destination range, total size 0xc:
          0x000010   0xc



*******************************************************************************
*** MODULE SUMMARY
***

    Module                 ro code  ro data  rw data
    ------                 -------  -------  -------
C:\Users\Admin\Desktop\Projects\stm8s\Adaptive Midpoint Integration\Debug\Obj: [1]
    main.o                     637       10       10
    stm8s_clk.o                148      108
    stm8s_uart1.o              766      106
    ------------------------------------------------
    Total:                   1 551      224       10

command line: [2]
    ------------------------------------------------
    Total:

dbgstm8smd.a: [3]
    __dbg_break.o                1
    __dbg_xxexit.o              20
    ------------------------------------------------
    Total:                      21

dlstm8smn.a: [4]
    abs.o                       11
    cexit.o                      5
    cstartup.o                  19
    dc_util.o                   37
    errno.o                                        2
    exit.o                       3
    float.o                  1 027
    float_libsup.o             385
    fmod.o                     280
    init.o                      20
    init_small.o                30
    interrupt.o                  3      128
    long.o                     335
    long_util.o                146
    low_level_init.o             3
    printf.o                    29
    short.o                     57
    sin.o                        4
    strlen.o                    13
    unhandled_exception.o        3
    vreg_util.o                282
    vregs.o                                       16
    xdint.o                    203
    xprintftiny.o              466        4
    xprout.o                    27
    xquad.o                    241
    xsin.o                     261
    ------------------------------------------------
    Total:                   3 890      132       18

    Linker created                        8      256
----------------------------------------------------
    Grand Total:             5 462      364      284


*******************************************************************************
*** ENTRY LIST
***

Entry                    Address   Size  Type      Object
-----                    -------   ----  ----      ------
.iar.init_table$$Base   0x0095a2          --   Gb  - Linker created -
.iar.init_table$$Limit  0x0095aa          --   Gb  - Linker created -
?b0                     0x000000         Data  Gb  vregs.o [4]
?b1                     0x000001         Data  Gb  vregs.o [4]
?b10                    0x00000a         Data  Gb  vregs.o [4]
?b11                    0x00000b         Data  Gb  vregs.o [4]
?b12                    0x00000c         Data  Gb  vregs.o [4]
?b13                    0x00000d         Data  Gb  vregs.o [4]
?b14                    0x00000e         Data  Gb  vregs.o [4]
?b15                    0x00000f         Data  Gb  vregs.o [4]
?b2                     0x000002         Data  Gb  vregs.o [4]
?b3                     0x000003         Data  Gb  vregs.o [4]
?b4                     0x000004         Data  Gb  vregs.o [4]
?b5                     0x000005         Data  Gb  vregs.o [4]
?b6                     0x000006         Data  Gb  vregs.o [4]
?b7                     0x000007         Data  Gb  vregs.o [4]
?b8                     0x000008         Data  Gb  vregs.o [4]
?b9                     0x000009         Data  Gb  vregs.o [4]
?dc32_l0                0x00957d         Code  Gb  dc_util.o [4]
?dc32_l1                0x00958a         Code  Gb  dc_util.o [4]
?dc32_px                0x009597         Code  Gb  dc_util.o [4]
?dec32_0x_0x            0x0089c2         Code  Gb  long.o [4]
?dec32_l0_l0            0x0089bd         Code  Gb  long.o [4]
?e0                     0x000001         Data  Gb  vregs.o [4]
?e1                     0x000005         Data  Gb  vregs.o [4]
?e2                     0x000009         Data  Gb  vregs.o [4]
?e3                     0x00000d         Data  Gb  vregs.o [4]
?epilogue_l2            0x008cb6         Code  Gb  vreg_util.o [4]
?epilogue_l2_l3         0x008cb3         Code  Gb  vreg_util.o [4]
?epilogue_w4            0x008cba         Code  Gb  vreg_util.o [4]
?fadd32_l0_l0_dc32      0x0080a3         Code  Gb  float.o [4]
?fadd32_l0_l0_l1        0x0080a8         Code  Gb  float.o [4]
?fcastf32s16_l0_x       0x00833e         Code  Gb  float.o [4]
?fcasts16f32_x_l0       0x008361         Code  Gb  float.o [4]
?fcmpeq32_c_0x_fzero    0x0082cc         Code  Gb  float.o [4]
?fcmpeq32_c_l0_fzero    0x0082c9         Code  Gb  float.o [4]
?fcmpge32_c_l0_0x       0x0082dc         Code  Gb  float.o [4]
?fcmpge32_c_l0_dc32     0x0082d4         Code  Gb  float.o [4]
?fcmpge32_c_l0_l1       0x0082d9         Code  Gb  float.o [4]
?fcmplt32_c_l0_0x       0x0082e8         Code  Gb  float.o [4]
?fcmplt32_c_l0_dc32     0x0082e0         Code  Gb  float.o [4]
?fcmplt32_c_l0_l1       0x0082e5         Code  Gb  float.o [4]
?fdiv32_l0_l0_dc32      0x008216         Code  Gb  float.o [4]
?fdiv32_l0_l0_l1        0x00821b         Code  Gb  float.o [4]
?fmul32_l0_l0_dc32      0x008176         Code  Gb  float.o [4]
?fmul32_l0_l0_l1        0x00817b         Code  Gb  float.o [4]
?fsub32_l0_l0_l1        0x00809d         Code  Gb  float.o [4]
?l0                     0x000000         Data  Gb  vregs.o [4]
?l1                     0x000004         Data  Gb  vregs.o [4]
?l2                     0x000008         Data  Gb  vregs.o [4]
?l3                     0x00000c         Data  Gb  vregs.o [4]
?load32_0x_l0           0x0092a8         Code  Gb  long_util.o [4]
?load32_0x_l2           0x0092c7         Code  Gb  long_util.o [4]
?load32_asp_l0          0x00929c         Code  Gb  long_util.o [4]
?load32_asp_l2          0x0092bb         Code  Gb  long_util.o [4]
?load32_dbsp_l0         0x009297         Code  Gb  long_util.o [4]
?load32_dbsp_l2         0x0092b6         Code  Gb  long_util.o [4]
?load32_l0_0x           0x009253         Code  Gb  long_util.o [4]
?load32_l0_asp          0x009248         Code  Gb  long_util.o [4]
?load32_l0_dbsp         0x009243         Code  Gb  long_util.o [4]
?load32_l0_xsp          0x00924a         Code  Gb  long_util.o [4]
?load32_l1_0x           0x00926f         Code  Gb  long_util.o [4]
?load32_l1_asp          0x009264         Code  Gb  long_util.o [4]
?load32_l1_dbsp         0x00925f         Code  Gb  long_util.o [4]
?load32_l1_xsp          0x009266         Code  Gb  long_util.o [4]
?load32_l2_0x           0x00928b         Code  Gb  long_util.o [4]
?load32_l2_asp          0x009280         Code  Gb  long_util.o [4]
?load32_l2_dbsp         0x00927b         Code  Gb  long_util.o [4]
?load32_l2_xsp          0x009282         Code  Gb  long_util.o [4]
?load32_xsp_l0          0x00929e         Code  Gb  long_util.o [4]
?load32_xsp_l2          0x0092bd         Code  Gb  long_util.o [4]
?mov_e0_e1              0x008cdd         Code  Gb  vreg_util.o [4]
?mov_e0_e2              0x008cea         Code  Gb  vreg_util.o [4]
?mov_e0_e3              0x008cf7         Code  Gb  vreg_util.o [4]
?mov_e1_e0              0x008d04         Code  Gb  vreg_util.o [4]
?mov_e1_e2              0x008d11         Code  Gb  vreg_util.o [4]
?mov_e1_e3              0x008d1e         Code  Gb  vreg_util.o [4]
?mov_e2_e0              0x008d2b         Code  Gb  vreg_util.o [4]
?mov_e3_e0              0x008d38         Code  Gb  vreg_util.o [4]
?mov_l0_l1              0x008cda         Code  Gb  vreg_util.o [4]
?mov_l0_l2              0x008ce7         Code  Gb  vreg_util.o [4]
?mov_l0_l3              0x008cf4         Code  Gb  vreg_util.o [4]
?mov_l1_l0              0x008d01         Code  Gb  vreg_util.o [4]
?mov_l1_l2              0x008d0e         Code  Gb  vreg_util.o [4]
?mov_l1_l3              0x008d1b         Code  Gb  vreg_util.o [4]
?mov_l2_l0              0x008d28         Code  Gb  vreg_util.o [4]
?mov_l3_l0              0x008d35         Code  Gb  vreg_util.o [4]
?mov_w0_w5              0x008cbe         Code  Gb  vreg_util.o [4]
?mov_w1_w3              0x008ce0         Code  Gb  vreg_util.o [4]
?mov_w1_w5              0x008ced         Code  Gb  vreg_util.o [4]
?mov_w1_w7              0x008cfa         Code  Gb  vreg_util.o [4]
?mov_w2_w5              0x008cc5         Code  Gb  vreg_util.o [4]
?mov_w3_w1              0x008d07         Code  Gb  vreg_util.o [4]
?mov_w3_w5              0x008d14         Code  Gb  vreg_util.o [4]
?mov_w3_w7              0x008d21         Code  Gb  vreg_util.o [4]
?mov_w4_w1              0x008ccc         Code  Gb  vreg_util.o [4]
?mov_w5_w0              0x008cd3         Code  Gb  vreg_util.o [4]
?mov_w5_w1              0x008d2e         Code  Gb  vreg_util.o [4]
?mov_w7_w1              0x008d3b         Code  Gb  vreg_util.o [4]
?mul32_l0_l0_0x         0x0089f4         Code  Gb  long.o [4]
?mul32_l0_l0_dl         0x0089f1         Code  Gb  long.o [4]
?mul32_l0_l0_l1         0x0089fd         Code  Gb  long.o [4]
?pop_l1                 0x008c8a         Code  Gb  vreg_util.o [4]
?pop_l2                 0x008c95         Code  Gb  vreg_util.o [4]
?pop_l3                 0x008ca0         Code  Gb  vreg_util.o [4]
?pop_w4                 0x008c4a         Code  Gb  vreg_util.o [4]
?push_l0                0x008c59         Code  Gb  vreg_util.o [4]
?push_l1                0x008c5e         Code  Gb  vreg_util.o [4]
?push_l2                0x008c63         Code  Gb  vreg_util.o [4]
?push_l3                0x008c68         Code  Gb  vreg_util.o [4]
?push_w0                0x008c28         Code  Gb  vreg_util.o [4]
?push_w1                0x008c2d         Code  Gb  vreg_util.o [4]
?push_w4                0x008c32         Code  Gb  vreg_util.o [4]
?sdiv16_x_x_y           0x0094bd         Code  Gb  short.o [4]
?sext32_l0_x            0x008b01         Code  Gb  long.o [4]
?sll16_x_x_a            0x0094e6         Code  Gb  short.o [4]
?sll32_0x_0x_a          0x008af3         Code  Gb  long.o [4]
?sll32_l0_l0_a          0x008af0         Code  Gb  long.o [4]
?smod16_y_x_y           0x0094d6         Code  Gb  short.o [4]
?srl16_x_x_4            0x0094f1         Code  Gb  short.o [4]
?srl16_x_x_5            0x0094f0         Code  Gb  short.o [4]
?srl16_x_x_6            0x0094ef         Code  Gb  short.o [4]
?srl16_x_x_7            0x0094ee         Code  Gb  short.o [4]
?sub32_l0_l0_0x         0x0089d9         Code  Gb  long.o [4]
?sub32_l0_l0_l1         0x0089d6         Code  Gb  long.o [4]
?udiv32_l0_dl_l1        0x008a7b         Code  Gb  long.o [4]
?udiv32_l0_l0_dl        0x008a80         Code  Gb  long.o [4]
?udiv32_l0_l0_l1        0x008a83         Code  Gb  long.o [4]
?umod32_l1_l0_l1        0x008a83         Code  Gb  long.o [4]
?w0                     0x000000         Data  Gb  vregs.o [4]
?w1                     0x000002         Data  Gb  vregs.o [4]
?w2                     0x000004         Data  Gb  vregs.o [4]
?w3                     0x000006         Data  Gb  vregs.o [4]
?w4                     0x000008         Data  Gb  vregs.o [4]
?w5                     0x00000a         Data  Gb  vregs.o [4]
?w6                     0x00000c         Data  Gb  vregs.o [4]
?w7                     0x00000e         Data  Gb  vregs.o [4]
CLK_GetClockFreq        0x009429   0x57  Code  Gb  stm8s_clk.o [1]
CLK_HSIPrescalerConfig  0x009480   0x3d  Code  Gb  stm8s_clk.o [1]
CSTACK$$Base            0x000300          --   Gb  - Linker created -
CSTACK$$Limit           0x000400          --   Gb  - Linker created -
Denominator             0x000016    0x2  Data  Gb  main.o [1]
HSIDivFactor            0x0096a3    0x4  Data  Gb  stm8s_clk.o [1]
INTVEC$$Base            0x008000          --   Gb  - Linker created -
INTVEC$$Limit           0x008080          --   Gb  - Linker created -
IntegrateAdaptiveMidpoint
                        0x0092d5   0x82  Code  Gb  main.o [1]
Numerator               0x000014    0x2  Data  Gb  main.o [1]
R                       0x000018    0x2  Data  Gb  main.o [1]
Region$$Table$$Base     0x0095a2          --   Gb  - Linker created -
Region$$Table$$Limit    0x0095aa          --   Gb  - Linker created -
SliceArea               0x008b0c  0x11c  Code  Gb  main.o [1]
UART1_Cmd               0x009654    0xd  Code  Gb  stm8s_uart1.o [1]
UART1_DeInit            0x009524   0x2d  Code  Gb  stm8s_uart1.o [1]
UART1_GetFlagStatus     0x00910d   0x9e  Code  Gb  stm8s_uart1.o [1]
UART1_Init              0x008483  0x222  Code  Gb  stm8s_uart1.o [1]
UART1_SendData8         0x0096a7    0x4  Code  Gb  stm8s_uart1.o [1]
_PrintfTiny             0x0086a5  0x197  Code  Gb  xprintftiny.o [4]
_Prout                  0x0095e5   0x1b  Code  Gb  xprout.o [4]
__DebugBreak            0x0096c1    0x1  Code  Gb  __dbg_break.o [3]
__exit                  0x00962d   0x14  Code  Gb  __dbg_xxexit.o [3]
__iar_Dint              0x009042   0xcb  Code  Gb  xdint.o [4]
__iar_Dnorm             0x00885c         Code  Gb  float_libsup.o [4]
__iar_Dscale            0x0088ea         Code  Gb  float_libsup.o [4]
__iar_Dtest             0x00883c         Code  Gb  float_libsup.o [4]
__iar_Dunscale          0x008898         Code  Gb  float_libsup.o [4]
__iar_Errno             0x00001a    0x2  Data  Gb  errno.o [4]
__iar_Quad              0x008f51   0xf1  Code  Gb  xquad.o [4]
__iar_Sin               0x008e52   0xff  Code  Gb  xsin.o [4]
__iar_data_init2        0x009619   0x14  Code  Gb  init.o [4]
__iar_program_start     0x009641         Code  Gb  cstartup.o [4]
__iar_unhandled_exception
                        0x0096b8         Code  Gb  unhandled_exception.o [4]
__iar_zero_init2        0x0095aa         Code  Gb  init_small.o [4]
__intvec                0x008000         Data  Gb  interrupt.o [4]
__low_level_init        0x0096b2    0x3  Code  Gb  low_level_init.o [4]
_exit                   0x00969e         Code  Gb  cexit.o [4]
abs                     0x00966e    0xb  Code  Gb  abs.o [4]
assert_failed           0x0096bf    0x2  Code  Gb  main.o [1]
exit                    0x0096b5    0x3  Code  Gb  exit.o [4]
f                       0x009551   0x2c  Code  Gb  main.o [1]
fmod                    0x008d42  0x110  Code  Gb  fmod.o [4]
main                    0x0091ab   0x98  Code  Gb  main.o [1]
out                     0x0094f6   0x2e  Code  Lc  xprintftiny.o [4]
printf                  0x0095c8   0x1d  Code  Gb  printf.o [4]
putchar                 0x009600   0x19  Code  Gb  main.o [1]
sin                     0x0096ab    0x4  Code  Gb  sin.o [4]
strlen                  0x009661    0xd  Code  Gb  strlen.o [4]
y                       0x000010    0x4  Data  Gb  main.o [1]


[1] = C:\Users\Admin\Desktop\Projects\stm8s\Adaptive Midpoint Integration\Debug\Obj
[2] = command line
[3] = dbgstm8smd.a
[4] = dlstm8smn.a

  5 462 bytes of readonly  code memory
    364 bytes of readonly  data memory
    284 bytes of readwrite data memory

Errors: none
Warnings: none
