###############################################################################
#
# IAR ELF Linker V3.10.1.201 for STM8                     25/Aug/2019  06:18:15
# Copyright 2010-2017 IAR Systems AB.
#
#    Output file  =  
#        C:\Users\Admin\Desktop\Projects\stm8s\Find Zero\Debug\Exe\FindZero.out
#    Map file     =  
#        C:\Users\Admin\Desktop\Projects\stm8s\Find
#        Zero\Debug\List\FindZero.map
#    Command line =  
#        -f C:\Users\Admin\AppData\Local\Temp\EW4C1.tmp
#        ("C:\Users\Admin\Desktop\Projects\stm8s\Find Zero\Debug\Obj\main.o"
#        "C:\Users\Admin\Desktop\Projects\stm8s\Find
#        Zero\Debug\Obj\stm8s_adc1.o"
#        "C:\Users\Admin\Desktop\Projects\stm8s\Find
#        Zero\Debug\Obj\stm8s_awu.o"
#        "C:\Users\Admin\Desktop\Projects\stm8s\Find
#        Zero\Debug\Obj\stm8s_beep.o"
#        "C:\Users\Admin\Desktop\Projects\stm8s\Find
#        Zero\Debug\Obj\stm8s_clk.o"
#        "C:\Users\Admin\Desktop\Projects\stm8s\Find
#        Zero\Debug\Obj\stm8s_exti.o"
#        "C:\Users\Admin\Desktop\Projects\stm8s\Find
#        Zero\Debug\Obj\stm8s_flash.o"
#        "C:\Users\Admin\Desktop\Projects\stm8s\Find
#        Zero\Debug\Obj\stm8s_gpio.o"
#        "C:\Users\Admin\Desktop\Projects\stm8s\Find
#        Zero\Debug\Obj\stm8s_i2c.o"
#        "C:\Users\Admin\Desktop\Projects\stm8s\Find
#        Zero\Debug\Obj\stm8s_itc.o"
#        "C:\Users\Admin\Desktop\Projects\stm8s\Find
#        Zero\Debug\Obj\stm8s_iwdg.o"
#        "C:\Users\Admin\Desktop\Projects\stm8s\Find
#        Zero\Debug\Obj\stm8s_rst.o"
#        "C:\Users\Admin\Desktop\Projects\stm8s\Find
#        Zero\Debug\Obj\stm8s_spi.o"
#        "C:\Users\Admin\Desktop\Projects\stm8s\Find
#        Zero\Debug\Obj\stm8s_tim1.o"
#        "C:\Users\Admin\Desktop\Projects\stm8s\Find
#        Zero\Debug\Obj\stm8s_tim2.o"
#        "C:\Users\Admin\Desktop\Projects\stm8s\Find
#        Zero\Debug\Obj\stm8s_tim4.o"
#        "C:\Users\Admin\Desktop\Projects\stm8s\Find
#        Zero\Debug\Obj\stm8s_uart1.o"
#        "C:\Users\Admin\Desktop\Projects\stm8s\Find
#        Zero\Debug\Obj\stm8s_wwdg.o" --redirect _Printf=_PrintfTiny --redirect
#        _Scanf=_ScanfSmallNoMb -o "C:\Users\Admin\Desktop\Projects\stm8s\Find
#        Zero\Debug\Exe\FindZero.out" --map
#        "C:\Users\Admin\Desktop\Projects\stm8s\Find
#        Zero\Debug\List\FindZero.map" --config "C:\Program Files (x86)\IAR
#        Systems\Embedded Workbench 8.0\stm8\config\lnkstm8s103f3.icf"
#        --config_def _CSTACK_SIZE=0x100 --config_def _HEAP_SIZE=0x100 --entry
#        __iar_program_start --debug_lib)
#
###############################################################################

*******************************************************************************
*** RUNTIME MODEL ATTRIBUTES
***

__SystemLibrary            = DLib
__code_model               = small
__core                     = stm8
__data_model               = medium
__dlib_file_descriptor     = 0
__dlib_full_locale_support = 0
__rt_version               = 4


*******************************************************************************
*** PLACEMENT SUMMARY
***

"A0":  place at start of [0x000000-0x0000ff] { rw section .vregs };
"A1":  place at end of [0x000000-0x0003ff] { block CSTACK };
"P2":  place in [from 0x000000 to 0x0003ff] {
          block HEAP, rw section __DLIB_PERTHREAD, rw section .far.bss,
          rw section .far.data, rw section .far.noinit,
          rw section .far_func.textrw, rw section .huge.bss,
          rw section .huge.data, rw section .huge.noinit,
          rw section .huge_func.textrw, rw section .iar.dynexit,
          rw section .near.bss, rw section .near.data, rw section .near.noinit,
          rw section .near_func.textrw };
"A2":  place at start of [0x008000-0x009fff] { block INTVEC };
"P3":  place in [from 0x008000 to 0x009fff] {
          ro section __DLIB_PERTHREAD_init, ro section .far.data_init,
          ro section .far_func.textrw_init, ro section .huge.data_init,
          ro section .huge_func.textrw_init, ro section .iar.init_table,
          ro section .init_array, ro section .near.data_init,
          ro section .near.rodata, ro section .near_func.text,
          ro section .near_func.textrw_init, ro section .tiny.data_init,
          ro section .tiny.rodata_init };
"P4":  place in [from 0x008000 to 0x009fff] {
          ro section .far.rodata, ro section .far_func.text };
"P5":  place in [from 0x008000 to 0x009fff] {
          ro section .huge.rodata, ro section .huge_func.text };
do not initialize {
   rw section .eeprom.noinit, rw section .far.noinit, rw section .huge.noinit,
   rw section .near.noinit, rw section .tiny.noinit, rw section .vregs };

  Section          Kind      Address   Size  Object
  -------          ----      -------   ----  ------
"A0":                                  0x10
  .vregs           uninit   0x000000   0x10  vregs.o [4]
                          - 0x000010   0x10

"P2":                                   0xa
  .near.bss        zero     0x000010    0x4  main.o [1]
  .near.bss        zero     0x000014    0x2  main.o [1]
  .near.bss        zero     0x000016    0x2  main.o [1]
  .near.bss        zero     0x000018    0x2  main.o [1]
                          - 0x00001a    0xa

"A1":                                 0x100
  CSTACK                    0x000300  0x100  <Block>
    CSTACK         uninit   0x000300  0x100  <Block tail>
                          - 0x000400  0x100

"A2":                                  0x80
  INTVEC                    0x008000   0x80  <Block>
    .intvec        const    0x008000   0x80  interrupt.o [4]
                          - 0x008080   0x80

"P3-P5":                              0xf08
  .near_func.text  ro code  0x008080  0x3dd  float.o [4]
  .near_func.text  ro code  0x00845d  0x222  stm8s_uart1.o [1]
  .near_func.text  ro code  0x00867f  0x197  xprintftiny.o [4]
  .near_func.text  ro code  0x008816  0x12b  long.o [4]
  .near_func.text  ro code  0x008941  0x11a  vreg_util.o [4]
  .near_func.text  ro code  0x008a5b   0x9e  stm8s_uart1.o [1]
  .near_func.text  ro code  0x008af9   0x8a  main.o [1]
  .near_func.text  ro code  0x008b83   0x5b  main.o [1]
  .near_func.text  ro code  0x008bde   0x57  stm8s_clk.o [1]
  .near_func.text  ro code  0x008c35   0x57  long_util.o [4]
  .near.rodata     const    0x008c8c   0x56  stm8s_uart1.o [1]
  .near.rodata     const    0x008ce2   0x54  stm8s_clk.o [1]
  .near_func.text  ro code  0x008d36   0x53  main.o [1]
  .near_func.text  ro code  0x008d89   0x3d  stm8s_clk.o [1]
  .near_func.text  ro code  0x008dc6   0x2e  short.o [4]
  .near_func.text  ro code  0x008df4   0x2e  xprintftiny.o [4]
  .near_func.text  ro code  0x008e22   0x2d  stm8s_uart1.o [1]
  .near_func.text  ro code  0x008e4f   0x25  dc_util.o [4]
  .iar.init_table  const    0x008e74    0x8  - Linker created -
  .near_func.text  ro code  0x008e7c   0x1e  init_small.o [4]
  .near_func.text  ro code  0x008e9a   0x1d  printf.o [4]
  .near_func.text  ro code  0x008eb7   0x1b  xprout.o [4]
  .near_func.text  ro code  0x008ed2   0x19  main.o [1]
  .near_func.text  ro code  0x008eeb   0x14  init.o [4]
  .near_func.text  ro code  0x008eff   0x14  __dbg_xxexit.o [3]
  .near_func.text  ro code  0x008f13   0x13  cstartup.o [4]
  .near_func.text  ro code  0x008f26    0xd  stm8s_uart1.o [1]
  .near_func.text  ro code  0x008f33    0xd  strlen.o [4]
  .near_func.text  ro code  0x008f40    0xb  abs.o [4]
  .near.rodata     const    0x008f4b    0xa  main.o [1]
  .near_func.text  ro code  0x008f55    0x7  xprintftiny.o [4]
  .near_func.text  ro code  0x008f5c    0x6  main.o [1]
  .near_func.text  ro code  0x008f62    0x6  xprintftiny.o [4]
  .near_func.text  ro code  0x008f68    0x5  cexit.o [4]
  .near.rodata     const    0x008f6d    0x4  stm8s_clk.o [1]
  .near_func.text  ro code  0x008f71    0x4  stm8s_uart1.o [1]
  .near_func.text  ro code  0x008f75    0x3  interrupt.o [4]
  .near_func.text  ro code  0x008f78    0x3  low_level_init.o [4]
  .near_func.text  ro code  0x008f7b    0x3  exit.o [4]
  .near_func.text  ro code  0x008f7e    0x3  unhandled_exception.o [4]
  .near.rodata     const    0x008f81    0x2  xprintftiny.o [4]
  .near.rodata     const    0x008f83    0x2  xprintftiny.o [4]
  .near_func.text  ro code  0x008f85    0x2  main.o [1]
  .near_func.text  ro code  0x008f87    0x1  __dbg_break.o [3]
                          - 0x008f88  0xf08


*******************************************************************************
*** INIT TABLE
***

          Address   Size
          -------   ----
Zero (__iar_zero_init2)
    1 destination range, total size 0xa:
          0x000010   0xa



*******************************************************************************
*** MODULE SUMMARY
***

    Module                 ro code  ro data  rw data
    ------                 -------  -------  -------
C:\Users\Admin\Desktop\Projects\stm8s\Find Zero\Debug\Obj: [1]
    main.o                     345       10       10
    stm8s_clk.o                148       88
    stm8s_uart1.o              766       86
    ------------------------------------------------
    Total:                   1 259      184       10

command line: [2]
    ------------------------------------------------
    Total:

dbgstm8smd.a: [3]
    __dbg_break.o                1
    __dbg_xxexit.o              20
    ------------------------------------------------
    Total:                      21

dlstm8smn.a: [4]
    abs.o                       11
    cexit.o                      5
    cstartup.o                  19
    dc_util.o                   37
    exit.o                       3
    float.o                    989
    init.o                      20
    init_small.o                30
    interrupt.o                  3      128
    long.o                     299
    long_util.o                 87
    low_level_init.o             3
    printf.o                    29
    short.o                     46
    strlen.o                    13
    unhandled_exception.o        3
    vreg_util.o                282
    vregs.o                                       16
    xprintftiny.o              466        4
    xprout.o                    27
    ------------------------------------------------
    Total:                   2 372      132       16

    Linker created                        8      256
----------------------------------------------------
    Grand Total:             3 652      324      282


*******************************************************************************
*** ENTRY LIST
***

Entry                    Address   Size  Type      Object
-----                    -------   ----  ----      ------
.iar.init_table$$Base   0x008e74          --   Gb  - Linker created -
.iar.init_table$$Limit  0x008e7c          --   Gb  - Linker created -
?b0                     0x000000         Data  Gb  vregs.o [4]
?b1                     0x000001         Data  Gb  vregs.o [4]
?b10                    0x00000a         Data  Gb  vregs.o [4]
?b11                    0x00000b         Data  Gb  vregs.o [4]
?b12                    0x00000c         Data  Gb  vregs.o [4]
?b13                    0x00000d         Data  Gb  vregs.o [4]
?b14                    0x00000e         Data  Gb  vregs.o [4]
?b15                    0x00000f         Data  Gb  vregs.o [4]
?b2                     0x000002         Data  Gb  vregs.o [4]
?b3                     0x000003         Data  Gb  vregs.o [4]
?b4                     0x000004         Data  Gb  vregs.o [4]
?b5                     0x000005         Data  Gb  vregs.o [4]
?b6                     0x000006         Data  Gb  vregs.o [4]
?b7                     0x000007         Data  Gb  vregs.o [4]
?b8                     0x000008         Data  Gb  vregs.o [4]
?b9                     0x000009         Data  Gb  vregs.o [4]
?dc32_l0                0x008e4f         Code  Gb  dc_util.o [4]
?dc32_l1                0x008e5c         Code  Gb  dc_util.o [4]
?dc32_px                0x008e69         Code  Gb  dc_util.o [4]
?e0                     0x000001         Data  Gb  vregs.o [4]
?e1                     0x000005         Data  Gb  vregs.o [4]
?e2                     0x000009         Data  Gb  vregs.o [4]
?e3                     0x00000d         Data  Gb  vregs.o [4]
?epilogue_l2            0x0089cf         Code  Gb  vreg_util.o [4]
?epilogue_l2_l3         0x0089cc         Code  Gb  vreg_util.o [4]
?epilogue_w4            0x0089d3         Code  Gb  vreg_util.o [4]
?fadd32_l0_l0_l1        0x0080a3         Code  Gb  float.o [4]
?fcastf32s16_l0_x       0x008318         Code  Gb  float.o [4]
?fcasts16f32_x_l0       0x00833b         Code  Gb  float.o [4]
?fcmplt32_c_l0_0x       0x0082c2         Code  Gb  float.o [4]
?fcmplt32_c_l0_l1       0x0082bf         Code  Gb  float.o [4]
?fdiv32_l0_l0_l1        0x008211         Code  Gb  float.o [4]
?fmul32_l0_l0_dc32      0x008171         Code  Gb  float.o [4]
?fmul32_l0_l0_l1        0x008176         Code  Gb  float.o [4]
?fsub32_l0_l0_l1        0x00809d         Code  Gb  float.o [4]
?l0                     0x000000         Data  Gb  vregs.o [4]
?l1                     0x000004         Data  Gb  vregs.o [4]
?l2                     0x000008         Data  Gb  vregs.o [4]
?l3                     0x00000c         Data  Gb  vregs.o [4]
?load32_0x_l0           0x008c7e         Code  Gb  long_util.o [4]
?load32_asp_l0          0x008c72         Code  Gb  long_util.o [4]
?load32_dbsp_l0         0x008c6d         Code  Gb  long_util.o [4]
?load32_l0_0x           0x008c45         Code  Gb  long_util.o [4]
?load32_l0_asp          0x008c3a         Code  Gb  long_util.o [4]
?load32_l0_dbsp         0x008c35         Code  Gb  long_util.o [4]
?load32_l0_xsp          0x008c3c         Code  Gb  long_util.o [4]
?load32_l1_0x           0x008c61         Code  Gb  long_util.o [4]
?load32_l1_asp          0x008c56         Code  Gb  long_util.o [4]
?load32_l1_dbsp         0x008c51         Code  Gb  long_util.o [4]
?load32_l1_xsp          0x008c58         Code  Gb  long_util.o [4]
?load32_xsp_l0          0x008c74         Code  Gb  long_util.o [4]
?mov_e0_e1              0x0089f6         Code  Gb  vreg_util.o [4]
?mov_e0_e2              0x008a03         Code  Gb  vreg_util.o [4]
?mov_e0_e3              0x008a10         Code  Gb  vreg_util.o [4]
?mov_e1_e0              0x008a1d         Code  Gb  vreg_util.o [4]
?mov_e1_e2              0x008a2a         Code  Gb  vreg_util.o [4]
?mov_e1_e3              0x008a37         Code  Gb  vreg_util.o [4]
?mov_e2_e0              0x008a44         Code  Gb  vreg_util.o [4]
?mov_e3_e0              0x008a51         Code  Gb  vreg_util.o [4]
?mov_l0_l1              0x0089f3         Code  Gb  vreg_util.o [4]
?mov_l0_l2              0x008a00         Code  Gb  vreg_util.o [4]
?mov_l0_l3              0x008a0d         Code  Gb  vreg_util.o [4]
?mov_l1_l0              0x008a1a         Code  Gb  vreg_util.o [4]
?mov_l1_l2              0x008a27         Code  Gb  vreg_util.o [4]
?mov_l1_l3              0x008a34         Code  Gb  vreg_util.o [4]
?mov_l2_l0              0x008a41         Code  Gb  vreg_util.o [4]
?mov_l3_l0              0x008a4e         Code  Gb  vreg_util.o [4]
?mov_w0_w5              0x0089d7         Code  Gb  vreg_util.o [4]
?mov_w1_w3              0x0089f9         Code  Gb  vreg_util.o [4]
?mov_w1_w5              0x008a06         Code  Gb  vreg_util.o [4]
?mov_w1_w7              0x008a13         Code  Gb  vreg_util.o [4]
?mov_w2_w5              0x0089de         Code  Gb  vreg_util.o [4]
?mov_w3_w1              0x008a20         Code  Gb  vreg_util.o [4]
?mov_w3_w5              0x008a2d         Code  Gb  vreg_util.o [4]
?mov_w3_w7              0x008a3a         Code  Gb  vreg_util.o [4]
?mov_w4_w1              0x0089e5         Code  Gb  vreg_util.o [4]
?mov_w5_w0              0x0089ec         Code  Gb  vreg_util.o [4]
?mov_w5_w1              0x008a47         Code  Gb  vreg_util.o [4]
?mov_w7_w1              0x008a54         Code  Gb  vreg_util.o [4]
?mul32_l0_l0_0x         0x008834         Code  Gb  long.o [4]
?mul32_l0_l0_dl         0x008831         Code  Gb  long.o [4]
?mul32_l0_l0_l1         0x00883d         Code  Gb  long.o [4]
?pop_l1                 0x0089a3         Code  Gb  vreg_util.o [4]
?pop_l2                 0x0089ae         Code  Gb  vreg_util.o [4]
?pop_l3                 0x0089b9         Code  Gb  vreg_util.o [4]
?pop_w4                 0x008963         Code  Gb  vreg_util.o [4]
?push_l0                0x008972         Code  Gb  vreg_util.o [4]
?push_l1                0x008977         Code  Gb  vreg_util.o [4]
?push_l2                0x00897c         Code  Gb  vreg_util.o [4]
?push_l3                0x008981         Code  Gb  vreg_util.o [4]
?push_w0                0x008941         Code  Gb  vreg_util.o [4]
?push_w1                0x008946         Code  Gb  vreg_util.o [4]
?push_w4                0x00894b         Code  Gb  vreg_util.o [4]
?sdiv16_x_x_y           0x008dc6         Code  Gb  short.o [4]
?sll32_0x_0x_a          0x008933         Code  Gb  long.o [4]
?sll32_l0_l0_a          0x008930         Code  Gb  long.o [4]
?smod16_y_x_y           0x008ddf         Code  Gb  short.o [4]
?srl16_x_x_4            0x008def         Code  Gb  short.o [4]
?sub32_l0_l0_0x         0x008819         Code  Gb  long.o [4]
?sub32_l0_l0_l1         0x008816         Code  Gb  long.o [4]
?udiv32_l0_dl_l1        0x0088bb         Code  Gb  long.o [4]
?udiv32_l0_l0_dl        0x0088c0         Code  Gb  long.o [4]
?udiv32_l0_l0_l1        0x0088c3         Code  Gb  long.o [4]
?umod32_l1_l0_l1        0x0088c3         Code  Gb  long.o [4]
?w0                     0x000000         Data  Gb  vregs.o [4]
?w1                     0x000002         Data  Gb  vregs.o [4]
?w2                     0x000004         Data  Gb  vregs.o [4]
?w3                     0x000006         Data  Gb  vregs.o [4]
?w4                     0x000008         Data  Gb  vregs.o [4]
?w5                     0x00000a         Data  Gb  vregs.o [4]
?w6                     0x00000c         Data  Gb  vregs.o [4]
?w7                     0x00000e         Data  Gb  vregs.o [4]
CLK_GetClockFreq        0x008bde   0x57  Code  Gb  stm8s_clk.o [1]
CLK_HSIPrescalerConfig  0x008d89   0x3d  Code  Gb  stm8s_clk.o [1]
CSTACK$$Base            0x000300          --   Gb  - Linker created -
CSTACK$$Limit           0x000400          --   Gb  - Linker created -
Denominator             0x000016    0x2  Data  Gb  main.o [1]
FindZero                0x008b83   0x5b  Code  Gb  main.o [1]
HSIDivFactor            0x008f6d    0x4  Data  Gb  stm8s_clk.o [1]
INTVEC$$Base            0x008000          --   Gb  - Linker created -
INTVEC$$Limit           0x008080          --   Gb  - Linker created -
Numerator               0x000014    0x2  Data  Gb  main.o [1]
R                       0x000018    0x2  Data  Gb  main.o [1]
Region$$Table$$Base     0x008e74          --   Gb  - Linker created -
Region$$Table$$Limit    0x008e7c          --   Gb  - Linker created -
UART1_Cmd               0x008f26    0xd  Code  Gb  stm8s_uart1.o [1]
UART1_DeInit            0x008e22   0x2d  Code  Gb  stm8s_uart1.o [1]
UART1_GetFlagStatus     0x008a5b   0x9e  Code  Gb  stm8s_uart1.o [1]
UART1_Init              0x00845d  0x222  Code  Gb  stm8s_uart1.o [1]
UART1_SendData8         0x008f71    0x4  Code  Gb  stm8s_uart1.o [1]
_PrintfTiny             0x00867f  0x197  Code  Gb  xprintftiny.o [4]
_Prout                  0x008eb7   0x1b  Code  Gb  xprout.o [4]
__DebugBreak            0x008f87    0x1  Code  Gb  __dbg_break.o [3]
__exit                  0x008eff   0x14  Code  Gb  __dbg_xxexit.o [3]
__iar_data_init2        0x008eeb   0x14  Code  Gb  init.o [4]
__iar_program_start     0x008f13         Code  Gb  cstartup.o [4]
__iar_unhandled_exception
                        0x008f7e         Code  Gb  unhandled_exception.o [4]
__iar_zero_init2        0x008e7c         Code  Gb  init_small.o [4]
__intvec                0x008000         Data  Gb  interrupt.o [4]
__low_level_init        0x008f78    0x3  Code  Gb  low_level_init.o [4]
_exit                   0x008f68         Code  Gb  cexit.o [4]
abs                     0x008f40    0xb  Code  Gb  abs.o [4]
assert_failed           0x008f85    0x2  Code  Gb  main.o [1]
dfdx                    0x008d36   0x53  Code  Gb  main.o [1]
exit                    0x008f7b    0x3  Code  Gb  exit.o [4]
f                       0x008f5c    0x6  Code  Gb  main.o [1]
main                    0x008af9   0x8a  Code  Gb  main.o [1]
out                     0x008df4   0x2e  Code  Lc  xprintftiny.o [4]
printf                  0x008e9a   0x1d  Code  Gb  printf.o [4]
putchar                 0x008ed2   0x19  Code  Gb  main.o [1]
strlen                  0x008f33    0xd  Code  Gb  strlen.o [4]
x                       0x000010    0x4  Data  Gb  main.o [1]


[1] = C:\Users\Admin\Desktop\Projects\stm8s\Find Zero\Debug\Obj
[2] = command line
[3] = dbgstm8smd.a
[4] = dlstm8smn.a

  3 652 bytes of readonly  code memory
    324 bytes of readonly  data memory
    282 bytes of readwrite data memory

Errors: none
Warnings: none
