###############################################################################
#
# IAR ELF Linker V3.10.1.201 for STM8                     23/Aug/2019  06:55:56
# Copyright 2010-2017 IAR Systems AB.
#
#    Output file  =  
#        C:\Users\Admin\Desktop\Projects\stm8s\Euclidean
#        algorithm\Debug\Exe\Euclidean algorithm.out
#    Map file     =  
#        C:\Users\Admin\Desktop\Projects\stm8s\Euclidean
#        algorithm\Debug\List\Euclidean algorithm.map
#    Command line =  
#        -f C:\Users\Admin\AppData\Local\Temp\EWD6C2.tmp
#        ("C:\Users\Admin\Desktop\Projects\stm8s\Euclidean
#        algorithm\Debug\Obj\main.o"
#        "C:\Users\Admin\Desktop\Projects\stm8s\Euclidean
#        algorithm\Debug\Obj\stm8s_adc1.o"
#        "C:\Users\Admin\Desktop\Projects\stm8s\Euclidean
#        algorithm\Debug\Obj\stm8s_awu.o"
#        "C:\Users\Admin\Desktop\Projects\stm8s\Euclidean
#        algorithm\Debug\Obj\stm8s_beep.o"
#        "C:\Users\Admin\Desktop\Projects\stm8s\Euclidean
#        algorithm\Debug\Obj\stm8s_clk.o"
#        "C:\Users\Admin\Desktop\Projects\stm8s\Euclidean
#        algorithm\Debug\Obj\stm8s_exti.o"
#        "C:\Users\Admin\Desktop\Projects\stm8s\Euclidean
#        algorithm\Debug\Obj\stm8s_flash.o"
#        "C:\Users\Admin\Desktop\Projects\stm8s\Euclidean
#        algorithm\Debug\Obj\stm8s_gpio.o"
#        "C:\Users\Admin\Desktop\Projects\stm8s\Euclidean
#        algorithm\Debug\Obj\stm8s_i2c.o"
#        "C:\Users\Admin\Desktop\Projects\stm8s\Euclidean
#        algorithm\Debug\Obj\stm8s_itc.o"
#        "C:\Users\Admin\Desktop\Projects\stm8s\Euclidean
#        algorithm\Debug\Obj\stm8s_iwdg.o"
#        "C:\Users\Admin\Desktop\Projects\stm8s\Euclidean
#        algorithm\Debug\Obj\stm8s_rst.o"
#        "C:\Users\Admin\Desktop\Projects\stm8s\Euclidean
#        algorithm\Debug\Obj\stm8s_spi.o"
#        "C:\Users\Admin\Desktop\Projects\stm8s\Euclidean
#        algorithm\Debug\Obj\stm8s_tim1.o"
#        "C:\Users\Admin\Desktop\Projects\stm8s\Euclidean
#        algorithm\Debug\Obj\stm8s_tim2.o"
#        "C:\Users\Admin\Desktop\Projects\stm8s\Euclidean
#        algorithm\Debug\Obj\stm8s_tim4.o"
#        "C:\Users\Admin\Desktop\Projects\stm8s\Euclidean
#        algorithm\Debug\Obj\stm8s_uart1.o"
#        "C:\Users\Admin\Desktop\Projects\stm8s\Euclidean
#        algorithm\Debug\Obj\stm8s_wwdg.o" --redirect _Printf=_PrintfFullNoMb
#        --redirect _Scanf=_ScanfFullNoMb -o
#        "C:\Users\Admin\Desktop\Projects\stm8s\Euclidean
#        algorithm\Debug\Exe\Euclidean algorithm.out" --map
#        "C:\Users\Admin\Desktop\Projects\stm8s\Euclidean
#        algorithm\Debug\List\Euclidean algorithm.map" --config "C:\Program
#        Files (x86)\IAR Systems\Embedded Workbench
#        8.0\stm8\config\lnkstm8s103f3.icf" --config_def _CSTACK_SIZE=0x100
#        --config_def _HEAP_SIZE=0x100 --entry __iar_program_start --debug_lib)
#
###############################################################################

*******************************************************************************
*** RUNTIME MODEL ATTRIBUTES
***

__SystemLibrary            = DLib
__code_model               = small
__core                     = stm8
__data_model               = medium
__dlib_file_descriptor     = 0
__dlib_full_locale_support = 0
__rt_version               = 4


*******************************************************************************
*** PLACEMENT SUMMARY
***

"A0":  place at start of [0x000000-0x0000ff] { rw section .vregs };
"A1":  place at end of [0x000000-0x0003ff] { block CSTACK };
"P2":  place in [from 0x000000 to 0x0003ff] {
          block HEAP, rw section __DLIB_PERTHREAD, rw section .far.bss,
          rw section .far.data, rw section .far.noinit,
          rw section .far_func.textrw, rw section .huge.bss,
          rw section .huge.data, rw section .huge.noinit,
          rw section .huge_func.textrw, rw section .iar.dynexit,
          rw section .near.bss, rw section .near.data, rw section .near.noinit,
          rw section .near_func.textrw };
"A2":  place at start of [0x008000-0x009fff] { block INTVEC };
"P3":  place in [from 0x008000 to 0x009fff] {
          ro section __DLIB_PERTHREAD_init, ro section .far.data_init,
          ro section .far_func.textrw_init, ro section .huge.data_init,
          ro section .huge_func.textrw_init, ro section .iar.init_table,
          ro section .init_array, ro section .near.data_init,
          ro section .near.rodata, ro section .near_func.text,
          ro section .near_func.textrw_init, ro section .tiny.data_init,
          ro section .tiny.rodata_init };
"P4":  place in [from 0x008000 to 0x009fff] {
          ro section .far.rodata, ro section .far_func.text };
"P5":  place in [from 0x008000 to 0x009fff] {
          ro section .huge.rodata, ro section .huge_func.text };
do not initialize {
   rw section .eeprom.noinit, rw section .far.noinit, rw section .huge.noinit,
   rw section .near.noinit, rw section .tiny.noinit, rw section .vregs };

  Section          Kind      Address    Size  Object
  -------          ----      -------    ----  ------
"A0":                                   0x10
  .vregs           uninit   0x000000    0x10  vregs.o [4]
                          - 0x000010    0x10

"P2":                                    0x4
  .near.bss        zero     0x000010     0x2  main.o [1]
  .near.bss        zero     0x000012     0x2  main.o [1]
                          - 0x000014     0x4

"A1":                                  0x100
  CSTACK                    0x000300   0x100  <Block>
    CSTACK         uninit   0x000300   0x100  <Block tail>
                          - 0x000400   0x100

"A2":                                   0x80
  INTVEC                    0x008000    0x80  <Block>
    .intvec        const    0x008000    0x80  interrupt.o [4]
                          - 0x008080    0x80

"P3-P5":                              0x1f0b
  .near_func.text  ro code  0x008080   0x460  float.o [4]
  .near_func.text  ro code  0x0084e0   0x45d  xprintffull_nomb.o [4]
  .near_func.text  ro code  0x00893d   0x412  xprintffull_nomb.o [4]
  .near_func.text  ro code  0x008d4f   0x383  xprintffull_nomb.o [4]
  .near_func.text  ro code  0x0090d2   0x1ec  long.o [4]
  .near_func.text  ro code  0x0092be   0x1b6  stm8s_uart1.o [1]
  .near_func.text  ro code  0x009474   0x176  xprintffull_nomb.o [4]
  .near_func.text  ro code  0x0095ea   0x161  float_libsup.o [4]
  .near_func.text  ro code  0x00974b   0x123  vreg_util.o [4]
  .near_func.text  ro code  0x00986e    0x72  long_util.o [4]
  .near_func.text  ro code  0x0098e0    0x63  stm8s_uart1.o [1]
  .near.rodata     const    0x009943    0x60  stm8s_uart1.o [1]
  .near.rodata     const    0x0099a3    0x5e  stm8s_clk.o [1]
  .near_func.text  ro code  0x009a01    0x4c  short.o [4]
  .near.rodata     const    0x009a4d    0x4b  main.o [1]
  .near_func.text  ro code  0x009a98    0x4a  main.o [1]
  .near_func.text  ro code  0x009ae2    0x43  xprintffull_nomb.o [4]
  .near_func.text  ro code  0x009b25    0x41  xprintffull_nomb.o [4]
  .near_func.text  const    0x009b66    0x3c  xprintffull_nomb.o [4]
  .near_func.text  ro code  0x009ba2    0x3b  stm8s_clk.o [1]
  .near_func.text  ro code  0x009bdd    0x37  xprintffull_nomb.o [4]
  .near_func.text  ro code  0x009c14    0x33  xprintffull_nomb.o [4]
  .near_func.text  ro code  0x009c47    0x30  div.o [4]
  .near_func.text  ro code  0x009c77    0x2f  xprintffull_nomb.o [4]
  .near_func.text  ro code  0x009ca6    0x2c  dc_util.o [4]
  .near_func.text  ro code  0x009cd2    0x2b  stm8s_uart1.o [1]
  .near_func.text  ro code  0x009cfd    0x28  stm8s_clk.o [1]
  .near_func.text  ro code  0x009d25    0x21  memchr.o [4]
  .iar.init_table  const    0x009d46     0x8  - Linker created -
  .near_func.text  ro code  0x009d4e    0x1f  memcpy.o [4]
  .near_func.text  ro code  0x009d6d    0x1e  init_small.o [4]
  .near_func.text  ro code  0x009d8b    0x1d  printf.o [4]
  .near_func.text  ro code  0x009da8    0x1b  xprout.o [4]
  .near_func.text  ro code  0x009dc3    0x19  main.o [1]
  .near_func.text  ro code  0x009ddc    0x15  strchr.o [4]
  .near_func.text  ro code  0x009df1    0x14  init.o [4]
  .near_func.text  ro code  0x009e05    0x14  xprintffull_nomb.o [4]
  .near_func.text  ro code  0x009e19    0x14  __dbg_xxexit.o [3]
  .near_func.text  ro code  0x009e2d    0x13  cstartup.o [4]
  .near_func.text  ro code  0x009e40    0x11  main.o [1]
  .near_func.text  ro code  0x009e51     0xd  stm8s_uart1.o [1]
  .near_func.text  ro code  0x009e5e     0xd  strlen.o [4]
  .near_func.text  ro code  0x009e6b     0xd  move.o [4]
  .near_func.text  ro code  0x009e78     0xc  xprintffull_nomb.o [4]
  .near_func.text  ro code  0x009e84     0xc  switch.o [4]
  .near_func.text  ro code  0x009e90     0xb  stm8s_clk.o [1]
  .near_func.text  ro code  0x009e9b     0xb  stm8s_uart1.o [1]
  .near_func.text  ro code  0x009ea6     0xb  xprintffull_nomb.o [4]
  .near_func.text  ro code  0x009eb1     0xb  xprintffull_nomb.o [4]
  .near_func.text  ro code  0x009ebc     0xb  xprintffull_nomb.o [4]
  .near_func.text  ro code  0x009ec7     0xa  xprintffull_nomb.o [4]
  .near_func.text  ro code  0x009ed1     0x9  stm8s_clk.o [1]
  .near_func.text  ro code  0x009eda     0x9  xprintffull_nomb.o [4]
  .near_func.text  ro code  0x009ee3     0x9  xprintffull_nomb.o [4]
  .near_func.text  ro code  0x009eec     0x9  xprintffull_nomb.o [4]
  .near_func.text  ro code  0x009ef5     0x8  stm8s_uart1.o [1]
  .near_func.text  ro code  0x009efd     0x8  stm8s_uart1.o [1]
  .near_func.text  ro code  0x009f05     0x8  xprintffull_nomb.o [4]
  .near_func.text  ro code  0x009f0d     0x8  xprintffull_nomb.o [4]
  .near_func.text  ro code  0x009f15     0x8  xprintffull_nomb.o [4]
  .near_func.text  ro code  0x009f1d     0x8  xprintffull_nomb.o [4]
  .near.rodata     const    0x009f25     0x7  xprintffull_nomb.o [4]
  .near_func.text  ro code  0x009f2c     0x7  xprintffull_nomb.o [4]
  .near_func.text  ro code  0x009f33     0x7  xprintffull_nomb.o [4]
  .near_func.text  ro code  0x009f3a     0x6  xprintffull_nomb.o [4]
  .near_func.text  ro code  0x009f40     0x6  xprintffull_nomb.o [4]
  .near_func.text  ro code  0x009f46     0x6  xprintffull_nomb.o [4]
  .near_func.text  ro code  0x009f4c     0x6  xprintffull_nomb.o [4]
  .near_func.text  ro code  0x009f52     0x6  xprintffull_nomb.o [4]
  .near_func.text  ro code  0x009f58     0x5  xprintffull_nomb.o [4]
  .near_func.text  ro code  0x009f5d     0x5  cexit.o [4]
  .near.rodata     const    0x009f62     0x4  stm8s_clk.o [1]
  .near.rodata     const    0x009f66     0x4  xprintffull_nomb.o [4]
  .near.rodata     const    0x009f6a     0x4  xprintffull_nomb.o [4]
  .near.rodata     const    0x009f6e     0x4  xprintffull_nomb.o [4]
  .near.rodata     const    0x009f72     0x4  xprintffull_nomb.o [4]
  .near_func.text  ro code  0x009f76     0x4  stm8s_uart1.o [1]
  .near_func.text  ro code  0x009f7a     0x3  interrupt.o [4]
  .near_func.text  ro code  0x009f7d     0x3  low_level_init.o [4]
  .near_func.text  ro code  0x009f80     0x3  exit.o [4]
  .near_func.text  ro code  0x009f83     0x3  unhandled_exception.o [4]
  .near.rodata     const    0x009f86     0x2  xprintffull_nomb.o [4]
  .near_func.text  ro code  0x009f88     0x2  main.o [1]
  .near_func.text  ro code  0x009f8a     0x1  __dbg_break.o [3]
                          - 0x009f8b  0x1f0b


*******************************************************************************
*** INIT TABLE
***

          Address   Size
          -------   ----
Zero (__iar_zero_init2)
    1 destination range, total size 0x4:
          0x000010   0x4



*******************************************************************************
*** MODULE SUMMARY
***

    Module                 ro code  ro data  rw data
    ------                 -------  -------  -------
C:\Users\Admin\Desktop\Projects\stm8s\Euclidean algorithm\Debug\Obj: [1]
    main.o                     118       75        4
    stm8s_clk.o                119       98
    stm8s_uart1.o              624       96
    ------------------------------------------------
    Total:                     861      269        4

command line: [2]
    ------------------------------------------------
    Total:

dbgstm8smd.a: [3]
    __dbg_break.o                1
    __dbg_xxexit.o              20
    ------------------------------------------------
    Total:                      21

dlstm8smn.a: [4]
    cexit.o                      5
    cstartup.o                  19
    dc_util.o                   44
    div.o                       48
    exit.o                       3
    float.o                  1 120
    float_libsup.o             353
    init.o                      20
    init_small.o                30
    interrupt.o                  3      128
    long.o                     492
    long_util.o                114
    low_level_init.o             3
    memchr.o                    33
    memcpy.o                    31
    move.o                      13
    printf.o                    29
    short.o                     76
    strchr.o                    21
    strlen.o                    13
    switch.o                    12
    unhandled_exception.o        3
    vreg_util.o                291
    vregs.o                                       16
    xprintffull_nomb.o       3 900       85
    xprout.o                    27
    ------------------------------------------------
    Total:                   6 703      213       16

    Linker created                        8      256
----------------------------------------------------
    Grand Total:             7 585      490      276


*******************************************************************************
*** ENTRY LIST
***

Entry                    Address   Size  Type      Object
-----                    -------   ----  ----      ------
.iar.init_table$$Base   0x009d46          --   Gb  - Linker created -
.iar.init_table$$Limit  0x009d4e          --   Gb  - Linker created -
?and32_l0_l0_0x         0x009264         Code  Gb  long.o [4]
?and32_l0_l0_l1         0x009261         Code  Gb  long.o [4]
?b0                     0x000000         Data  Gb  vregs.o [4]
?b1                     0x000001         Data  Gb  vregs.o [4]
?b10                    0x00000a         Data  Gb  vregs.o [4]
?b11                    0x00000b         Data  Gb  vregs.o [4]
?b12                    0x00000c         Data  Gb  vregs.o [4]
?b13                    0x00000d         Data  Gb  vregs.o [4]
?b14                    0x00000e         Data  Gb  vregs.o [4]
?b15                    0x00000f         Data  Gb  vregs.o [4]
?b2                     0x000002         Data  Gb  vregs.o [4]
?b3                     0x000003         Data  Gb  vregs.o [4]
?b4                     0x000004         Data  Gb  vregs.o [4]
?b5                     0x000005         Data  Gb  vregs.o [4]
?b6                     0x000006         Data  Gb  vregs.o [4]
?b7                     0x000007         Data  Gb  vregs.o [4]
?b8                     0x000008         Data  Gb  vregs.o [4]
?b9                     0x000009         Data  Gb  vregs.o [4]
?dc32_l0                0x009cad         Code  Gb  dc_util.o [4]
?dc32_l1                0x009cba         Code  Gb  dc_util.o [4]
?dc32_px                0x009cc7         Code  Gb  dc_util.o [4]
?dc8_px                 0x009ca6         Code  Gb  dc_util.o [4]
?e0                     0x000001         Data  Gb  vregs.o [4]
?e1                     0x000005         Data  Gb  vregs.o [4]
?e2                     0x000009         Data  Gb  vregs.o [4]
?e3                     0x00000d         Data  Gb  vregs.o [4]
?epilogue_l2            0x0097d4         Code  Gb  vreg_util.o [4]
?epilogue_l2_l3         0x0097d1         Code  Gb  vreg_util.o [4]
?epilogue_w4            0x0097d8         Code  Gb  vreg_util.o [4]
?fadd32_l0_l0_l1        0x0080a3         Code  Gb  float.o [4]
?fcastf32s32_l0_l0      0x00839b         Code  Gb  float.o [4]
?fcastf32u32_l0_l0      0x0083a6         Code  Gb  float.o [4]
?fcasts32f32_l0_l0      0x00833a         Code  Gb  float.o [4]
?fcastu32f32_l0_l0      0x008323         Code  Gb  float.o [4]
?fcmpge32_c_l0_0x       0x0082c4         Code  Gb  float.o [4]
?fcmpge32_c_l0_dc32     0x0082bf         Code  Gb  float.o [4]
?fcmplt32_c_l0_0x       0x0082cd         Code  Gb  float.o [4]
?fcmplt32_c_l0_dc32     0x0082c8         Code  Gb  float.o [4]
?fdiv32_l0_l0_l1        0x008211         Code  Gb  float.o [4]
?fmul32_l0_l0_dc32      0x008171         Code  Gb  float.o [4]
?fmul32_l0_l0_l1        0x008176         Code  Gb  float.o [4]
?fsub32_l0_l0_l1        0x00809d         Code  Gb  float.o [4]
?l0                     0x000000         Data  Gb  vregs.o [4]
?l1                     0x000004         Data  Gb  vregs.o [4]
?l2                     0x000008         Data  Gb  vregs.o [4]
?l3                     0x00000c         Data  Gb  vregs.o [4]
?load32_0x_l0           0x0098b3         Code  Gb  long_util.o [4]
?load32_0x_l2           0x0098d2         Code  Gb  long_util.o [4]
?load32_asp_l0          0x0098a7         Code  Gb  long_util.o [4]
?load32_asp_l2          0x0098c6         Code  Gb  long_util.o [4]
?load32_dbsp_l0         0x0098a2         Code  Gb  long_util.o [4]
?load32_dbsp_l2         0x0098c1         Code  Gb  long_util.o [4]
?load32_l0_0x           0x00987e         Code  Gb  long_util.o [4]
?load32_l0_asp          0x009873         Code  Gb  long_util.o [4]
?load32_l0_dbsp         0x00986e         Code  Gb  long_util.o [4]
?load32_l0_xsp          0x009875         Code  Gb  long_util.o [4]
?load32_l1_0x           0x00988a         Code  Gb  long_util.o [4]
?load32_l2_0x           0x009896         Code  Gb  long_util.o [4]
?load32_xsp_l0          0x0098a9         Code  Gb  long_util.o [4]
?load32_xsp_l2          0x0098c8         Code  Gb  long_util.o [4]
?mov_e0_e1              0x009809         Code  Gb  vreg_util.o [4]
?mov_e0_e2              0x009816         Code  Gb  vreg_util.o [4]
?mov_e0_e3              0x009823         Code  Gb  vreg_util.o [4]
?mov_e1_e0              0x009830         Code  Gb  vreg_util.o [4]
?mov_e1_e2              0x00983d         Code  Gb  vreg_util.o [4]
?mov_e1_e3              0x00984a         Code  Gb  vreg_util.o [4]
?mov_e2_e0              0x009857         Code  Gb  vreg_util.o [4]
?mov_e3_e0              0x009864         Code  Gb  vreg_util.o [4]
?mov_l0_l1              0x009806         Code  Gb  vreg_util.o [4]
?mov_l0_l2              0x009813         Code  Gb  vreg_util.o [4]
?mov_l0_l3              0x009820         Code  Gb  vreg_util.o [4]
?mov_l1_l0              0x00982d         Code  Gb  vreg_util.o [4]
?mov_l1_l2              0x00983a         Code  Gb  vreg_util.o [4]
?mov_l1_l3              0x009847         Code  Gb  vreg_util.o [4]
?mov_l2_l0              0x009854         Code  Gb  vreg_util.o [4]
?mov_l3_l0              0x009861         Code  Gb  vreg_util.o [4]
?mov_w0_w5              0x0097dc         Code  Gb  vreg_util.o [4]
?mov_w1_w3              0x00980c         Code  Gb  vreg_util.o [4]
?mov_w1_w5              0x009819         Code  Gb  vreg_util.o [4]
?mov_w1_w7              0x009826         Code  Gb  vreg_util.o [4]
?mov_w2_w0              0x0097e3         Code  Gb  vreg_util.o [4]
?mov_w2_w1              0x0097ea         Code  Gb  vreg_util.o [4]
?mov_w3_w1              0x009833         Code  Gb  vreg_util.o [4]
?mov_w3_w5              0x009840         Code  Gb  vreg_util.o [4]
?mov_w3_w7              0x00984d         Code  Gb  vreg_util.o [4]
?mov_w4_w0              0x0097f1         Code  Gb  vreg_util.o [4]
?mov_w4_w1              0x0097f8         Code  Gb  vreg_util.o [4]
?mov_w5_w0              0x0097ff         Code  Gb  vreg_util.o [4]
?mov_w5_w1              0x00985a         Code  Gb  vreg_util.o [4]
?mov_w7_w1              0x009867         Code  Gb  vreg_util.o [4]
?move1616_v_x_y_a       0x009e6b         Code  Gb  move.o [4]
?mul16_x_x_w0           0x009a01         Code  Gb  short.o [4]
?mul32_l0_l0_0x         0x009100         Code  Gb  long.o [4]
?mul32_l0_l0_dl         0x0090fd         Code  Gb  long.o [4]
?mul32_l0_l0_l1         0x009109         Code  Gb  long.o [4]
?neg32_l0_l0            0x0090d2         Code  Gb  long.o [4]
?pop_l1                 0x0097a8         Code  Gb  vreg_util.o [4]
?pop_l2                 0x0097b3         Code  Gb  vreg_util.o [4]
?pop_l3                 0x0097be         Code  Gb  vreg_util.o [4]
?pop_w4                 0x00976d         Code  Gb  vreg_util.o [4]
?push_l0                0x00977c         Code  Gb  vreg_util.o [4]
?push_l2                0x009781         Code  Gb  vreg_util.o [4]
?push_l3                0x009786         Code  Gb  vreg_util.o [4]
?push_w0                0x00974b         Code  Gb  vreg_util.o [4]
?push_w1                0x009750         Code  Gb  vreg_util.o [4]
?push_w4                0x009755         Code  Gb  vreg_util.o [4]
?scmp32_c_l0_l1         0x00924a         Code  Gb  long.o [4]
?sdiv16_x_x_y           0x009a1f         Code  Gb  short.o [4]
?sdiv32_l0_l0_dl        0x009201         Code  Gb  long.o [4]
?sdiv32_l0_l0_l1        0x009204         Code  Gb  long.o [4]
?sext32_l0_a            0x0092b1         Code  Gb  long.o [4]
?sext32_l0_x            0x0092a6         Code  Gb  long.o [4]
?sll32_0x_0x_a          0x009283         Code  Gb  long.o [4]
?sll32_l0_l0_a          0x009280         Code  Gb  long.o [4]
?sll32_l0_l0_db         0x00927c         Code  Gb  long.o [4]
?smod16_y_x_y           0x009a38         Code  Gb  short.o [4]
?smod32_l1_l0_l1        0x009204         Code  Gb  long.o [4]
?sra32_0x_0x_a          0x009298         Code  Gb  long.o [4]
?sra32_l0_l0_a          0x009295         Code  Gb  long.o [4]
?sra32_l0_l0_db         0x009291         Code  Gb  long.o [4]
?srl16_x_x_4            0x009a48         Code  Gb  short.o [4]
?sub32_l0_l0_0x         0x0090e5         Code  Gb  long.o [4]
?sub32_l0_l0_l1         0x0090e2         Code  Gb  long.o [4]
?switch8vlt_0x_a_0x     0x009e84         Code  Gb  switch.o [4]
?udiv32_l0_dl_l1        0x00918c         Code  Gb  long.o [4]
?udiv32_l0_l0_dl        0x009191         Code  Gb  long.o [4]
?udiv32_l0_l0_l1        0x009194         Code  Gb  long.o [4]
?umod32_l1_l0_dl        0x009187         Code  Gb  long.o [4]
?umod32_l1_l0_l1        0x009194         Code  Gb  long.o [4]
?w0                     0x000000         Data  Gb  vregs.o [4]
?w1                     0x000002         Data  Gb  vregs.o [4]
?w2                     0x000004         Data  Gb  vregs.o [4]
?w3                     0x000006         Data  Gb  vregs.o [4]
?w4                     0x000008         Data  Gb  vregs.o [4]
?w5                     0x00000a         Data  Gb  vregs.o [4]
?w6                     0x00000c         Data  Gb  vregs.o [4]
?w7                     0x00000e         Data  Gb  vregs.o [4]
CLK_GetClockFreq        0x009ba2   0x3b  Code  Gb  stm8s_clk.o [1]
CLK_HSIPrescalerConfig  0x009cfd   0x28  Code  Gb  stm8s_clk.o [1]
CSTACK$$Base            0x000300          --   Gb  - Linker created -
CSTACK$$Limit           0x000400          --   Gb  - Linker created -
GCD                     0x009e40   0x11  Code  Gb  main.o [1]
HSIDivFactor            0x009f62    0x4  Data  Gb  stm8s_clk.o [1]
INTVEC$$Base            0x008000          --   Gb  - Linker created -
INTVEC$$Limit           0x008080          --   Gb  - Linker created -
LoadInt                 0x009b25   0x41  Code  Lc  xprintffull_nomb.o [4]
Region$$Table$$Base     0x009d46          --   Gb  - Linker created -
Region$$Table$$Limit    0x009d4e          --   Gb  - Linker created -
Result                  0x000012    0x2  Data  Gb  main.o [1]
UART1_Cmd               0x009e51    0xd  Code  Gb  stm8s_uart1.o [1]
UART1_DeInit            0x009cd2   0x2b  Code  Gb  stm8s_uart1.o [1]
UART1_GetFlagStatus     0x0098e0   0x63  Code  Gb  stm8s_uart1.o [1]
UART1_Init              0x0092be  0x1b6  Code  Gb  stm8s_uart1.o [1]
UART1_SendData8         0x009f76    0x4  Code  Gb  stm8s_uart1.o [1]
_GenldFullNoMb          0x008d4f  0x383  Code  Lc  xprintffull_nomb.o [4]
_LdtobFullNoMb          0x00893d  0x412  Code  Lc  xprintffull_nomb.o [4]
_LitobFullNoMb          0x009474  0x176  Code  Lc  xprintffull_nomb.o [4]
_PrintfFullNoMb         0x0084e0  0x45d  Code  Gb  xprintffull_nomb.o [4]
_Prout                  0x009da8   0x1b  Code  Gb  xprout.o [4]
_PutcharFullNoMb        0x009c77   0x2f  Code  Lc  xprintffull_nomb.o [4]
_PutcharsFullNoMb       0x009c14   0x33  Code  Lc  xprintffull_nomb.o [4]
__DebugBreak            0x009f8a    0x1  Code  Gb  __dbg_break.o [3]
__exit                  0x009e19   0x14  Code  Gb  __dbg_xxexit.o [3]
__iar_Dnorm             0x0095ea         Code  Gb  float_libsup.o [4]
__iar_Dscale            0x009678         Code  Gb  float_libsup.o [4]
__iar_Dunscale          0x009626         Code  Gb  float_libsup.o [4]
__iar_Memchr            0x009d25   0x21  Code  Gb  memchr.o [4]
__iar_Strchr            0x009ddc   0x15  Code  Gb  strchr.o [4]
__iar_data_init2        0x009df1   0x14  Code  Gb  init.o [4]
__iar_program_start     0x009e2d         Code  Gb  cstartup.o [4]
__iar_unhandled_exception
                        0x009f83         Code  Gb  unhandled_exception.o [4]
__iar_zero_init2        0x009d6d         Code  Gb  init_small.o [4]
__intvec                0x008000         Data  Gb  interrupt.o [4]
__low_level_init        0x009f7d    0x3  Code  Gb  low_level_init.o [4]
_exit                   0x009f5d         Code  Gb  cexit.o [4]
assert_failed           0x009f88    0x2  Code  Gb  main.o [1]
div                     0x009c47   0x30  Code  Gb  div.o [4]
exit                    0x009f80    0x3  Code  Gb  exit.o [4]
main                    0x009a98   0x4a  Code  Gb  main.o [1]
memcpy                  0x009d4e   0x1f  Code  Gb  memcpy.o [4]
pad                     0x009bdd   0x37  Code  Lc  xprintffull_nomb.o [4]
printf                  0x009d8b   0x1d  Code  Gb  printf.o [4]
putchar                 0x009dc3   0x19  Code  Gb  main.o [1]
remainder               0x000010    0x2  Data  Gb  main.o [1]
scale                   0x009ae2   0x43  Code  Lc  xprintffull_nomb.o [4]
strlen                  0x009e5e    0xd  Code  Gb  strlen.o [4]


[1] = C:\Users\Admin\Desktop\Projects\stm8s\Euclidean algorithm\Debug\Obj
[2] = command line
[3] = dbgstm8smd.a
[4] = dlstm8smn.a

  7 585 bytes of readonly  code memory
    490 bytes of readonly  data memory
    276 bytes of readwrite data memory

Errors: none
Warnings: none
