###############################################################################
#
# IAR ELF Linker V3.10.1.201 for STM8                     24/Aug/2019  04:34:36
# Copyright 2010-2017 IAR Systems AB.
#
#    Output file  =  
#        C:\Users\Admin\Desktop\Projects\stm8s\Find Factors
#        Improved\Debug\Exe\Find Factors Improved.out
#    Map file     =  
#        C:\Users\Admin\Desktop\Projects\stm8s\Find Factors
#        Improved\Debug\List\Find Factors Improved.map
#    Command line =  
#        -f C:\Users\Admin\AppData\Local\Temp\EWB405.tmp
#        ("C:\Users\Admin\Desktop\Projects\stm8s\Find Factors
#        Improved\Debug\Obj\main.o" "C:\Users\Admin\Desktop\Projects\stm8s\Find
#        Factors Improved\Debug\Obj\stm8s_adc1.o"
#        "C:\Users\Admin\Desktop\Projects\stm8s\Find Factors
#        Improved\Debug\Obj\stm8s_awu.o"
#        "C:\Users\Admin\Desktop\Projects\stm8s\Find Factors
#        Improved\Debug\Obj\stm8s_beep.o"
#        "C:\Users\Admin\Desktop\Projects\stm8s\Find Factors
#        Improved\Debug\Obj\stm8s_clk.o"
#        "C:\Users\Admin\Desktop\Projects\stm8s\Find Factors
#        Improved\Debug\Obj\stm8s_exti.o"
#        "C:\Users\Admin\Desktop\Projects\stm8s\Find Factors
#        Improved\Debug\Obj\stm8s_flash.o"
#        "C:\Users\Admin\Desktop\Projects\stm8s\Find Factors
#        Improved\Debug\Obj\stm8s_gpio.o"
#        "C:\Users\Admin\Desktop\Projects\stm8s\Find Factors
#        Improved\Debug\Obj\stm8s_i2c.o"
#        "C:\Users\Admin\Desktop\Projects\stm8s\Find Factors
#        Improved\Debug\Obj\stm8s_itc.o"
#        "C:\Users\Admin\Desktop\Projects\stm8s\Find Factors
#        Improved\Debug\Obj\stm8s_iwdg.o"
#        "C:\Users\Admin\Desktop\Projects\stm8s\Find Factors
#        Improved\Debug\Obj\stm8s_rst.o"
#        "C:\Users\Admin\Desktop\Projects\stm8s\Find Factors
#        Improved\Debug\Obj\stm8s_spi.o"
#        "C:\Users\Admin\Desktop\Projects\stm8s\Find Factors
#        Improved\Debug\Obj\stm8s_tim1.o"
#        "C:\Users\Admin\Desktop\Projects\stm8s\Find Factors
#        Improved\Debug\Obj\stm8s_tim2.o"
#        "C:\Users\Admin\Desktop\Projects\stm8s\Find Factors
#        Improved\Debug\Obj\stm8s_tim4.o"
#        "C:\Users\Admin\Desktop\Projects\stm8s\Find Factors
#        Improved\Debug\Obj\stm8s_uart1.o"
#        "C:\Users\Admin\Desktop\Projects\stm8s\Find Factors
#        Improved\Debug\Obj\stm8s_wwdg.o" --redirect _Printf=_PrintfTiny
#        --redirect _Scanf=_ScanfSmallNoMb -o
#        "C:\Users\Admin\Desktop\Projects\stm8s\Find Factors
#        Improved\Debug\Exe\Find Factors Improved.out" --map
#        "C:\Users\Admin\Desktop\Projects\stm8s\Find Factors
#        Improved\Debug\List\Find Factors Improved.map" --config "C:\Program
#        Files (x86)\IAR Systems\Embedded Workbench
#        8.0\stm8\config\lnkstm8s103f3.icf" --config_def _CSTACK_SIZE=0x100
#        --config_def _HEAP_SIZE=0x100 --entry __iar_program_start --debug_lib)
#
###############################################################################

*******************************************************************************
*** RUNTIME MODEL ATTRIBUTES
***

__SystemLibrary            = DLib
__code_model               = small
__core                     = stm8
__data_model               = medium
__dlib_file_descriptor     = 0
__dlib_full_locale_support = 0
__rt_version               = 4


*******************************************************************************
*** PLACEMENT SUMMARY
***

"A0":  place at start of [0x000000-0x0000ff] { rw section .vregs };
"A1":  place at end of [0x000000-0x0003ff] { block CSTACK };
"A2":  place at start of [0x008000-0x009fff] { block INTVEC };
"P3":  place in [from 0x008000 to 0x009fff] {
          ro section __DLIB_PERTHREAD_init, ro section .far.data_init,
          ro section .far_func.textrw_init, ro section .huge.data_init,
          ro section .huge_func.textrw_init, ro section .iar.init_table,
          ro section .init_array, ro section .near.data_init,
          ro section .near.rodata, ro section .near_func.text,
          ro section .near_func.textrw_init, ro section .tiny.data_init,
          ro section .tiny.rodata_init };
"P4":  place in [from 0x008000 to 0x009fff] {
          ro section .far.rodata, ro section .far_func.text };
"P5":  place in [from 0x008000 to 0x009fff] {
          ro section .huge.rodata, ro section .huge_func.text };
do not initialize {
   rw section .eeprom.noinit, rw section .far.noinit, rw section .huge.noinit,
   rw section .near.noinit, rw section .tiny.noinit, rw section .vregs };

  Section          Kind      Address   Size  Object
  -------          ----      -------   ----  ------
"A0":                                  0x10
  .vregs           uninit   0x000000   0x10  vregs.o [4]
                          - 0x000010   0x10

"A1":                                 0x100
  CSTACK                    0x000300  0x100  <Block>
    CSTACK         uninit   0x000300  0x100  <Block tail>
                          - 0x000400  0x100

"A2":                                  0x80
  INTVEC                    0x008000   0x80  <Block>
    .intvec        const    0x008000   0x80  interrupt.o [4]
                          - 0x008080   0x80

"P3-P5":                              0xaf0
  .near_func.text  ro code  0x008080  0x226  stm8s_uart1.o [1]
  .near_func.text  ro code  0x0082a6  0x197  xprintftiny.o [4]
  .near_func.text  ro code  0x00843d  0x12b  long.o [4]
  .near_func.text  ro code  0x008568  0x106  vreg_util.o [4]
  .near_func.text  ro code  0x00866e   0xad  main.o [1]
  .near_func.text  ro code  0x00871b   0xab  stm8s_uart1.o [1]
  .near_func.text  ro code  0x0087c6   0x7b  stm8s_clk.o [1]
  .near.rodata     const    0x008841   0x62  stm8s_uart1.o [1]
  .near.rodata     const    0x0088a3   0x60  stm8s_clk.o [1]
  .near_func.text  ro code  0x008903   0x47  long_util.o [4]
  .near_func.text  ro code  0x00894a   0x3d  stm8s_clk.o [1]
  .near_func.text  ro code  0x008987   0x2e  short.o [4]
  .near_func.text  ro code  0x0089b5   0x2e  xprintftiny.o [4]
  .near_func.text  ro code  0x0089e3   0x2d  main.o [1]
  .near_func.text  ro code  0x008a10   0x2d  stm8s_uart1.o [1]
  .near_func.text  ro code  0x008a3d   0x2c  main.o [1]
  .near_func.text  ro code  0x008a69   0x25  dc_util.o [4]
  .near_func.text  ro code  0x008a8e   0x1d  printf.o [4]
  .near_func.text  ro code  0x008aab   0x1b  xprout.o [4]
  .near_func.text  ro code  0x008ac6   0x19  main.o [1]
  .near_func.text  ro code  0x008adf   0x14  init.o [4]
  .near_func.text  ro code  0x008af3   0x14  __dbg_xxexit.o [3]
  .near_func.text  ro code  0x008b07   0x13  cstartup.o [4]
  .near.rodata     const    0x008b1a    0xe  main.o [1]
  .near_func.text  ro code  0x008b28    0xe  stm8s_uart1.o [1]
  .near_func.text  ro code  0x008b36    0xd  strlen.o [4]
  .near_func.text  ro code  0x008b43    0x7  xprintftiny.o [4]
  .near_func.text  ro code  0x008b4a    0x6  xprintftiny.o [4]
  .near_func.text  ro code  0x008b50    0x5  cexit.o [4]
  .near.rodata     const    0x008b55    0x4  stm8s_clk.o [1]
  .near_func.text  ro code  0x008b59    0x4  stm8s_uart1.o [1]
  .near_func.text  ro code  0x008b5d    0x3  interrupt.o [4]
  .near_func.text  ro code  0x008b60    0x3  low_level_init.o [4]
  .near_func.text  ro code  0x008b63    0x3  exit.o [4]
  .near_func.text  ro code  0x008b66    0x3  unhandled_exception.o [4]
  .near.rodata     const    0x008b69    0x2  xprintftiny.o [4]
  .near.rodata     const    0x008b6b    0x2  xprintftiny.o [4]
  .near_func.text  ro code  0x008b6d    0x2  main.o [1]
  .near_func.text  ro code  0x008b6f    0x1  __dbg_break.o [3]
                          - 0x008b70  0xaf0



*******************************************************************************
*** MODULE SUMMARY
***

    Module                 ro code  ro data  rw data
    ------                 -------  -------  -------
C:\Users\Admin\Desktop\Projects\stm8s\Find Factors Improved\Debug\Obj: [1]
    main.o                     289       14
    stm8s_clk.o                184      100
    stm8s_uart1.o              784       98
    ------------------------------------------------
    Total:                   1 257      212

command line: [2]
    ------------------------------------------------
    Total:

dbgstm8smd.a: [3]
    __dbg_break.o                1
    __dbg_xxexit.o              20
    ------------------------------------------------
    Total:                      21

dlstm8smn.a: [4]
    cexit.o                      5
    cstartup.o                  19
    dc_util.o                   37
    exit.o                       3
    init.o                      20
    interrupt.o                  3      128
    long.o                     299
    long_util.o                 71
    low_level_init.o             3
    printf.o                    29
    short.o                     46
    strlen.o                    13
    unhandled_exception.o        3
    vreg_util.o                262
    vregs.o                                       16
    xprintftiny.o              466        4
    xprout.o                    27
    ------------------------------------------------
    Total:                   1 306      132       16

    Linker created                               256
----------------------------------------------------
    Grand Total:             2 584      344      272


*******************************************************************************
*** ENTRY LIST
***

Entry                      Address   Size  Type      Object
-----                      -------   ----  ----      ------
?b0                       0x000000         Data  Gb  vregs.o [4]
?b1                       0x000001         Data  Gb  vregs.o [4]
?b10                      0x00000a         Data  Gb  vregs.o [4]
?b11                      0x00000b         Data  Gb  vregs.o [4]
?b12                      0x00000c         Data  Gb  vregs.o [4]
?b13                      0x00000d         Data  Gb  vregs.o [4]
?b14                      0x00000e         Data  Gb  vregs.o [4]
?b15                      0x00000f         Data  Gb  vregs.o [4]
?b2                       0x000002         Data  Gb  vregs.o [4]
?b3                       0x000003         Data  Gb  vregs.o [4]
?b4                       0x000004         Data  Gb  vregs.o [4]
?b5                       0x000005         Data  Gb  vregs.o [4]
?b6                       0x000006         Data  Gb  vregs.o [4]
?b7                       0x000007         Data  Gb  vregs.o [4]
?b8                       0x000008         Data  Gb  vregs.o [4]
?b9                       0x000009         Data  Gb  vregs.o [4]
?dc32_l0                  0x008a69         Code  Gb  dc_util.o [4]
?dc32_l1                  0x008a76         Code  Gb  dc_util.o [4]
?dc32_px                  0x008a83         Code  Gb  dc_util.o [4]
?e0                       0x000001         Data  Gb  vregs.o [4]
?e1                       0x000005         Data  Gb  vregs.o [4]
?e2                       0x000009         Data  Gb  vregs.o [4]
?e3                       0x00000d         Data  Gb  vregs.o [4]
?epilogue_l2              0x008602         Code  Gb  vreg_util.o [4]
?epilogue_l2_l3           0x0085ff         Code  Gb  vreg_util.o [4]
?epilogue_l2_w6           0x008606         Code  Gb  vreg_util.o [4]
?epilogue_w4              0x00860d         Code  Gb  vreg_util.o [4]
?l0                       0x000000         Data  Gb  vregs.o [4]
?l1                       0x000004         Data  Gb  vregs.o [4]
?l2                       0x000008         Data  Gb  vregs.o [4]
?l3                       0x00000c         Data  Gb  vregs.o [4]
?load32_0x_l0             0x00893c         Code  Gb  long_util.o [4]
?load32_asp_l0            0x008930         Code  Gb  long_util.o [4]
?load32_dbsp_l0           0x00892b         Code  Gb  long_util.o [4]
?load32_l0_0x             0x008913         Code  Gb  long_util.o [4]
?load32_l0_asp            0x008908         Code  Gb  long_util.o [4]
?load32_l0_dbsp           0x008903         Code  Gb  long_util.o [4]
?load32_l0_xsp            0x00890a         Code  Gb  long_util.o [4]
?load32_l1_0x             0x00891f         Code  Gb  long_util.o [4]
?load32_xsp_l0            0x008932         Code  Gb  long_util.o [4]
?mov_e0_e2                0x008630         Code  Gb  vreg_util.o [4]
?mov_e0_e3                0x00863d         Code  Gb  vreg_util.o [4]
?mov_e1_e0                0x00864a         Code  Gb  vreg_util.o [4]
?mov_e2_e0                0x008657         Code  Gb  vreg_util.o [4]
?mov_e3_e0                0x008664         Code  Gb  vreg_util.o [4]
?mov_l0_l2                0x00862d         Code  Gb  vreg_util.o [4]
?mov_l0_l3                0x00863a         Code  Gb  vreg_util.o [4]
?mov_l1_l0                0x008647         Code  Gb  vreg_util.o [4]
?mov_l2_l0                0x008654         Code  Gb  vreg_util.o [4]
?mov_l3_l0                0x008661         Code  Gb  vreg_util.o [4]
?mov_w0_w5                0x008611         Code  Gb  vreg_util.o [4]
?mov_w1_w5                0x008633         Code  Gb  vreg_util.o [4]
?mov_w1_w7                0x008640         Code  Gb  vreg_util.o [4]
?mov_w2_w5                0x008618         Code  Gb  vreg_util.o [4]
?mov_w3_w1                0x00864d         Code  Gb  vreg_util.o [4]
?mov_w4_w1                0x00861f         Code  Gb  vreg_util.o [4]
?mov_w5_w0                0x008626         Code  Gb  vreg_util.o [4]
?mov_w5_w1                0x00865a         Code  Gb  vreg_util.o [4]
?mov_w7_w1                0x008667         Code  Gb  vreg_util.o [4]
?mul32_l0_l0_0x           0x00845b         Code  Gb  long.o [4]
?mul32_l0_l0_dl           0x008458         Code  Gb  long.o [4]
?mul32_l0_l0_l1           0x008464         Code  Gb  long.o [4]
?pop_l1                   0x0085d6         Code  Gb  vreg_util.o [4]
?pop_l2                   0x0085e1         Code  Gb  vreg_util.o [4]
?pop_l3                   0x0085ec         Code  Gb  vreg_util.o [4]
?pop_w4                   0x008594         Code  Gb  vreg_util.o [4]
?pop_w6                   0x00859b         Code  Gb  vreg_util.o [4]
?push_l0                  0x0085aa         Code  Gb  vreg_util.o [4]
?push_l2                  0x0085af         Code  Gb  vreg_util.o [4]
?push_l3                  0x0085b4         Code  Gb  vreg_util.o [4]
?push_w0                  0x008568         Code  Gb  vreg_util.o [4]
?push_w1                  0x00856d         Code  Gb  vreg_util.o [4]
?push_w4                  0x008572         Code  Gb  vreg_util.o [4]
?push_w5                  0x008577         Code  Gb  vreg_util.o [4]
?push_w6                  0x00857c         Code  Gb  vreg_util.o [4]
?sdiv16_x_x_y             0x008987         Code  Gb  short.o [4]
?sll32_0x_0x_a            0x00855a         Code  Gb  long.o [4]
?sll32_l0_l0_a            0x008557         Code  Gb  long.o [4]
?smod16_y_x_y             0x0089a0         Code  Gb  short.o [4]
?srl16_x_x_4              0x0089b0         Code  Gb  short.o [4]
?sub32_l0_l0_0x           0x008440         Code  Gb  long.o [4]
?sub32_l0_l0_l1           0x00843d         Code  Gb  long.o [4]
?udiv32_l0_dl_l1          0x0084e2         Code  Gb  long.o [4]
?udiv32_l0_l0_dl          0x0084e7         Code  Gb  long.o [4]
?udiv32_l0_l0_l1          0x0084ea         Code  Gb  long.o [4]
?umod32_l1_l0_l1          0x0084ea         Code  Gb  long.o [4]
?w0                       0x000000         Data  Gb  vregs.o [4]
?w1                       0x000002         Data  Gb  vregs.o [4]
?w2                       0x000004         Data  Gb  vregs.o [4]
?w3                       0x000006         Data  Gb  vregs.o [4]
?w4                       0x000008         Data  Gb  vregs.o [4]
?w5                       0x00000a         Data  Gb  vregs.o [4]
?w6                       0x00000c         Data  Gb  vregs.o [4]
?w7                       0x00000e         Data  Gb  vregs.o [4]
CLK_GetClockFreq          0x0087c6   0x7b  Code  Gb  stm8s_clk.o [1]
CLK_HSIPrescalerConfig    0x00894a   0x3d  Code  Gb  stm8s_clk.o [1]
CSTACK$$Base              0x000300          --   Gb  - Linker created -
CSTACK$$Limit             0x000400          --   Gb  - Linker created -
FindFactors               0x00866e   0xad  Code  Gb  main.o [1]
HSIDivFactor              0x008b55    0x4  Data  Gb  stm8s_clk.o [1]
INTVEC$$Base              0x008000          --   Gb  - Linker created -
INTVEC$$Limit             0x008080          --   Gb  - Linker created -
Region$$Table$$Base     0x00000000          --   Gb  - Linker created -
Region$$Table$$Limit    0x00000000          --   Gb  - Linker created -
UART1_Cmd                 0x008b28    0xe  Code  Gb  stm8s_uart1.o [1]
UART1_DeInit              0x008a10   0x2d  Code  Gb  stm8s_uart1.o [1]
UART1_GetFlagStatus       0x00871b   0xab  Code  Gb  stm8s_uart1.o [1]
UART1_Init                0x008080  0x226  Code  Gb  stm8s_uart1.o [1]
UART1_SendData8           0x008b59    0x4  Code  Gb  stm8s_uart1.o [1]
_PrintfTiny               0x0082a6  0x197  Code  Gb  xprintftiny.o [4]
_Prout                    0x008aab   0x1b  Code  Gb  xprout.o [4]
__DebugBreak              0x008b6f    0x1  Code  Gb  __dbg_break.o [3]
__exit                    0x008af3   0x14  Code  Gb  __dbg_xxexit.o [3]
__iar_data_init2          0x008adf   0x14  Code  Gb  init.o [4]
__iar_program_start       0x008b07         Code  Gb  cstartup.o [4]
__iar_unhandled_exception
                          0x008b66         Code  Gb  unhandled_exception.o [4]
__intvec                  0x008000         Data  Gb  interrupt.o [4]
__low_level_init          0x008b60    0x3  Code  Gb  low_level_init.o [4]
_exit                     0x008b50         Code  Gb  cexit.o [4]
assert_failed             0x008b6d    0x2  Code  Gb  main.o [1]
exit                      0x008b63    0x3  Code  Gb  exit.o [4]
main                      0x0089e3   0x2d  Code  Gb  main.o [1]
out                       0x0089b5   0x2e  Code  Lc  xprintftiny.o [4]
printf                    0x008a8e   0x1d  Code  Gb  printf.o [4]
putchar                   0x008ac6   0x19  Code  Gb  main.o [1]
root1                     0x008a3d   0x2c  Code  Gb  main.o [1]
strlen                    0x008b36    0xd  Code  Gb  strlen.o [4]


[1] = C:\Users\Admin\Desktop\Projects\stm8s\Find Factors Improved\Debug\Obj
[2] = command line
[3] = dbgstm8smd.a
[4] = dlstm8smn.a

  2 584 bytes of readonly  code memory
    344 bytes of readonly  data memory
    272 bytes of readwrite data memory

Errors: none
Warnings: none
