###############################################################################
#
# IAR ELF Linker V3.10.1.201 for STM8                     25/Aug/2019  03:46:05
# Copyright 2010-2017 IAR Systems AB.
#
#    Output file  =  
#        C:\Users\Admin\Desktop\Projects\stm8s\Fermat's Simplicity
#        Test\Debug\Exe\Simplicity_Test.out
#    Map file     =  
#        C:\Users\Admin\Desktop\Projects\stm8s\Fermat's Simplicity
#        Test\Debug\List\Simplicity_Test.map
#    Command line =  
#        -f C:\Users\Admin\AppData\Local\Temp\EWB559.tmp
#        ("C:\Users\Admin\Desktop\Projects\stm8s\Fermat's Simplicity
#        Test\Debug\Obj\main.o" "C:\Users\Admin\Desktop\Projects\stm8s\Fermat's
#        Simplicity Test\Debug\Obj\stm8s_adc1.o"
#        "C:\Users\Admin\Desktop\Projects\stm8s\Fermat's Simplicity
#        Test\Debug\Obj\stm8s_awu.o"
#        "C:\Users\Admin\Desktop\Projects\stm8s\Fermat's Simplicity
#        Test\Debug\Obj\stm8s_beep.o"
#        "C:\Users\Admin\Desktop\Projects\stm8s\Fermat's Simplicity
#        Test\Debug\Obj\stm8s_clk.o"
#        "C:\Users\Admin\Desktop\Projects\stm8s\Fermat's Simplicity
#        Test\Debug\Obj\stm8s_exti.o"
#        "C:\Users\Admin\Desktop\Projects\stm8s\Fermat's Simplicity
#        Test\Debug\Obj\stm8s_flash.o"
#        "C:\Users\Admin\Desktop\Projects\stm8s\Fermat's Simplicity
#        Test\Debug\Obj\stm8s_gpio.o"
#        "C:\Users\Admin\Desktop\Projects\stm8s\Fermat's Simplicity
#        Test\Debug\Obj\stm8s_i2c.o"
#        "C:\Users\Admin\Desktop\Projects\stm8s\Fermat's Simplicity
#        Test\Debug\Obj\stm8s_itc.o"
#        "C:\Users\Admin\Desktop\Projects\stm8s\Fermat's Simplicity
#        Test\Debug\Obj\stm8s_iwdg.o"
#        "C:\Users\Admin\Desktop\Projects\stm8s\Fermat's Simplicity
#        Test\Debug\Obj\stm8s_rst.o"
#        "C:\Users\Admin\Desktop\Projects\stm8s\Fermat's Simplicity
#        Test\Debug\Obj\stm8s_spi.o"
#        "C:\Users\Admin\Desktop\Projects\stm8s\Fermat's Simplicity
#        Test\Debug\Obj\stm8s_tim1.o"
#        "C:\Users\Admin\Desktop\Projects\stm8s\Fermat's Simplicity
#        Test\Debug\Obj\stm8s_tim2.o"
#        "C:\Users\Admin\Desktop\Projects\stm8s\Fermat's Simplicity
#        Test\Debug\Obj\stm8s_tim4.o"
#        "C:\Users\Admin\Desktop\Projects\stm8s\Fermat's Simplicity
#        Test\Debug\Obj\stm8s_uart1.o"
#        "C:\Users\Admin\Desktop\Projects\stm8s\Fermat's Simplicity
#        Test\Debug\Obj\stm8s_wwdg.o" --redirect _Printf=_PrintfTiny --redirect
#        _Scanf=_ScanfSmallNoMb -o
#        "C:\Users\Admin\Desktop\Projects\stm8s\Fermat's Simplicity
#        Test\Debug\Exe\Simplicity_Test.out" --map
#        "C:\Users\Admin\Desktop\Projects\stm8s\Fermat's Simplicity
#        Test\Debug\List\Simplicity_Test.map" --config "C:\Program Files
#        (x86)\IAR Systems\Embedded Workbench
#        8.0\stm8\config\lnkstm8s103f3.icf" --config_def _CSTACK_SIZE=0x100
#        --config_def _HEAP_SIZE=0x100 --entry __iar_program_start --debug_lib)
#
###############################################################################

*******************************************************************************
*** RUNTIME MODEL ATTRIBUTES
***

__SystemLibrary            = DLib
__code_model               = small
__core                     = stm8
__data_model               = medium
__dlib_file_descriptor     = 0
__dlib_full_locale_support = 0
__rt_version               = 4


*******************************************************************************
*** PLACEMENT SUMMARY
***

"A0":  place at start of [0x000000-0x0000ff] { rw section .vregs };
"A1":  place at end of [0x000000-0x0003ff] { block CSTACK };
"P2":  place in [from 0x000000 to 0x0003ff] {
          block HEAP, rw section __DLIB_PERTHREAD, rw section .far.bss,
          rw section .far.data, rw section .far.noinit,
          rw section .far_func.textrw, rw section .huge.bss,
          rw section .huge.data, rw section .huge.noinit,
          rw section .huge_func.textrw, rw section .iar.dynexit,
          rw section .near.bss, rw section .near.data, rw section .near.noinit,
          rw section .near_func.textrw };
"A2":  place at start of [0x008000-0x009fff] { block INTVEC };
"P3":  place in [from 0x008000 to 0x009fff] {
          ro section __DLIB_PERTHREAD_init, ro section .far.data_init,
          ro section .far_func.textrw_init, ro section .huge.data_init,
          ro section .huge_func.textrw_init, ro section .iar.init_table,
          ro section .init_array, ro section .near.data_init,
          ro section .near.rodata, ro section .near_func.text,
          ro section .near_func.textrw_init, ro section .tiny.data_init,
          ro section .tiny.rodata_init };
"P4":  place in [from 0x008000 to 0x009fff] {
          ro section .far.rodata, ro section .far_func.text };
"P5":  place in [from 0x008000 to 0x009fff] {
          ro section .huge.rodata, ro section .huge_func.text };
do not initialize {
   rw section .eeprom.noinit, rw section .far.noinit, rw section .huge.noinit,
   rw section .near.noinit, rw section .tiny.noinit, rw section .vregs };
initialize by copy {
   rw section .far.bss, rw section .far.data, rw section .far_func.textrw,
   rw section .huge.bss, rw section .huge.data, rw section .huge_func.textrw,
   rw section .iar.dynexit, rw section .near.bss, rw section .near.data,
   rw section .near_func.textrw, rw section .tiny.bss, rw section .tiny.data,
   ro section .tiny.rodata };

  Section            Kind      Address    Size  Object
  -------            ----      -------    ----  ------
"A0":                                     0x10
  .vregs             uninit   0x000000    0x10  vregs.o [4]
                            - 0x000010    0x10

"P2", part 1 of 2:                         0x4
  P2-1                        0x000010     0x4  <Init block>
    .near.data       inited   0x000010     0x4  rand.o [4]
                            - 0x000014     0x4

"P2", part 2 of 2:                        0x8f
  .near.bss          zero     0x000014    0x80  rand.o [4]
  .near.bss          zero     0x000094     0x4  rand.o [4]
  .near.bss          zero     0x000098     0x2  rand.o [4]
  .near.bss          zero     0x00009a     0x2  rand.o [4]
  .near.bss          zero     0x00009c     0x2  rand.o [4]
  .near.bss          zero     0x00009e     0x2  rand.o [4]
  .near.bss          zero     0x0000a0     0x2  errno.o [4]
  .near.bss          zero     0x0000a2     0x1  rand.o [4]
                            - 0x0000a3    0x8f

"A1":                                    0x100
  CSTACK                      0x000300   0x100  <Block>
    CSTACK           uninit   0x000300   0x100  <Block tail>
                            - 0x000400   0x100

"A2":                                     0x80
  INTVEC                      0x008000    0x80  <Block>
    .intvec          const    0x008000    0x80  interrupt.o [4]
                            - 0x008080    0x80

"P3-P5":                                0x1849
  .near_func.text    ro code  0x008080   0x4c1  float.o [4]
  .near_func.text    ro code  0x008541   0x2fa  pow.o [4]
  .near_func.text    ro code  0x00883b   0x222  stm8s_uart1.o [1]
  .near_func.text    ro code  0x008a5d   0x1f5  xexp.o [4]
  .near_func.text    ro code  0x008c52   0x197  xprintftiny.o [4]
  .near_func.text    ro code  0x008de9   0x181  float_libsup.o [4]
  .near_func.text    ro code  0x008f6a   0x166  long.o [4]
  .near_func.text    ro code  0x0090d0   0x11a  vreg_util.o [4]
  .near_func.text    ro code  0x0091ea    0xcb  xdint.o [4]
  .near_func.text    ro code  0x0092b5    0x9e  stm8s_uart1.o [1]
  .near_func.text    ro code  0x009353    0x94  rand.o [4]
  .near_func.text    ro code  0x0093e7    0x84  long_util.o [4]
  .near.rodata       const    0x00946b    0x65  stm8s_uart1.o [1]
  .near.rodata       const    0x0094d0    0x63  stm8s_clk.o [1]
  .near_func.text    ro code  0x009533    0x61  main.o [1]
  .near_func.text    ro code  0x009594    0x57  stm8s_clk.o [1]
  .near_func.text    ro code  0x0095eb    0x43  main.o [1]
  .near_func.text    ro code  0x00962e    0x3d  stm8s_clk.o [1]
  .near_func.text    ro code  0x00966b    0x2e  xprintftiny.o [4]
  .near_func.text    ro code  0x009699    0x2d  stm8s_uart1.o [1]
  .near_func.text    ro code  0x0096c6    0x28  init_small.o [4]
  .near_func.text    ro code  0x0096ee    0x25  dc_util.o [4]
  .iar.init_table    const    0x009713    0x12  - Linker created -
  .near_func.text    ro code  0x009725    0x20  short.o [4]
  .near_func.text    ro code  0x009745    0x1f  xlog.o [4]
  .near_func.text    ro code  0x009764    0x1e  init_small.o [4]
  .near_func.text    ro code  0x009782    0x1d  printf.o [4]
  .near_func.text    ro code  0x00979f    0x1b  xprout.o [4]
  .near_func.text    ro code  0x0097ba    0x1a  rand.o [4]
  .near_func.text    ro code  0x0097d4    0x19  main.o [1]
  .near.rodata       const    0x0097ed    0x18  main.o [1]
  .near.rodata       const    0x009805    0x14  main.o [1]
  .near_func.text    ro code  0x009819    0x14  init.o [4]
  .near_func.text    ro code  0x00982d    0x14  __dbg_xxexit.o [3]
  .near_func.text    ro code  0x009841    0x13  cstartup.o [4]
  .near_func.text    ro code  0x009854     0xd  stm8s_uart1.o [1]
  .near_func.text    ro code  0x009861     0xd  strlen.o [4]
  .near_func.text    ro code  0x00986e     0x9  rand.o [4]
  .near_func.text    ro code  0x009877     0x9  xlog.o [4]
  .near_func.text    ro code  0x009880     0x8  xexp.o [4]
  .near_func.text    ro code  0x009888     0x8  xexp.o [4]
  .near_func.text    ro code  0x009890     0x8  xexp.o [4]
  .near_func.text    ro code  0x009898     0x7  xprintftiny.o [4]
  .near_func.text    ro code  0x00989f     0x6  xprintftiny.o [4]
  .near_func.text    ro code  0x0098a5     0x5  cexit.o [4]
  .near.rodata       const    0x0098aa     0x4  stm8s_clk.o [1]
  .near_func.text    ro code  0x0098ae     0x4  stm8s_uart1.o [1]
  Initializer bytes  const    0x0098b2     0x4  <for P2-1>
  .near_func.text    ro code  0x0098b6     0x3  interrupt.o [4]
  .near_func.text    ro code  0x0098b9     0x3  low_level_init.o [4]
  .near_func.text    ro code  0x0098bc     0x3  exit.o [4]
  .near_func.text    ro code  0x0098bf     0x3  unhandled_exception.o [4]
  .near.rodata       const    0x0098c2     0x2  xprintftiny.o [4]
  .near.rodata       const    0x0098c4     0x2  xprintftiny.o [4]
  .near_func.text    ro code  0x0098c6     0x2  main.o [1]
  .near_func.text    ro code  0x0098c8     0x1  __dbg_break.o [3]
                            - 0x0098c9  0x1849


*******************************************************************************
*** INIT TABLE
***

          Address   Size
          -------   ----
Zero (__iar_zero_init2)
    1 destination range, total size 0x8f:
          0x000014  0x8f

Copy (__iar_copy_init2)
    1 source range, total size 0x4:
          0x0098b2   0x4
    1 destination range, total size 0x4:
          0x000010   0x4



*******************************************************************************
*** MODULE SUMMARY
***

    Module                 ro code  ro data  rw data
    ------                 -------  -------  -------
C:\Users\Admin\Desktop\Projects\stm8s\Fermat's Simplicity Test\Debug\Obj: [1]
    main.o                     191       44
    stm8s_clk.o                148      103
    stm8s_uart1.o              766      101
    ------------------------------------------------
    Total:                   1 105      248

command line: [2]
    ------------------------------------------------
    Total:

dbgstm8smd.a: [3]
    __dbg_break.o                1
    __dbg_xxexit.o              20
    ------------------------------------------------
    Total:                      21

dlstm8smn.a: [4]
    cexit.o                      5
    cstartup.o                  19
    dc_util.o                   37
    errno.o                                        2
    exit.o                       3
    float.o                  1 217
    float_libsup.o             385
    init.o                      20
    init_small.o                70
    interrupt.o                  3      128
    long.o                     358
    long_util.o                132
    low_level_init.o             3
    pow.o                      762
    printf.o                    29
    rand.o                     183        4      145
    short.o                     32
    strlen.o                    13
    unhandled_exception.o        3
    vreg_util.o                282
    vregs.o                                       16
    xdint.o                    203
    xexp.o                     525
    xlog.o                      40
    xprintftiny.o              466        4
    xprout.o                    27
    ------------------------------------------------
    Total:                   4 817      136      163

    Linker created                       18      256
----------------------------------------------------
    Grand Total:             5 943      402      419


*******************************************************************************
*** ENTRY LIST
***

Entry                    Address   Size  Type      Object
-----                    -------   ----  ----      ------
.iar.init_table$$Base   0x009713          --   Gb  - Linker created -
.iar.init_table$$Limit  0x009725          --   Gb  - Linker created -
?add32_l0_l0_0x         0x008f82         Code  Gb  long.o [4]
?add32_l0_l0_dl         0x008f7a         Code  Gb  long.o [4]
?add32_l0_l0_l1         0x008f7f         Code  Gb  long.o [4]
?b0                     0x000000         Data  Gb  vregs.o [4]
?b1                     0x000001         Data  Gb  vregs.o [4]
?b10                    0x00000a         Data  Gb  vregs.o [4]
?b11                    0x00000b         Data  Gb  vregs.o [4]
?b12                    0x00000c         Data  Gb  vregs.o [4]
?b13                    0x00000d         Data  Gb  vregs.o [4]
?b14                    0x00000e         Data  Gb  vregs.o [4]
?b15                    0x00000f         Data  Gb  vregs.o [4]
?b2                     0x000002         Data  Gb  vregs.o [4]
?b3                     0x000003         Data  Gb  vregs.o [4]
?b4                     0x000004         Data  Gb  vregs.o [4]
?b5                     0x000005         Data  Gb  vregs.o [4]
?b6                     0x000006         Data  Gb  vregs.o [4]
?b7                     0x000007         Data  Gb  vregs.o [4]
?b8                     0x000008         Data  Gb  vregs.o [4]
?b9                     0x000009         Data  Gb  vregs.o [4]
?dc32_l0                0x0096ee         Code  Gb  dc_util.o [4]
?dc32_l1                0x0096fb         Code  Gb  dc_util.o [4]
?dc32_px                0x009708         Code  Gb  dc_util.o [4]
?e0                     0x000001         Data  Gb  vregs.o [4]
?e1                     0x000005         Data  Gb  vregs.o [4]
?e2                     0x000009         Data  Gb  vregs.o [4]
?e3                     0x00000d         Data  Gb  vregs.o [4]
?epilogue_l2            0x00915e         Code  Gb  vreg_util.o [4]
?epilogue_l2_l3         0x00915b         Code  Gb  vreg_util.o [4]
?epilogue_w4            0x009162         Code  Gb  vreg_util.o [4]
?fadd32_l0_l0_dc32      0x0080a3         Code  Gb  float.o [4]
?fadd32_l0_l0_l1        0x0080a8         Code  Gb  float.o [4]
?fcastf32s16_l0_x       0x008362         Code  Gb  float.o [4]
?fcastf32s32_l0_l0      0x0083fd         Code  Gb  float.o [4]
?fcasts32f32_l0_l0      0x00839c         Code  Gb  float.o [4]
?fcastu32f32_l0_l0      0x008385         Code  Gb  float.o [4]
?fcmpeq32_c_0x_fzero    0x0082cc         Code  Gb  float.o [4]
?fcmpeq32_c_l0_0x       0x0082d9         Code  Gb  float.o [4]
?fcmpeq32_c_l0_dc32     0x0082d4         Code  Gb  float.o [4]
?fcmpeq32_c_l0_fzero    0x0082c9         Code  Gb  float.o [4]
?fcmpge32_c_l0_0x       0x008303         Code  Gb  float.o [4]
?fcmpge32_c_l0_dc32     0x0082fe         Code  Gb  float.o [4]
?fcmplt32_c_l0_0x       0x00830c         Code  Gb  float.o [4]
?fcmplt32_c_l0_dc32     0x008307         Code  Gb  float.o [4]
?fdiv32_l0_l0_dc32      0x008216         Code  Gb  float.o [4]
?fdiv32_l0_l0_l1        0x00821b         Code  Gb  float.o [4]
?fmul32_l0_l0_dc32      0x008176         Code  Gb  float.o [4]
?fmul32_l0_l0_l1        0x00817b         Code  Gb  float.o [4]
?fsub32_l0_l0_l1        0x00809d         Code  Gb  float.o [4]
?l0                     0x000000         Data  Gb  vregs.o [4]
?l1                     0x000004         Data  Gb  vregs.o [4]
?l2                     0x000008         Data  Gb  vregs.o [4]
?l3                     0x00000c         Data  Gb  vregs.o [4]
?load32_0x_l0           0x009430         Code  Gb  long_util.o [4]
?load32_0x_l1           0x00943e         Code  Gb  long_util.o [4]
?load32_0x_l2           0x00945d         Code  Gb  long_util.o [4]
?load32_asp_l0          0x009424         Code  Gb  long_util.o [4]
?load32_asp_l2          0x009451         Code  Gb  long_util.o [4]
?load32_dbsp_l0         0x00941f         Code  Gb  long_util.o [4]
?load32_dbsp_l2         0x00944c         Code  Gb  long_util.o [4]
?load32_l0_0x           0x0093f7         Code  Gb  long_util.o [4]
?load32_l0_asp          0x0093ec         Code  Gb  long_util.o [4]
?load32_l0_dbsp         0x0093e7         Code  Gb  long_util.o [4]
?load32_l0_xsp          0x0093ee         Code  Gb  long_util.o [4]
?load32_l1_0x           0x009413         Code  Gb  long_util.o [4]
?load32_l1_asp          0x009408         Code  Gb  long_util.o [4]
?load32_l1_dbsp         0x009403         Code  Gb  long_util.o [4]
?load32_l1_xsp          0x00940a         Code  Gb  long_util.o [4]
?load32_xsp_l0          0x009426         Code  Gb  long_util.o [4]
?load32_xsp_l2          0x009453         Code  Gb  long_util.o [4]
?mov_e0_e1              0x009185         Code  Gb  vreg_util.o [4]
?mov_e0_e2              0x009192         Code  Gb  vreg_util.o [4]
?mov_e0_e3              0x00919f         Code  Gb  vreg_util.o [4]
?mov_e1_e0              0x0091ac         Code  Gb  vreg_util.o [4]
?mov_e1_e2              0x0091b9         Code  Gb  vreg_util.o [4]
?mov_e1_e3              0x0091c6         Code  Gb  vreg_util.o [4]
?mov_e2_e0              0x0091d3         Code  Gb  vreg_util.o [4]
?mov_e3_e0              0x0091e0         Code  Gb  vreg_util.o [4]
?mov_l0_l1              0x009182         Code  Gb  vreg_util.o [4]
?mov_l0_l2              0x00918f         Code  Gb  vreg_util.o [4]
?mov_l0_l3              0x00919c         Code  Gb  vreg_util.o [4]
?mov_l1_l0              0x0091a9         Code  Gb  vreg_util.o [4]
?mov_l1_l2              0x0091b6         Code  Gb  vreg_util.o [4]
?mov_l1_l3              0x0091c3         Code  Gb  vreg_util.o [4]
?mov_l2_l0              0x0091d0         Code  Gb  vreg_util.o [4]
?mov_l3_l0              0x0091dd         Code  Gb  vreg_util.o [4]
?mov_w0_w5              0x009166         Code  Gb  vreg_util.o [4]
?mov_w1_w3              0x009188         Code  Gb  vreg_util.o [4]
?mov_w1_w5              0x009195         Code  Gb  vreg_util.o [4]
?mov_w1_w7              0x0091a2         Code  Gb  vreg_util.o [4]
?mov_w2_w5              0x00916d         Code  Gb  vreg_util.o [4]
?mov_w3_w1              0x0091af         Code  Gb  vreg_util.o [4]
?mov_w3_w5              0x0091bc         Code  Gb  vreg_util.o [4]
?mov_w3_w7              0x0091c9         Code  Gb  vreg_util.o [4]
?mov_w4_w1              0x009174         Code  Gb  vreg_util.o [4]
?mov_w5_w0              0x00917b         Code  Gb  vreg_util.o [4]
?mov_w5_w1              0x0091d6         Code  Gb  vreg_util.o [4]
?mov_w7_w1              0x0091e3         Code  Gb  vreg_util.o [4]
?mul32_l0_l0_0x         0x008fb8         Code  Gb  long.o [4]
?mul32_l0_l0_dl         0x008fb5         Code  Gb  long.o [4]
?mul32_l0_l0_l1         0x008fc1         Code  Gb  long.o [4]
?neg32_l0_l0            0x008f6a         Code  Gb  long.o [4]
?pop_l1                 0x009132         Code  Gb  vreg_util.o [4]
?pop_l2                 0x00913d         Code  Gb  vreg_util.o [4]
?pop_l3                 0x009148         Code  Gb  vreg_util.o [4]
?pop_w4                 0x0090f2         Code  Gb  vreg_util.o [4]
?push_l0                0x009101         Code  Gb  vreg_util.o [4]
?push_l1                0x009106         Code  Gb  vreg_util.o [4]
?push_l2                0x00910b         Code  Gb  vreg_util.o [4]
?push_l3                0x009110         Code  Gb  vreg_util.o [4]
?push_w0                0x0090d0         Code  Gb  vreg_util.o [4]
?push_w1                0x0090d5         Code  Gb  vreg_util.o [4]
?push_w4                0x0090da         Code  Gb  vreg_util.o [4]
?sext32_l0_x            0x0090c5         Code  Gb  long.o [4]
?sll16_x_x_a            0x009735         Code  Gb  short.o [4]
?sll32_0x_0x_a          0x0090b7         Code  Gb  long.o [4]
?sll32_l0_l0_a          0x0090b4         Code  Gb  long.o [4]
?smod16_y_x_y           0x009725         Code  Gb  short.o [4]
?srl16_x_x_4            0x009740         Code  Gb  short.o [4]
?srl16_x_x_5            0x00973f         Code  Gb  short.o [4]
?srl16_x_x_6            0x00973e         Code  Gb  short.o [4]
?srl16_x_x_7            0x00973d         Code  Gb  short.o [4]
?sub32_l0_l0_0x         0x008f9d         Code  Gb  long.o [4]
?sub32_l0_l0_l1         0x008f9a         Code  Gb  long.o [4]
?udiv32_l0_dl_l1        0x00903f         Code  Gb  long.o [4]
?udiv32_l0_l0_dl        0x009044         Code  Gb  long.o [4]
?udiv32_l0_l0_l1        0x009047         Code  Gb  long.o [4]
?umod32_l1_l0_l1        0x009047         Code  Gb  long.o [4]
?w0                     0x000000         Data  Gb  vregs.o [4]
?w1                     0x000002         Data  Gb  vregs.o [4]
?w2                     0x000004         Data  Gb  vregs.o [4]
?w3                     0x000006         Data  Gb  vregs.o [4]
?w4                     0x000008         Data  Gb  vregs.o [4]
?w5                     0x00000a         Data  Gb  vregs.o [4]
?w6                     0x00000c         Data  Gb  vregs.o [4]
?w7                     0x00000e         Data  Gb  vregs.o [4]
CLK_GetClockFreq        0x009594   0x57  Code  Gb  stm8s_clk.o [1]
CLK_HSIPrescalerConfig  0x00962e   0x3d  Code  Gb  stm8s_clk.o [1]
CSTACK$$Base            0x000300          --   Gb  - Linker created -
CSTACK$$Limit           0x000400          --   Gb  - Linker created -
HSIDivFactor            0x0098aa    0x4  Data  Gb  stm8s_clk.o [1]
INTVEC$$Base            0x008000          --   Gb  - Linker created -
INTVEC$$Limit           0x008080          --   Gb  - Linker created -
IsPrime                 0x009533   0x61  Code  Gb  main.o [1]
Region$$Table$$Base     0x009713          --   Gb  - Linker created -
Region$$Table$$Limit    0x009725          --   Gb  - Linker created -
UART1_Cmd               0x009854    0xd  Code  Gb  stm8s_uart1.o [1]
UART1_DeInit            0x009699   0x2d  Code  Gb  stm8s_uart1.o [1]
UART1_GetFlagStatus     0x0092b5   0x9e  Code  Gb  stm8s_uart1.o [1]
UART1_Init              0x00883b  0x222  Code  Gb  stm8s_uart1.o [1]
UART1_SendData8         0x0098ae    0x4  Code  Gb  stm8s_uart1.o [1]
_PrintfTiny             0x008c52  0x197  Code  Gb  xprintftiny.o [4]
_Prout                  0x00979f   0x1b  Code  Gb  xprout.o [4]
_Rand_idx               0x000094    0x4  Data  Lc  rand.o [4]
_Rand_rv                0x000014   0x80  Data  Lc  rand.o [4]
_Randinit               0x0000a2    0x1  Data  Gb  rand.o [4]
_Randseed               0x000010    0x4  Data  Gb  rand.o [4]
__DebugBreak            0x0098c8    0x1  Code  Gb  __dbg_break.o [3]
__exit                  0x00982d   0x14  Code  Gb  __dbg_xxexit.o [3]
__iar_Dint              0x0091ea   0xcb  Code  Gb  xdint.o [4]
__iar_Dnorm             0x008e09         Code  Gb  float_libsup.o [4]
__iar_Dscale            0x008e97         Code  Gb  float_libsup.o [4]
__iar_Dtest             0x008de9         Code  Gb  float_libsup.o [4]
__iar_Dunscale          0x008e45         Code  Gb  float_libsup.o [4]
__iar_Errno             0x0000a0    0x2  Data  Gb  errno.o [4]
__iar_Exp               0x008a5d  0x1f5  Code  Gb  xexp.o [4]
__iar_Logpoly           0x009877    0x9  Code  Gb  xlog.o [4]
__iar_Tls_setup__Rand_idx
                        0x00009c    0x2  Data  Lc  rand.o [4]
__iar_Tls_setup__Rand_rv
                        0x00009e    0x2  Data  Lc  rand.o [4]
__iar_Tls_setup__Randinit
                        0x000098    0x2  Data  Gb  rand.o [4]
__iar_Tls_setup__Randseed
                        0x00009a    0x2  Data  Gb  rand.o [4]
__iar_copy_init2        0x0096c6         Code  Gb  init_small.o [4]
__iar_data_init2        0x009819   0x14  Code  Gb  init.o [4]
__iar_program_start     0x009841         Code  Gb  cstartup.o [4]
__iar_unhandled_exception
                        0x0098bf         Code  Gb  unhandled_exception.o [4]
__iar_zero_init2        0x009764         Code  Gb  init_small.o [4]
__intvec                0x008000         Data  Gb  interrupt.o [4]
__low_level_init        0x0098b9    0x3  Code  Gb  low_level_init.o [4]
_exit                   0x0098a5         Code  Gb  cexit.o [4]
assert_failed           0x0098c6    0x2  Code  Gb  main.o [1]
exit                    0x0098bc    0x3  Code  Gb  exit.o [4]
internal_Pow            0x008541  0x2e1  Code  Lc  pow.o [4]
main                    0x0095eb   0x43  Code  Gb  main.o [1]
out                     0x00966b   0x2e  Code  Lc  xprintftiny.o [4]
pow                     0x008837    0x4  Code  Gb  pow.o [4]
printf                  0x009782   0x1d  Code  Gb  printf.o [4]
putchar                 0x0097d4   0x19  Code  Gb  main.o [1]
rand                    0x009353   0x94  Code  Gb  rand.o [4]
strlen                  0x009861    0xd  Code  Gb  strlen.o [4]


[1] = C:\Users\Admin\Desktop\Projects\stm8s\Fermat's Simplicity Test\Debug\Obj
[2] = command line
[3] = dbgstm8smd.a
[4] = dlstm8smn.a

  5 943 bytes of readonly  code memory
    402 bytes of readonly  data memory
    419 bytes of readwrite data memory

Errors: none
Warnings: none
