###############################################################################
#
# IAR ELF Linker V3.10.1.201 for STM8                     24/Aug/2019  05:25:25
# Copyright 2010-2017 IAR Systems AB.
#
#    Output file  =  
#        C:\Users\Admin\Desktop\Projects\stm8s\Find
#        Primes\Debug\Exe\FindPrimes.out
#    Map file     =  
#        C:\Users\Admin\Desktop\Projects\stm8s\Find
#        Primes\Debug\List\FindPrimes.map
#    Command line =  
#        -f C:\Users\Admin\AppData\Local\Temp\EW3B05.tmp
#        ("C:\Users\Admin\Desktop\Projects\stm8s\Find Primes\Debug\Obj\main.o"
#        "C:\Users\Admin\Desktop\Projects\stm8s\Find
#        Primes\Debug\Obj\stm8s_adc1.o"
#        "C:\Users\Admin\Desktop\Projects\stm8s\Find
#        Primes\Debug\Obj\stm8s_awu.o"
#        "C:\Users\Admin\Desktop\Projects\stm8s\Find
#        Primes\Debug\Obj\stm8s_beep.o"
#        "C:\Users\Admin\Desktop\Projects\stm8s\Find
#        Primes\Debug\Obj\stm8s_clk.o"
#        "C:\Users\Admin\Desktop\Projects\stm8s\Find
#        Primes\Debug\Obj\stm8s_exti.o"
#        "C:\Users\Admin\Desktop\Projects\stm8s\Find
#        Primes\Debug\Obj\stm8s_flash.o"
#        "C:\Users\Admin\Desktop\Projects\stm8s\Find
#        Primes\Debug\Obj\stm8s_gpio.o"
#        "C:\Users\Admin\Desktop\Projects\stm8s\Find
#        Primes\Debug\Obj\stm8s_i2c.o"
#        "C:\Users\Admin\Desktop\Projects\stm8s\Find
#        Primes\Debug\Obj\stm8s_itc.o"
#        "C:\Users\Admin\Desktop\Projects\stm8s\Find
#        Primes\Debug\Obj\stm8s_iwdg.o"
#        "C:\Users\Admin\Desktop\Projects\stm8s\Find
#        Primes\Debug\Obj\stm8s_rst.o"
#        "C:\Users\Admin\Desktop\Projects\stm8s\Find
#        Primes\Debug\Obj\stm8s_spi.o"
#        "C:\Users\Admin\Desktop\Projects\stm8s\Find
#        Primes\Debug\Obj\stm8s_tim1.o"
#        "C:\Users\Admin\Desktop\Projects\stm8s\Find
#        Primes\Debug\Obj\stm8s_tim2.o"
#        "C:\Users\Admin\Desktop\Projects\stm8s\Find
#        Primes\Debug\Obj\stm8s_tim4.o"
#        "C:\Users\Admin\Desktop\Projects\stm8s\Find
#        Primes\Debug\Obj\stm8s_uart1.o"
#        "C:\Users\Admin\Desktop\Projects\stm8s\Find
#        Primes\Debug\Obj\stm8s_wwdg.o" --redirect _Printf=_PrintfTiny
#        --redirect _Scanf=_ScanfSmallNoMb -f "C:\Program Files (x86)\IAR
#        Systems\Embedded Workbench 8.0\stm8\config\math_small.xcl" (--redirect
#        cos=__iar_cos_small --redirect cosf=__iar_cos_smallf --redirect
#        cosl=__iar_cos_smalll --redirect exp=__iar_exp_small --redirect
#        expf=__iar_exp_smallf --redirect expl=__iar_exp_smalll --redirect
#        log10=__iar_log10_small --redirect log10f=__iar_log10_smallf
#        --redirect log10l=__iar_log10_smalll --redirect log2=__iar_log2_small
#        --redirect log2f=__iar_log2_smallf --redirect log2l=__iar_log2_smalll
#        --redirect log=__iar_log_small --redirect logf=__iar_log_smallf
#        --redirect logl=__iar_log_smalll --redirect pow=__iar_pow_small
#        --redirect powf=__iar_pow_smallf --redirect powl=__iar_pow_smalll
#        --redirect sin=__iar_sin_small --redirect sinf=__iar_sin_smallf
#        --redirect sinl=__iar_sin_smalll --redirect tan=__iar_tan_small
#        --redirect tanf=__iar_tan_smallf --redirect tanl=__iar_tan_smalll
#        --redirect __iar_Sin=__iar_Sin_small --redirect
#        __iar_Log=__iar_Log_small) -o
#        "C:\Users\Admin\Desktop\Projects\stm8s\Find
#        Primes\Debug\Exe\FindPrimes.out" --map
#        "C:\Users\Admin\Desktop\Projects\stm8s\Find
#        Primes\Debug\List\FindPrimes.map" --config "C:\Program Files (x86)\IAR
#        Systems\Embedded Workbench 8.0\stm8\config\lnkstm8s103f3.icf"
#        --config_def _CSTACK_SIZE=0x100 --config_def _HEAP_SIZE=0x100 --entry
#        __iar_program_start --debug_lib)
#
###############################################################################

*******************************************************************************
*** RUNTIME MODEL ATTRIBUTES
***

__SystemLibrary            = DLib
__code_model               = small
__core                     = stm8
__data_model               = medium
__dlib_file_descriptor     = 0
__dlib_full_locale_support = 0
__rt_version               = 4


*******************************************************************************
*** PLACEMENT SUMMARY
***

"A0":  place at start of [0x000000-0x0000ff] { rw section .vregs };
"A1":  place at end of [0x000000-0x0003ff] { block CSTACK };
"A2":  place at start of [0x008000-0x009fff] { block INTVEC };
"P3":  place in [from 0x008000 to 0x009fff] {
          ro section __DLIB_PERTHREAD_init, ro section .far.data_init,
          ro section .far_func.textrw_init, ro section .huge.data_init,
          ro section .huge_func.textrw_init, ro section .iar.init_table,
          ro section .init_array, ro section .near.data_init,
          ro section .near.rodata, ro section .near_func.text,
          ro section .near_func.textrw_init, ro section .tiny.data_init,
          ro section .tiny.rodata_init };
"P4":  place in [from 0x008000 to 0x009fff] {
          ro section .far.rodata, ro section .far_func.text };
"P5":  place in [from 0x008000 to 0x009fff] {
          ro section .huge.rodata, ro section .huge_func.text };
do not initialize {
   rw section .eeprom.noinit, rw section .far.noinit, rw section .huge.noinit,
   rw section .near.noinit, rw section .tiny.noinit, rw section .vregs };

  Section          Kind      Address   Size  Object
  -------          ----      -------   ----  ------
"A0":                                  0x10
  .vregs           uninit   0x000000   0x10  vregs.o [4]
                          - 0x000010   0x10

"A1":                                 0x100
  CSTACK                    0x000300  0x100  <Block>
    CSTACK         uninit   0x000300  0x100  <Block tail>
                          - 0x000400  0x100

"A2":                                  0x80
  INTVEC                    0x008000   0x80  <Block>
    .intvec        const    0x008000   0x80  interrupt.o [4]
                          - 0x008080   0x80

"P3-P5":                              0xb83
  .near_func.text  ro code  0x008080  0x222  stm8s_uart1.o [1]
  .near_func.text  ro code  0x0082a2  0x197  xprintftiny.o [4]
  .near_func.text  ro code  0x008439  0x156  long.o [4]
  .near_func.text  ro code  0x00858f   0xf8  main.o [1]
  .near_func.text  ro code  0x008687   0xf8  vreg_util.o [4]
  .near_func.text  ro code  0x00877f   0x9e  stm8s_uart1.o [1]
  .near.rodata     const    0x00881d   0x97  main.o [1]
  .near.rodata     const    0x0088b4   0x58  stm8s_uart1.o [1]
  .near_func.text  ro code  0x00890c   0x57  stm8s_clk.o [1]
  .near.rodata     const    0x008963   0x56  stm8s_clk.o [1]
  .near_func.text  ro code  0x0089b9   0x47  long_util.o [4]
  .near_func.text  ro code  0x008a00   0x3d  stm8s_clk.o [1]
  .near_func.text  ro code  0x008a3d   0x2e  xprintftiny.o [4]
  .near_func.text  ro code  0x008a6b   0x2d  stm8s_uart1.o [1]
  .near_func.text  ro code  0x008a98   0x2c  main.o [1]
  .near_func.text  ro code  0x008ac4   0x2a  main.o [1]
  .near_func.text  ro code  0x008aee   0x25  dc_util.o [4]
  .near_func.text  ro code  0x008b13   0x1d  printf.o [4]
  .near_func.text  ro code  0x008b30   0x1b  xprout.o [4]
  .near_func.text  ro code  0x008b4b   0x19  main.o [1]
  .near_func.text  ro code  0x008b64   0x14  init.o [4]
  .near_func.text  ro code  0x008b78   0x14  __dbg_xxexit.o [3]
  .near_func.text  ro code  0x008b8c   0x13  cstartup.o [4]
  .near_func.text  ro code  0x008b9f    0xd  stm8s_uart1.o [1]
  .near_func.text  ro code  0x008bac    0xd  move.o [4]
  .near_func.text  ro code  0x008bb9    0xd  strlen.o [4]
  .near.rodata     const    0x008bc6    0xb  main.o [1]
  .near_func.text  ro code  0x008bd1    0x7  xprintftiny.o [4]
  .near_func.text  ro code  0x008bd8    0x6  xprintftiny.o [4]
  .near_func.text  ro code  0x008bde    0x5  short.o [4]
  .near_func.text  ro code  0x008be3    0x5  cexit.o [4]
  .near.rodata     const    0x008be8    0x4  stm8s_clk.o [1]
  .near_func.text  ro code  0x008bec    0x4  stm8s_uart1.o [1]
  .near_func.text  ro code  0x008bf0    0x3  interrupt.o [4]
  .near_func.text  ro code  0x008bf3    0x3  low_level_init.o [4]
  .near_func.text  ro code  0x008bf6    0x3  exit.o [4]
  .near_func.text  ro code  0x008bf9    0x3  unhandled_exception.o [4]
  .near.rodata     const    0x008bfc    0x2  xprintftiny.o [4]
  .near.rodata     const    0x008bfe    0x2  xprintftiny.o [4]
  .near_func.text  ro code  0x008c00    0x2  main.o [1]
  .near_func.text  ro code  0x008c02    0x1  __dbg_break.o [3]
                          - 0x008c03  0xb83



*******************************************************************************
*** MODULE SUMMARY
***

    Module                 ro code  ro data  rw data
    ------                 -------  -------  -------
C:\Users\Admin\Desktop\Projects\stm8s\Find Primes\Debug\Obj: [1]
    main.o                     361      162
    stm8s_clk.o                148       90
    stm8s_uart1.o              766       88
    ------------------------------------------------
    Total:                   1 275      340

command line: [2]
    ------------------------------------------------
    Total:

dbgstm8smd.a: [3]
    __dbg_break.o                1
    __dbg_xxexit.o              20
    ------------------------------------------------
    Total:                      21

dlstm8smn.a: [4]
    cexit.o                      5
    cstartup.o                  19
    dc_util.o                   37
    exit.o                       3
    init.o                      20
    interrupt.o                  3      128
    long.o                     342
    long_util.o                 71
    low_level_init.o             3
    move.o                      13
    printf.o                    29
    short.o                      5
    strlen.o                    13
    unhandled_exception.o        3
    vreg_util.o                248
    vregs.o                                       16
    xprintftiny.o              466        4
    xprout.o                    27
    ------------------------------------------------
    Total:                   1 307      132       16

    Linker created                               256
----------------------------------------------------
    Grand Total:             2 603      472      272


*******************************************************************************
*** ENTRY LIST
***

Entry                      Address   Size  Type      Object
-----                      -------   ----  ----      ------
?add32_l0_l0_0x           0x008441         Code  Gb  long.o [4]
?add32_l0_l0_dl           0x008439         Code  Gb  long.o [4]
?add32_l0_l0_l1           0x00843e         Code  Gb  long.o [4]
?b0                       0x000000         Data  Gb  vregs.o [4]
?b1                       0x000001         Data  Gb  vregs.o [4]
?b10                      0x00000a         Data  Gb  vregs.o [4]
?b11                      0x00000b         Data  Gb  vregs.o [4]
?b12                      0x00000c         Data  Gb  vregs.o [4]
?b13                      0x00000d         Data  Gb  vregs.o [4]
?b14                      0x00000e         Data  Gb  vregs.o [4]
?b15                      0x00000f         Data  Gb  vregs.o [4]
?b2                       0x000002         Data  Gb  vregs.o [4]
?b3                       0x000003         Data  Gb  vregs.o [4]
?b4                       0x000004         Data  Gb  vregs.o [4]
?b5                       0x000005         Data  Gb  vregs.o [4]
?b6                       0x000006         Data  Gb  vregs.o [4]
?b7                       0x000007         Data  Gb  vregs.o [4]
?b8                       0x000008         Data  Gb  vregs.o [4]
?b9                       0x000009         Data  Gb  vregs.o [4]
?dc32_l0                  0x008aee         Code  Gb  dc_util.o [4]
?dc32_l1                  0x008afb         Code  Gb  dc_util.o [4]
?dc32_px                  0x008b08         Code  Gb  dc_util.o [4]
?e0                       0x000001         Data  Gb  vregs.o [4]
?e1                       0x000005         Data  Gb  vregs.o [4]
?e2                       0x000009         Data  Gb  vregs.o [4]
?e3                       0x00000d         Data  Gb  vregs.o [4]
?epilogue_l2              0x008700         Code  Gb  vreg_util.o [4]
?epilogue_l2_l3           0x0086fd         Code  Gb  vreg_util.o [4]
?epilogue_w4              0x008704         Code  Gb  vreg_util.o [4]
?l0                       0x000000         Data  Gb  vregs.o [4]
?l1                       0x000004         Data  Gb  vregs.o [4]
?l2                       0x000008         Data  Gb  vregs.o [4]
?l3                       0x00000c         Data  Gb  vregs.o [4]
?load32_0x_l0             0x0089f2         Code  Gb  long_util.o [4]
?load32_asp_l0            0x0089e6         Code  Gb  long_util.o [4]
?load32_dbsp_l0           0x0089e1         Code  Gb  long_util.o [4]
?load32_l0_0x             0x0089c9         Code  Gb  long_util.o [4]
?load32_l0_asp            0x0089be         Code  Gb  long_util.o [4]
?load32_l0_dbsp           0x0089b9         Code  Gb  long_util.o [4]
?load32_l0_xsp            0x0089c0         Code  Gb  long_util.o [4]
?load32_l1_0x             0x0089d5         Code  Gb  long_util.o [4]
?load32_xsp_l0            0x0089e8         Code  Gb  long_util.o [4]
?mov_e0_e2                0x008727         Code  Gb  vreg_util.o [4]
?mov_e0_e3                0x008734         Code  Gb  vreg_util.o [4]
?mov_e1_e0                0x008741         Code  Gb  vreg_util.o [4]
?mov_e1_e2                0x00874e         Code  Gb  vreg_util.o [4]
?mov_e1_e3                0x00875b         Code  Gb  vreg_util.o [4]
?mov_e2_e0                0x008768         Code  Gb  vreg_util.o [4]
?mov_e3_e0                0x008775         Code  Gb  vreg_util.o [4]
?mov_l0_l2                0x008724         Code  Gb  vreg_util.o [4]
?mov_l0_l3                0x008731         Code  Gb  vreg_util.o [4]
?mov_l1_l0                0x00873e         Code  Gb  vreg_util.o [4]
?mov_l1_l2                0x00874b         Code  Gb  vreg_util.o [4]
?mov_l1_l3                0x008758         Code  Gb  vreg_util.o [4]
?mov_l2_l0                0x008765         Code  Gb  vreg_util.o [4]
?mov_l3_l0                0x008772         Code  Gb  vreg_util.o [4]
?mov_w0_w5                0x008708         Code  Gb  vreg_util.o [4]
?mov_w1_w5                0x00872a         Code  Gb  vreg_util.o [4]
?mov_w1_w7                0x008737         Code  Gb  vreg_util.o [4]
?mov_w2_w5                0x00870f         Code  Gb  vreg_util.o [4]
?mov_w3_w1                0x008744         Code  Gb  vreg_util.o [4]
?mov_w3_w5                0x008751         Code  Gb  vreg_util.o [4]
?mov_w3_w7                0x00875e         Code  Gb  vreg_util.o [4]
?mov_w4_w1                0x008716         Code  Gb  vreg_util.o [4]
?mov_w5_w0                0x00871d         Code  Gb  vreg_util.o [4]
?mov_w5_w1                0x00876b         Code  Gb  vreg_util.o [4]
?mov_w7_w1                0x008778         Code  Gb  vreg_util.o [4]
?move1616_v_x_y_a         0x008bac         Code  Gb  move.o [4]
?mul32_l0_l0_0x           0x008477         Code  Gb  long.o [4]
?mul32_l0_l0_dl           0x008474         Code  Gb  long.o [4]
?mul32_l0_l0_l1           0x008480         Code  Gb  long.o [4]
?pop_l2                   0x0086df         Code  Gb  vreg_util.o [4]
?pop_l3                   0x0086ea         Code  Gb  vreg_util.o [4]
?pop_w4                   0x0086a9         Code  Gb  vreg_util.o [4]
?push_l2                  0x0086b8         Code  Gb  vreg_util.o [4]
?push_l3                  0x0086bd         Code  Gb  vreg_util.o [4]
?push_w0                  0x008687         Code  Gb  vreg_util.o [4]
?push_w1                  0x00868c         Code  Gb  vreg_util.o [4]
?push_w4                  0x008691         Code  Gb  vreg_util.o [4]
?sll32_0x_0x_a            0x008581         Code  Gb  long.o [4]
?sll32_l0_l0_a            0x00857e         Code  Gb  long.o [4]
?srl16_x_x_4              0x008bde         Code  Gb  short.o [4]
?sub32_l0_l0_0x           0x00845c         Code  Gb  long.o [4]
?sub32_l0_l0_l1           0x008459         Code  Gb  long.o [4]
?ucmp32_c_l0_l1           0x008573         Code  Gb  long.o [4]
?udiv32_l0_dl_l1          0x0084fe         Code  Gb  long.o [4]
?udiv32_l0_l0_dl          0x008503         Code  Gb  long.o [4]
?udiv32_l0_l0_l1          0x008506         Code  Gb  long.o [4]
?umod32_l1_l0_l1          0x008506         Code  Gb  long.o [4]
?w0                       0x000000         Data  Gb  vregs.o [4]
?w1                       0x000002         Data  Gb  vregs.o [4]
?w2                       0x000004         Data  Gb  vregs.o [4]
?w3                       0x000006         Data  Gb  vregs.o [4]
?w4                       0x000008         Data  Gb  vregs.o [4]
?w5                       0x00000a         Data  Gb  vregs.o [4]
?w6                       0x00000c         Data  Gb  vregs.o [4]
?w7                       0x00000e         Data  Gb  vregs.o [4]
CLK_GetClockFreq          0x00890c   0x57  Code  Gb  stm8s_clk.o [1]
CLK_HSIPrescalerConfig    0x008a00   0x3d  Code  Gb  stm8s_clk.o [1]
CSTACK$$Base              0x000300          --   Gb  - Linker created -
CSTACK$$Limit             0x000400          --   Gb  - Linker created -
FindPrimes                0x00858f   0xf8  Code  Gb  main.o [1]
HSIDivFactor              0x008be8    0x4  Data  Gb  stm8s_clk.o [1]
INTVEC$$Base              0x008000          --   Gb  - Linker created -
INTVEC$$Limit             0x008080          --   Gb  - Linker created -
Region$$Table$$Base     0x00000000          --   Gb  - Linker created -
Region$$Table$$Limit    0x00000000          --   Gb  - Linker created -
UART1_Cmd                 0x008b9f    0xd  Code  Gb  stm8s_uart1.o [1]
UART1_DeInit              0x008a6b   0x2d  Code  Gb  stm8s_uart1.o [1]
UART1_GetFlagStatus       0x00877f   0x9e  Code  Gb  stm8s_uart1.o [1]
UART1_Init                0x008080  0x222  Code  Gb  stm8s_uart1.o [1]
UART1_SendData8           0x008bec    0x4  Code  Gb  stm8s_uart1.o [1]
_PrintfTiny               0x0082a2  0x197  Code  Gb  xprintftiny.o [4]
_Prout                    0x008b30   0x1b  Code  Gb  xprout.o [4]
__DebugBreak              0x008c02    0x1  Code  Gb  __dbg_break.o [3]
__exit                    0x008b78   0x14  Code  Gb  __dbg_xxexit.o [3]
__iar_data_init2          0x008b64   0x14  Code  Gb  init.o [4]
__iar_program_start       0x008b8c         Code  Gb  cstartup.o [4]
__iar_unhandled_exception
                          0x008bf9         Code  Gb  unhandled_exception.o [4]
__intvec                  0x008000         Data  Gb  interrupt.o [4]
__low_level_init          0x008bf3    0x3  Code  Gb  low_level_init.o [4]
_exit                     0x008be3         Code  Gb  cexit.o [4]
assert_failed             0x008c00    0x2  Code  Gb  main.o [1]
exit                      0x008bf6    0x3  Code  Gb  exit.o [4]
int_sqrt                  0x008a98   0x2c  Code  Gb  main.o [1]
main                      0x008ac4   0x2a  Code  Gb  main.o [1]
out                       0x008a3d   0x2e  Code  Lc  xprintftiny.o [4]
printf                    0x008b13   0x1d  Code  Gb  printf.o [4]
putchar                   0x008b4b   0x19  Code  Gb  main.o [1]
strlen                    0x008bb9    0xd  Code  Gb  strlen.o [4]


[1] = C:\Users\Admin\Desktop\Projects\stm8s\Find Primes\Debug\Obj
[2] = command line
[3] = dbgstm8smd.a
[4] = dlstm8smn.a

  2 603 bytes of readonly  code memory
    472 bytes of readonly  data memory
    272 bytes of readwrite data memory

Errors: none
Warnings: none
