###############################################################################
#
# IAR ELF Linker V3.11.1.207 for STM8                     25/Feb/2020  03:14:47
# Copyright 2010-2019 IAR Systems AB.
#
#    Output file  =  
#        F:\Program Files\Development\Projects\stm8s\Alarm\Debug\Exe\Alarm.out
#    Map file     =  
#        F:\Program Files\Development\Projects\stm8s\Alarm\Debug\List\Alarm.map
#    Command line =  
#        -f C:\Users\Admin\AppData\Local\Temp\EWFFC8.tmp ("F:\Program
#        Files\Development\Projects\stm8s\Alarm\Debug\Obj\main.o" "F:\Program
#        Files\Development\Projects\stm8s\Alarm\Debug\Obj\stm8s_adc1.o"
#        "F:\Program
#        Files\Development\Projects\stm8s\Alarm\Debug\Obj\stm8s_awu.o"
#        "F:\Program
#        Files\Development\Projects\stm8s\Alarm\Debug\Obj\stm8s_beep.o"
#        "F:\Program
#        Files\Development\Projects\stm8s\Alarm\Debug\Obj\stm8s_clk.o"
#        "F:\Program
#        Files\Development\Projects\stm8s\Alarm\Debug\Obj\stm8s_exti.o"
#        "F:\Program
#        Files\Development\Projects\stm8s\Alarm\Debug\Obj\stm8s_flash.o"
#        "F:\Program
#        Files\Development\Projects\stm8s\Alarm\Debug\Obj\stm8s_gpio.o"
#        "F:\Program
#        Files\Development\Projects\stm8s\Alarm\Debug\Obj\stm8s_i2c.o"
#        "F:\Program
#        Files\Development\Projects\stm8s\Alarm\Debug\Obj\stm8s_itc.o"
#        "F:\Program
#        Files\Development\Projects\stm8s\Alarm\Debug\Obj\stm8s_iwdg.o"
#        "F:\Program
#        Files\Development\Projects\stm8s\Alarm\Debug\Obj\stm8s_rst.o"
#        "F:\Program
#        Files\Development\Projects\stm8s\Alarm\Debug\Obj\stm8s_spi.o"
#        "F:\Program
#        Files\Development\Projects\stm8s\Alarm\Debug\Obj\stm8s_tim1.o"
#        "F:\Program
#        Files\Development\Projects\stm8s\Alarm\Debug\Obj\stm8s_tim2.o"
#        "F:\Program
#        Files\Development\Projects\stm8s\Alarm\Debug\Obj\stm8s_tim4.o"
#        "F:\Program
#        Files\Development\Projects\stm8s\Alarm\Debug\Obj\stm8s_uart1.o"
#        "F:\Program
#        Files\Development\Projects\stm8s\Alarm\Debug\Obj\stm8s_wwdg.o"
#        --redirect _Printf=_PrintfFullNoMb --redirect _Scanf=_ScanfFullNoMb
#        --no_out_extension -o "F:\Program
#        Files\Development\Projects\stm8s\Alarm\Debug\Exe\Alarm.out" --map
#        "F:\Program
#        Files\Development\Projects\stm8s\Alarm\Debug\List\Alarm.map" --config
#        "F:\Program Files\Development\IAR Systems\Embedded Workbench
#        8.3\stm8\config\lnkstm8s103f3.icf" --config_def _CSTACK_SIZE=0x100
#        --config_def _HEAP_SIZE=0x100 --entry __iar_program_start --debug_lib)
#
###############################################################################

*******************************************************************************
*** RUNTIME MODEL ATTRIBUTES
***

__SystemLibrary            = DLib
__code_model               = small
__core                     = stm8
__data_model               = medium
__dlib_file_descriptor     = 0
__dlib_full_locale_support = 0
__rt_version               = 4


*******************************************************************************
*** PLACEMENT SUMMARY
***

"A0":  place at start of [0x000000-0x0000ff] { rw section .vregs };
"A1":  place at end of [0x000000-0x0003ff] { block CSTACK };
"P2":  place in [from 0x000000 to 0x0003ff] {
          block HEAP, rw section __DLIB_PERTHREAD, rw section .far.bss,
          rw section .far.data, rw section .far.noinit,
          rw section .far_func.textrw, rw section .huge.bss,
          rw section .huge.data, rw section .huge.noinit,
          rw section .huge_func.textrw, rw section .iar.dynexit,
          rw section .near.bss, rw section .near.data, rw section .near.noinit,
          rw section .near_func.textrw };
"A2":  place at start of [0x008000-0x009fff] { block INTVEC };
"P3":  place in [from 0x008000 to 0x009fff] {
          ro section __DLIB_PERTHREAD_init, ro section .far.data_init,
          ro section .far_func.textrw_init, ro section .huge.data_init,
          ro section .huge_func.textrw_init, ro section .iar.init_table,
          ro section .init_array, ro section .near.data_init,
          ro section .near.rodata, ro section .near_func.text,
          ro section .near_func.textrw_init, ro section .tiny.data_init,
          ro section .tiny.rodata_init };
"P4":  place in [from 0x008000 to 0x009fff] {
          ro section .far.rodata, ro section .far_func.text };
"P5":  place in [from 0x008000 to 0x009fff] {
          ro section .huge.rodata, ro section .huge_func.text };
do not initialize {
   rw section .eeprom.noinit, rw section .far.noinit, rw section .huge.noinit,
   rw section .near.noinit, rw section .tiny.noinit, rw section .vregs };

No sections matched the following patterns:

  ro section .far.data_init          in "P3-P5"
  ro section .far.rodata             in "P3-P5"
  ro section .far_func.text          in "P3-P5"
  ro section .far_func.textrw_init   in "P3-P5"
  ro section .huge.data_init         in "P3-P5"
  ro section .huge.rodata            in "P3-P5"
  ro section .huge_func.text         in "P3-P5"
  ro section .huge_func.textrw_init  in "P3-P5"
  ro section .iar.init_table         in "P3-P5"
  ro section .init_array             in "P3-P5"
  ro section .near.data_init         in "P3-P5"
  ro section .near_func.textrw_init  in "P3-P5"
  ro section .tiny.data_init         in "P3-P5"
  ro section .tiny.rodata_init       in "P3-P5"
  ro section __DLIB_PERTHREAD_init   in "P3-P5"
  rw section .far.bss                in "P2"
  rw section .far.data               in "P2"
  rw section .far.noinit             in "P2"
  rw section .far_func.textrw        in "P2"
  rw section .huge.bss               in "P2"
  rw section .huge.data              in "P2"
  rw section .huge.noinit            in "P2"
  rw section .huge_func.textrw       in "P2"
  rw section .iar.dynexit            in "P2"
  rw section .near.data              in "P2"
  rw section .near.noinit            in "P2"
  rw section .near_func.textrw       in "P2"
  rw section .tiny.bss               in "P1"
  rw section .tiny.data              in "P1"
  rw section .tiny.noinit            in "P1"
  rw section .tiny.rodata            in "P1"
  rw section __DLIB_PERTHREAD        in "P2"
  section .eeprom.data               in "P6-P8"
  section .eeprom.noinit             in "P6-P8"
  section .eeprom.rodata             in "P6-P8"


  Section          Kind      Address    Size  Object
  -------          ----      -------    ----  ------
"A0":                                   0x10
  .vregs           uninit   0x000000    0x10  vregs.o [4]
                          - 0x000010    0x10

"P2":                                   0x32
  .near.bss        zero     0x000010     0x7  main.o [1]
  .near.bss        zero     0x000017     0x7  main.o [1]
  .near.bss        zero     0x00001e     0x7  main.o [1]
  .near.bss        zero     0x000025     0x4  main.o [1]
  .near.bss        zero     0x000029     0x4  main.o [1]
  .near.bss        zero     0x00002d     0x4  main.o [1]
  .near.bss        zero     0x000031     0x4  main.o [1]
  .near.bss        zero     0x000035     0x3  main.o [1]
  .near.bss        zero     0x000038     0x2  main.o [1]
  .near.bss        zero     0x00003a     0x2  main.o [1]
  .near.bss        zero     0x00003c     0x2  main.o [1]
  .near.bss        zero     0x00003e     0x1  main.o [1]
  .near.bss        zero     0x00003f     0x1  main.o [1]
  .near.bss        zero     0x000040     0x1  main.o [1]
  .near.bss        zero     0x000041     0x1  main.o [1]
                          - 0x000042    0x32

"A1":                                  0x100
  CSTACK                    0x000300   0x100  <Block>
    CSTACK         uninit   0x000300   0x100  <Block tail>
                          - 0x000400   0x100

"A2":                                   0x80
  INTVEC                    0x008000    0x80  <Block>
    .intvec        const    0x008000    0x80  interrupt.o [4]
                          - 0x008080    0x80

"P3-P5":                              0x176b
  .near_func.text  ro code  0x008080   0xd38  main.o [1]
  .near_func.text  ro code  0x008db8   0x125  long.o [4]
  .near_func.text  ro code  0x008edd    0xf2  vreg_util.o [4]
  .near_func.text  ro code  0x008fcf    0xed  stm8s_i2c.o [1]
  .near_func.text  ro code  0x0090bc    0x9e  main.o [1]
  .near_func.text  ro code  0x00915a    0x64  stm8s_gpio.o [1]
  .near_func.text  ro code  0x0091be    0x58  stm8s_adc1.o [1]
  .near_func.text  ro code  0x009216    0x4e  short.o [4]
  .near_func.text  ro code  0x009264    0x48  main.o [1]
  .near_func.text  ro code  0x0092ac    0x3e  stm8s_clk.o [1]
  .near_func.text  ro code  0x0092ea    0x39  stm8s_adc1.o [1]
  .near_func.text  ro code  0x009323    0x35  stm8s_i2c.o [1]
  .near_func.text  ro code  0x009358    0x31  stm8s_adc1.o [1]
  .near_func.text  ro code  0x009389    0x30  memcmp.o [4]
  .near_func.text  ro code  0x0093b9    0x2f  stm8s_i2c.o [1]
  .near_func.text  ro code  0x0093e8    0x2c  stm8s_adc1.o [1]
  .near_func.text  ro code  0x009414    0x29  stm8s_adc1.o [1]
  .near_func.text  ro code  0x00943d    0x25  stm8s_i2c.o [1]
  .near_func.text  ro code  0x009462    0x21  stm8s_tim2.o [1]
  .iar.init_table  const    0x009483     0x8  - Linker created -
  .near_func.text  ro code  0x00948b    0x1f  memcpy.o [4]
  .near_func.text  ro code  0x0094aa    0x1e  stm8s_adc1.o [1]
  .near_func.text  ro code  0x0094c8    0x1e  init_small.o [4]
  .near_func.text  ro code  0x0094e6    0x1c  stm8s_adc1.o [1]
  .near_func.text  ro code  0x009502    0x1a  long_util.o [4]
  .near_func.text  ro code  0x00951c    0x19  stm8s_i2c.o [1]
  .near_func.text  ro code  0x009535    0x18  main.o [1]
  .near_func.text  ro code  0x00954d    0x18  stm8s_tim4.o [1]
  .near_func.text  ro code  0x009565    0x14  init.o [4]
  .near_func.text  ro code  0x009579    0x14  __dbg_xxexit.o [3]
  .near_func.text  ro code  0x00958d    0x13  stm8s_adc1.o [1]
  .near_func.text  ro code  0x0095a0    0x13  cstartup.o [4]
  .near_func.text  ro code  0x0095b3    0x12  dc_util.o [4]
  .near.rodata     const    0x0095c5    0x11  main.o [1]
  .near_func.text  ro code  0x0095d6    0x11  stm8s_adc1.o [1]
  .near.rodata     const    0x0095e7    0x10  main.o [1]
  .near.rodata     const    0x0095f7     0xf  main.o [1]
  .near.rodata     const    0x009606     0xf  main.o [1]
  .near_func.text  ro code  0x009615     0xf  stm8s_tim2.o [1]
  .near_func.text  ro code  0x009624     0xe  stm8s_clk.o [1]
  .near_func.text  ro code  0x009632     0xe  stm8s_i2c.o [1]
  .near.rodata     const    0x009640     0xd  main.o [1]
  .near_func.text  ro code  0x00964d     0xd  stm8s_adc1.o [1]
  .near_func.text  ro code  0x00965a     0xd  stm8s_i2c.o [1]
  .near_func.text  ro code  0x009667     0xd  stm8s_i2c.o [1]
  .near_func.text  ro code  0x009674     0xd  stm8s_i2c.o [1]
  .near_func.text  ro code  0x009681     0xd  stm8s_tim2.o [1]
  .near_func.text  ro code  0x00968e     0xd  stm8s_tim4.o [1]
  .near.rodata     const    0x00969b     0xc  main.o [1]
  .near.rodata     const    0x0096a7     0xc  main.o [1]
  .near.rodata     const    0x0096b3     0xc  main.o [1]
  .near.rodata     const    0x0096bf     0xb  main.o [1]
  .near_func.text  ro code  0x0096ca     0xb  stm8s_adc1.o [1]
  .near_func.text  ro code  0x0096d5     0xb  stm8s_adc1.o [1]
  .near.rodata     const    0x0096e0     0xa  main.o [1]
  .near.rodata     const    0x0096ea     0xa  main.o [1]
  .near.rodata     const    0x0096f4     0x9  main.o [1]
  .near.rodata     const    0x0096fd     0x9  main.o [1]
  .near.rodata     const    0x009706     0x9  main.o [1]
  .near.rodata     const    0x00970f     0x9  main.o [1]
  .near.rodata     const    0x009718     0x9  main.o [1]
  .near_func.text  ro code  0x009721     0x9  main.o [1]
  .near_func.text  ro code  0x00972a     0x9  stm8s_adc1.o [1]
  .near_func.text  ro code  0x009733     0x9  stm8s_adc1.o [1]
  .near_func.text  ro code  0x00973c     0x9  stm8s_clk.o [1]
  .near_func.text  ro code  0x009745     0x9  stm8s_i2c.o [1]
  .near_func.text  ro code  0x00974e     0x9  stm8s_tim2.o [1]
  .near_func.text  ro code  0x009757     0x9  stm8s_tim2.o [1]
  .near_func.text  ro code  0x009760     0x9  stm8s_tim4.o [1]
  .near.rodata     const    0x009769     0x8  main.o [1]
  .near.rodata     const    0x009771     0x8  main.o [1]
  .near.rodata     const    0x009779     0x8  main.o [1]
  .near_func.text  ro code  0x009781     0x8  stm8s_i2c.o [1]
  .near.rodata     const    0x009789     0x7  main.o [1]
  .near.rodata     const    0x009790     0x7  main.o [1]
  .near_func.text  ro code  0x009797     0x7  main.o [1]
  .near_func.text  ro code  0x00979e     0x7  stm8s_gpio.o [1]
  .near_func.text  ro code  0x0097a5     0x7  stm8s_gpio.o [1]
  .near_func.text  ro code  0x0097ac     0x7  stm8s_tim2.o [1]
  .near_func.text  ro code  0x0097b3     0x5  stm8s_adc1.o [1]
  .near_func.text  ro code  0x0097b8     0x5  stm8s_tim4.o [1]
  .near_func.text  ro code  0x0097bd     0x5  stm8s_tim4.o [1]
  .near_func.text  ro code  0x0097c2     0x5  cexit.o [4]
  .near.rodata     const    0x0097c7     0x4  main.o [1]
  .near.rodata     const    0x0097cb     0x4  main.o [1]
  .near_func.text  ro code  0x0097cf     0x4  stm8s_gpio.o [1]
  .near_func.text  ro code  0x0097d3     0x4  stm8s_i2c.o [1]
  .near_func.text  ro code  0x0097d7     0x4  stm8s_i2c.o [1]
  .near.rodata     const    0x0097db     0x3  main.o [1]
  .near_func.text  ro code  0x0097de     0x3  interrupt.o [4]
  .near_func.text  ro code  0x0097e1     0x3  low_level_init.o [4]
  .near_func.text  ro code  0x0097e4     0x3  exit.o [4]
  .near_func.text  ro code  0x0097e7     0x3  unhandled_exception.o [4]
  .near_func.text  ro code  0x0097ea     0x1  __dbg_break.o [3]
                          - 0x0097eb  0x176b


*******************************************************************************
*** INIT TABLE
***

          Address   Size
          -------   ----
Zero (__iar_zero_init2)
    1 destination range, total size 0x32:
          0x000010  0x32



*******************************************************************************
*** MODULE SUMMARY
***

    Module                 ro code  ro data  rw data
    ------                 -------  -------  -------
F:\Program Files\Development\Projects\stm8s\Alarm\Debug\Obj: [1]
    main.o                   3 654      237       50
    stm8s_adc1.o               431
    stm8s_clk.o                 85
    stm8s_gpio.o               118
    stm8s_i2c.o                477
    stm8s_tim2.o                86
    stm8s_tim4.o                56
    ------------------------------------------------
    Total:                   4 907      237       50

command line: [2]
    ------------------------------------------------
    Total:

dbgstm8smd.a: [3]
    __dbg_break.o                1
    __dbg_xxexit.o              20
    ------------------------------------------------
    Total:                      21

dlstm8smn.a: [4]
    cexit.o                      5
    cstartup.o                  19
    dc_util.o                   18
    exit.o                       3
    init.o                      20
    init_small.o                30
    interrupt.o                  3      128
    long.o                     293
    long_util.o                 26
    low_level_init.o             3
    memcmp.o                    48
    memcpy.o                    31
    short.o                     78
    unhandled_exception.o        3
    vreg_util.o                242
    vregs.o                                       16
    ------------------------------------------------
    Total:                     822      128       16

    Linker created                        8      256
----------------------------------------------------
    Grand Total:             5 750      373      322


*******************************************************************************
*** ENTRY LIST
***

Entry                    Address   Size  Type      Object
-----                    -------   ----  ----      ------
.iar.init_table$$Base   0x009483          --   Gb  - Linker created -
.iar.init_table$$Limit  0x00948b          --   Gb  - Linker created -
?b0                     0x000000         Data  Gb  vregs.o [4]
?b1                     0x000001         Data  Gb  vregs.o [4]
?b10                    0x00000a         Data  Gb  vregs.o [4]
?b11                    0x00000b         Data  Gb  vregs.o [4]
?b12                    0x00000c         Data  Gb  vregs.o [4]
?b13                    0x00000d         Data  Gb  vregs.o [4]
?b14                    0x00000e         Data  Gb  vregs.o [4]
?b15                    0x00000f         Data  Gb  vregs.o [4]
?b2                     0x000002         Data  Gb  vregs.o [4]
?b3                     0x000003         Data  Gb  vregs.o [4]
?b4                     0x000004         Data  Gb  vregs.o [4]
?b5                     0x000005         Data  Gb  vregs.o [4]
?b6                     0x000006         Data  Gb  vregs.o [4]
?b7                     0x000007         Data  Gb  vregs.o [4]
?b8                     0x000008         Data  Gb  vregs.o [4]
?b9                     0x000009         Data  Gb  vregs.o [4]
?dc32_px                0x0095ba         Code  Gb  dc_util.o [4]
?dc8_px                 0x0095b3         Code  Gb  dc_util.o [4]
?dec32_0x_0x            0x008dbd         Code  Gb  long.o [4]
?dec32_l0_l0            0x008db8         Code  Gb  long.o [4]
?e0                     0x000001         Data  Gb  vregs.o [4]
?e1                     0x000005         Data  Gb  vregs.o [4]
?e2                     0x000009         Data  Gb  vregs.o [4]
?e3                     0x00000d         Data  Gb  vregs.o [4]
?epilogue_l2            0x008f71         Code  Gb  vreg_util.o [4]
?epilogue_l2_l3         0x008f6e         Code  Gb  vreg_util.o [4]
?epilogue_w4            0x008f75         Code  Gb  vreg_util.o [4]
?l0                     0x000000         Data  Gb  vregs.o [4]
?l1                     0x000004         Data  Gb  vregs.o [4]
?l2                     0x000008         Data  Gb  vregs.o [4]
?l3                     0x00000c         Data  Gb  vregs.o [4]
?load32_0x_l0           0x00950e         Code  Gb  long_util.o [4]
?load32_l0_0x           0x009502         Code  Gb  long_util.o [4]
?mov_e0_e2              0x008f91         Code  Gb  vreg_util.o [4]
?mov_e0_e3              0x008f9e         Code  Gb  vreg_util.o [4]
?mov_e1_e0              0x008fab         Code  Gb  vreg_util.o [4]
?mov_e2_e0              0x008fb8         Code  Gb  vreg_util.o [4]
?mov_e3_e0              0x008fc5         Code  Gb  vreg_util.o [4]
?mov_l0_l2              0x008f8e         Code  Gb  vreg_util.o [4]
?mov_l0_l3              0x008f9b         Code  Gb  vreg_util.o [4]
?mov_l1_l0              0x008fa8         Code  Gb  vreg_util.o [4]
?mov_l2_l0              0x008fb5         Code  Gb  vreg_util.o [4]
?mov_l3_l0              0x008fc2         Code  Gb  vreg_util.o [4]
?mov_w1_w5              0x008f94         Code  Gb  vreg_util.o [4]
?mov_w1_w7              0x008fa1         Code  Gb  vreg_util.o [4]
?mov_w2_w1              0x008f79         Code  Gb  vreg_util.o [4]
?mov_w3_w1              0x008fae         Code  Gb  vreg_util.o [4]
?mov_w5_w0              0x008f80         Code  Gb  vreg_util.o [4]
?mov_w5_w1              0x008fbb         Code  Gb  vreg_util.o [4]
?mov_w6_w1              0x008f87         Code  Gb  vreg_util.o [4]
?mov_w7_w1              0x008fc8         Code  Gb  vreg_util.o [4]
?mul16_x_x_w0           0x009216         Code  Gb  short.o [4]
?mul32_l0_l0_0x         0x008dd4         Code  Gb  long.o [4]
?mul32_l0_l0_dl         0x008dd1         Code  Gb  long.o [4]
?mul32_l0_l0_l1         0x008ddd         Code  Gb  long.o [4]
?pop_l0                 0x008f3a         Code  Gb  vreg_util.o [4]
?pop_l1                 0x008f45         Code  Gb  vreg_util.o [4]
?pop_l2                 0x008f50         Code  Gb  vreg_util.o [4]
?pop_l3                 0x008f5b         Code  Gb  vreg_util.o [4]
?pop_w4                 0x008efa         Code  Gb  vreg_util.o [4]
?push_l0                0x008f09         Code  Gb  vreg_util.o [4]
?push_l1                0x008f0e         Code  Gb  vreg_util.o [4]
?push_l2                0x008f13         Code  Gb  vreg_util.o [4]
?push_l3                0x008f18         Code  Gb  vreg_util.o [4]
?push_w0                0x008edd         Code  Gb  vreg_util.o [4]
?push_w4                0x008ee2         Code  Gb  vreg_util.o [4]
?sdiv16_x_x_y           0x009234         Code  Gb  short.o [4]
?sll16_x_x_4            0x009257         Code  Gb  short.o [4]
?sll16_x_x_5            0x009256         Code  Gb  short.o [4]
?sll16_x_x_6            0x009255         Code  Gb  short.o [4]
?sll16_x_x_a            0x00924d         Code  Gb  short.o [4]
?sll32_0x_0x_a          0x008ecf         Code  Gb  long.o [4]
?sll32_l0_l0_a          0x008ecc         Code  Gb  long.o [4]
?sll32_l0_l0_db         0x008ec8         Code  Gb  long.o [4]
?srl16_x_x_4            0x00925f         Code  Gb  short.o [4]
?srl16_x_x_5            0x00925e         Code  Gb  short.o [4]
?srl16_x_x_6            0x00925d         Code  Gb  short.o [4]
?srl16_x_x_7            0x00925c         Code  Gb  short.o [4]
?udiv32_l0_l0_l1        0x008e5b         Code  Gb  long.o [4]
?umod32_l1_l0_l1        0x008e5b         Code  Gb  long.o [4]
?w0                     0x000000         Data  Gb  vregs.o [4]
?w1                     0x000002         Data  Gb  vregs.o [4]
?w2                     0x000004         Data  Gb  vregs.o [4]
?w3                     0x000006         Data  Gb  vregs.o [4]
?w4                     0x000008         Data  Gb  vregs.o [4]
?w5                     0x00000a         Data  Gb  vregs.o [4]
?w6                     0x00000c         Data  Gb  vregs.o [4]
?w7                     0x00000e         Data  Gb  vregs.o [4]
ADC1_ClearITPendingBit  0x0094aa   0x1e  Code  Gb  stm8s_adc1.o [1]
ADC1_ConversionConfig   0x009414   0x29  Code  Gb  stm8s_adc1.o [1]
ADC1_DeInit             0x009358   0x31  Code  Gb  stm8s_adc1.o [1]
ADC1_ExternalTriggerConfig
                        0x0094e6   0x1c  Code  Gb  stm8s_adc1.o [1]
ADC1_GetConversionValue
                        0x0092ea   0x39  Code  Gb  stm8s_adc1.o [1]
ADC1_ITConfig           0x0095d6   0x11  Code  Gb  stm8s_adc1.o [1]
ADC1_Init               0x0093e8   0x2c  Code  Gb  stm8s_adc1.o [1]
ADC1_PrescalerConfig    0x00958d   0x13  Code  Gb  stm8s_adc1.o [1]
ADC1_SchmittTriggerConfig
                        0x0091be   0x58  Code  Gb  stm8s_adc1.o [1]
ADC1_StartConversion    0x0097b3    0x5  Code  Gb  stm8s_adc1.o [1]
Alarm1                  0x000029    0x4  Data  Gb  main.o [1]
Alarm2                  0x00002d    0x4  Data  Gb  main.o [1]
Alarm_Setting           0x000040    0x1  Data  Gb  main.o [1]
BCD_TO_DEC              0x008233   0x13  Code  Gb  main.o [1]
ButtonDelay             0x000041    0x1  Data  Lc  main.o [1]
CLK_HSIPrescalerConfig  0x009624    0xe  Code  Gb  stm8s_clk.o [1]
CLK_PeripheralClockConfig
                        0x0092ac   0x3e  Code  Gb  stm8s_clk.o [1]
CSTACK$$Base            0x000300          --   Gb  - Linker created -
CSTACK$$Limit           0x000400          --   Gb  - Linker created -
Clear_Events            0x008225    0x9  Code  Gb  main.o [1]
DEC_TO_BCD              0x0081b2   0x11  Code  Gb  main.o [1]
Date                    0x000025    0x4  Data  Gb  main.o [1]
Delay                   0x008400   0x10  Code  Gb  main.o [1]
EXTI_PORTD_IRQHandler   0x009535   0x18  Code  Gb  main.o [1]
Events                  0x000038    0x2  Data  Gb  main.o [1]
GPIO_Init               0x00915a   0x64  Code  Gb  stm8s_gpio.o [1]
GPIO_ReadInputPin       0x0097a5    0x7  Code  Gb  stm8s_gpio.o [1]
GPIO_WriteHigh          0x00979e    0x7  Code  Gb  stm8s_gpio.o [1]
GPIO_WriteLow           0x0097cf    0x4  Code  Gb  stm8s_gpio.o [1]
GetTimeDate             0x008389   0x52  Code  Gb  main.o [1]
I2C_AcknowledgeConfig   0x00951c   0x19  Code  Gb  stm8s_i2c.o [1]
I2C_CheckEvent          0x009323   0x35  Code  Gb  stm8s_i2c.o [1]
I2C_Cmd                 0x00965a    0xd  Code  Gb  stm8s_i2c.o [1]
I2C_DeInit              0x00943d   0x25  Code  Gb  stm8s_i2c.o [1]
I2C_GenerateSTART       0x009667    0xd  Code  Gb  stm8s_i2c.o [1]
I2C_GenerateSTOP        0x009674    0xd  Code  Gb  stm8s_i2c.o [1]
I2C_GetFlagStatus       0x0093b9   0x2f  Code  Gb  stm8s_i2c.o [1]
I2C_Init                0x008fcf   0xed  Code  Gb  stm8s_i2c.o [1]
I2C_ReceiveData         0x0097d3    0x4  Code  Gb  stm8s_i2c.o [1]
I2C_Send7bitAddress     0x009781    0x8  Code  Gb  stm8s_i2c.o [1]
I2C_SendData            0x0097d7    0x4  Code  Gb  stm8s_i2c.o [1]
INTVEC$$Base            0x008000          --   Gb  - Linker created -
INTVEC$$Limit           0x008080          --   Gb  - Linker created -
IRQ_Handled_ADC1        0x0090bc   0x9e  Code  Gb  main.o [1]
IRQ_Handled_ADC1::ADC_Value
                        0x00003c    0x2  Data  Lc  main.o [1]
Init_GPIO               0x00850c   0x38  Code  Gb  main.o [1]
Init_Timers             0x0084da   0x32  Code  Gb  main.o [1]
LCD_Clear               0x008438    0x6  Code  Gb  main.o [1]
LCD_Data                0x0080d6    0xa  Code  Gb  main.o [1]
LCD_Init                0x008444   0x3c  Code  Gb  main.o [1]
LCD_SendChar            0x008100    0x6  Code  Gb  main.o [1]
LCD_SetPos              0x00841b   0x1d  Code  Gb  main.o [1]
LCD_String              0x0083db   0x25  Code  Gb  main.o [1]
LCD_WriteCmd            0x008410    0xb  Code  Gb  main.o [1]
LCD_WriteData           0x008081   0x55  Code  Gb  main.o [1]
MenuTimer               0x00003a    0x2  Data  Lc  main.o [1]
Menu_State              0x00003e    0x1  Data  Gb  main.o [1]
Region$$Table$$Base     0x009483          --   Gb  - Linker created -
Region$$Table$$Limit    0x00948b          --   Gb  - Linker created -
SetTimeDate             0x0081d4   0x51  Code  Gb  main.o [1]
TIM2_OC1Init            0x009462   0x21  Code  Gb  stm8s_tim2.o [1]
TIM2_OC1PreloadConfig   0x009681    0xd  Code  Gb  stm8s_tim2.o [1]
TIM2_TimeBaseInit       0x0097ac    0x7  Code  Gb  stm8s_tim2.o [1]
TIM4_ClearFlag          0x0097b8    0x5  Code  Gb  stm8s_tim4.o [1]
TIM4_ClearITPendingBit  0x0097bd    0x5  Code  Gb  stm8s_tim4.o [1]
TIM4_Cmd                0x00968e    0xd  Code  Gb  stm8s_tim4.o [1]
TIM4_ITConfig           0x00954d   0x18  Code  Gb  stm8s_tim4.o [1]
TIM4_TimeBaseInit       0x009760    0x9  Code  Gb  stm8s_tim4.o [1]
TIM4_UPD_OVF_IRQHandler
                        0x009264   0x48  Code  Gb  main.o [1]
Time                    0x000035    0x3  Data  Gb  main.o [1]
Time_Setting            0x00003f    0x1  Data  Gb  main.o [1]
TimingDelay             0x000031    0x4  Data  Lc  main.o [1]
__DebugBreak            0x0097ea    0x1  Code  Gb  __dbg_break.o [3]
__exit                  0x009579   0x14  Code  Gb  __dbg_xxexit.o [3]
__iar_data_init2        0x009565   0x14  Code  Gb  init.o [4]
__iar_program_start     0x0095a0         Code  Gb  cstartup.o [4]
__iar_unhandled_exception
                        0x0097e7         Code  Gb  unhandled_exception.o [4]
__iar_zero_init2        0x0094c8         Code  Gb  init_small.o [4]
__intvec                0x008000         Data  Gb  interrupt.o [4]
__low_level_init        0x0097e1    0x3  Code  Gb  low_level_init.o [4]
_exit                   0x0097c2         Code  Gb  cexit.o [4]
_interrupt_24           0x0090bc         Code  Gb  main.o [1]
_interrupt_25           0x009264         Code  Gb  main.o [1]
_interrupt_8            0x009535         Code  Gb  main.o [1]
delay                   0x008080    0x1  Code  Gb  main.o [1]
exit                    0x0097e4    0x3  Code  Gb  exit.o [4]
i2c_mem_read_arr        0x008246  0x11f  Code  Gb  main.o [1]
i2c_mem_write_arr       0x008106   0xa3  Code  Gb  main.o [1]
main                    0x00854f  0x7b3  Code  Gb  main.o [1]
memcmp                  0x009389   0x30  Code  Gb  memcmp.o [4]
memcpy                  0x00948b   0x1f  Code  Gb  memcpy.o [4]
old_data                0x000017    0x7  Data  Lc  main.o [1]
receive_data            0x000010    0x7  Data  Lc  main.o [1]
transmit_data           0x00001e    0x7  Data  Lc  main.o [1]


[1] = F:\Program Files\Development\Projects\stm8s\Alarm\Debug\Obj
[2] = command line
[3] = dbgstm8smd.a
[4] = dlstm8smn.a

  5 750 bytes of readonly  code memory
    373 bytes of readonly  data memory
    322 bytes of readwrite data memory

Errors: none
Warnings: none
